05-12 01:07:09.042  1000  1406  1406 D SystemServerTiming: OnBootPhase_550_com.android.server.ConnectivityServiceInitializer
05-12 01:07:09.042  1000  1406  1406 D SystemServerTiming: OnBootPhase_550_com.android.server.notification.NotificationManagerService
05-12 01:07:09.042  1000  1406  1406 D SystemServerTiming: OnBootPhase_550_com.android.server.storage.DeviceStorageMonitorService
05-12 01:07:09.042  1000  1406  1406 D SystemServerTiming: OnBootPhase_550_com.android.server.location.LocationManagerService$Lifecycle
05-12 01:07:09.042  1000  1406  1406 D SystemServerTiming: OnBootPhase_550_com.android.server.timedetector.TimeDetectorService$Lifecycle
05-12 01:07:09.042  1000  1406  1406 D SystemServerTiming: OnBootPhase_550_com.android.server.timezonedetector.TimeZoneDetectorService$Lifecycle
05-12 01:07:09.042  1000  1406  1406 D SystemServerTiming: OnBootPhase_550_com.android.server.timezonedetector.location.LocationTimeZoneManagerService$Lifecycle
05-12 01:07:09.042  1000  1406  1406 D SystemServerTiming: OnBootPhase_550_com.android.server.search.SearchManagerService$Lifecycle
05-12 01:07:09.042  1000  1406  1406 D SystemServerTiming: OnBootPhase_550_com.android.server.wallpaper.WallpaperManagerService$Lifecycle
05-12 01:07:09.043  1000  1406  1406 I WallpaperManagerService: No static wallpaper imagery; defaults will be shown
05-12 01:07:09.043  1000  1406  1406 V WallpaperManagerService: bindWallpaperComponentLocked: componentName=ComponentInfo{com.android.systemui/com.android.systemui.wallpapers.ImageWallpaper}
05-12 01:07:09.043  1000  1406  1406 D WallpaperManagerService: WPMS.bindWallpaperComponentLocked-ComponentInfo{com.android.systemui/com.android.systemui.wallpapers.ImageWallpaper}
05-12 01:07:09.044  1000  1406  1406 D CompatibilityChangeReporter: Compat change id reported: 135634846; UID 10225; state: DISABLED
05-12 01:07:09.044  1000  1406  1406 D CompatibilityChangeReporter: Compat change id reported: 177438394; UID 10225; state: DISABLED
05-12 01:07:09.044  1000  1406  1406 D CompatibilityChangeReporter: Compat change id reported: 135772972; UID 10225; state: DISABLED
05-12 01:07:09.044  1000  1406  1406 D CompatibilityChangeReporter: Compat change id reported: 135754954; UID 10225; state: ENABLED
05-12 01:07:09.045  1000  1406  1473 D CompatibilityChangeReporter: Compat change id reported: 143937733; UID 10225; state: ENABLED
05-12 01:07:09.046  1000  1406  1406 D WallpaperManagerService: WPMS.generateCrop
05-12 01:07:09.046  1000  1406  1406 W WallpaperManagerService: Invalid wallpaper data
05-12 01:07:09.046  1000  1406  1406 E WallpaperManagerService: Unable to apply new wallpaper
05-12 01:07:09.046  1000  1406  1406 D SystemServerTiming: OnBootPhase_550_com.android.server.wallpapereffectsgeneration.WallpaperEffectsGenerationManagerService
05-12 01:07:09.046  1000  1406  1406 D SystemServerTiming: OnBootPhase_550_com.android.server.audio.AudioService$Lifecycle
05-12 01:07:09.047  1000  1406  1406 D SystemServerTiming: OnBootPhase_550_com.android.server.soundtrigger_middleware.SoundTriggerMiddlewareService$Lifecycle
05-12 01:07:09.047  1000  1406  1406 D SystemServerTiming: OnBootPhase_550_com.android.server.DockObserver
05-12 01:07:09.047  1000  1406  1406 D SystemServerTiming: OnBootPhase_550_com.android.server.midi.MidiService$Lifecycle
05-12 01:07:09.047  1000  1406  1406 D SystemServerTiming: OnBootPhase_550_com.android.server.adb.AdbService$Lifecycle
05-12 01:07:09.047  1000  1406  1406 D SystemServerTiming: OnBootPhase_550_com.android.server.usb.UsbService$Lifecycle
05-12 01:07:09.047  1000  1406  1406 D SystemServerTiming: OnBootPhase_550_com.android.server.twilight.TwilightService
05-12 01:07:09.047  1000  1406  1574 D SystemServerTimingAsync: InitThreadPoolExec:UsbService$Lifecycle#onBootPhase
05-12 01:07:09.047  1000  1406  1406 D SystemServerTiming: OnBootPhase_550_com.android.server.display.color.ColorDisplayService
05-12 01:07:09.047  1000  1406  1406 D SystemServerTiming: OnBootPhase_550_com.android.server.job.JobSchedulerService
05-12 01:07:09.047  1000  1406  1406 D SystemServerTiming: OnBootPhase_550_com.android.server.soundtrigger.SoundTriggerService
05-12 01:07:09.047  1000  1406  1406 D SoundTriggerService: onBootPhase: 550 : false
05-12 01:07:09.047  1000  1406  1406 D SystemServerTiming: OnBootPhase_550_com.android.server.trust.TrustManagerService
05-12 01:07:09.047  1000  1406  1406 D SystemServerTiming: OnBootPhase_550_com.android.server.backup.BackupManagerService$Lifecycle
05-12 01:07:09.047  1000  1406  1406 D SystemServerTiming: OnBootPhase_550_com.android.server.appwidget.AppWidgetService
05-12 01:07:09.047  1000  1406  1406 D SystemServerTiming: OnBootPhase_550_com.android.server.voiceinteraction.VoiceInteractionManagerService
05-12 01:07:09.047  1000  1406  1406 D SystemServerTiming: OnBootPhase_550_com.android.server.apphibernation.AppHibernationService
05-12 01:07:09.047  1000  1406  1406 D SystemServerTiming: OnBootPhase_550_com.android.server.GestureLauncherService
05-12 01:07:09.047  1000  1406  1406 D SystemServerTiming: OnBootPhase_550_com.android.server.SensorNotificationService
05-12 01:07:09.047  1000  1406  1406 D SystemServerTiming: OnBootPhase_550_com.android.server.ContextHubSystemService
05-12 01:07:09.047  1000  1406  1406 D SystemServerTiming: OnBootPhase_550_com.android.server.emergency.EmergencyAffordanceService
05-12 01:07:09.047  1000  1406  1406 D SystemServerTiming: OnBootPhase_550_com.android.server.blob.BlobStoreManagerService
05-12 01:07:09.048  1000  1406  1406 D SystemServerTiming: OnBootPhase_550_com.android.server.dreams.DreamManagerService
05-12 01:07:09.048  1000  1406  1406 D SystemServerTiming: OnBootPhase_550_com.android.server.print.PrintManagerService
05-12 01:07:09.048  1000  1406  1406 D SystemServerTiming: OnBootPhase_550_com.android.server.security.AttestationVerificationManagerService
05-12 01:07:09.048  1000  1406  1406 D SystemServerTiming: OnBootPhase_550_com.android.server.companion.CompanionDeviceManagerService
05-12 01:07:09.048  1000  1406  1406 D SystemServerTiming: OnBootPhase_550_com.android.server.companion.virtual.VirtualDeviceManagerService
05-12 01:07:09.048  1000  1406  1406 D SystemServerTiming: OnBootPhase_550_com.android.server.restrictions.RestrictionsManagerService
05-12 01:07:09.048  1000  1406  1406 D SystemServerTiming: OnBootPhase_550_com.android.server.media.MediaSessionService
05-12 01:07:09.048  1000  1406  1406 D SystemServerTiming: OnBootPhase_550_com.android.server.media.MediaResourceMonitorService
05-12 01:07:09.048  1000  1406  1406 D SystemServerTiming: OnBootPhase_550_com.android.server.biometrics.sensors.fingerprint.FingerprintService
05-12 01:07:09.048  1000  1406  1406 D SystemServerTiming: OnBootPhase_550_com.android.server.biometrics.BiometricService
05-12 01:07:09.048  1000  1406  1406 D SystemServerTiming: OnBootPhase_550_com.android.server.biometrics.AuthService
05-12 01:07:09.048  1000  1406  1406 D SystemServerTiming: OnBootPhase_550_com.android.server.pm.ShortcutService$Lifecycle
05-12 01:07:09.048  1000  1406  1406 D SystemServerTiming: OnBootPhase_550_com.android.server.pm.LauncherAppsService
05-12 01:07:09.048  1000  1406  1406 D SystemServerTiming: OnBootPhase_550_com.android.server.pm.CrossProfileAppsService
05-12 01:07:09.048  1000  1406  1406 D SystemServerTiming: OnBootPhase_550_com.android.server.people.PeopleService
05-12 01:07:09.048  1000  1406  1406 D SystemServerTiming: OnBootPhase_550_com.android.server.media.metrics.MediaMetricsManagerService
05-12 01:07:09.048  1000  1406  1406 D SystemServerTiming: OnBootPhase_550_com.android.server.media.projection.MediaProjectionManagerService
05-12 01:07:09.048  1000  1406  1406 D SystemServerTiming: OnBootPhase_550_com.android.server.slice.SliceManagerService$Lifecycle
05-12 01:07:09.048  1000  1406  1406 D SystemServerTiming: OnBootPhase_550_com.android.server.stats.StatsCompanion$Lifecycle
05-12 01:07:09.048  1000  1406  1406 D SystemServerTiming: OnBootPhase_550_com.android.server.scheduling.RebootReadinessManagerService$Lifecycle
05-12 01:07:09.048  1000  1406  1406 D SystemServerTiming: OnBootPhase_550_com.android.server.stats.pull.StatsPullAtomService
05-12 01:07:09.048  1000  1406  1406 D SystemServerTiming: OnBootPhase_550_com.android.server.stats.bootstrap.StatsBootstrapAtomService$Lifecycle
05-12 01:07:09.048  1000  1406  1406 D SystemServerTiming: OnBootPhase_550_com.android.server.incident.IncidentCompanionService
05-12 01:07:09.048  1000  1406  1406 D SystemServerTiming: OnBootPhase_550_com.android.server.sdksandbox.SdkSandboxManagerService$Lifecycle
05-12 01:07:09.048  1000  1406  1406 D SystemServerTiming: OnBootPhase_550_com.android.server.adservices.AdServicesManagerService$Lifecycle
05-12 01:07:09.048  1000  1406  1406 D SystemServerTiming: OnBootPhase_550_com.android.server.MmsServiceBroker
05-12 01:07:09.048  1000  1406  1406 D SystemServerTiming: OnBootPhase_550_com.android.server.autofill.AutofillManagerService
05-12 01:07:09.048  1000  1406  1406 D SystemServerTiming: OnBootPhase_550_com.android.server.translation.TranslationManagerService
05-12 01:07:09.048  1000  1406  1406 D SystemServerTiming: OnBootPhase_550_com.android.server.clipboard.ClipboardService
05-12 01:07:09.048  1000  1406  1406 D SystemServerTiming: OnBootPhase_550_com.android.server.appbinding.AppBindingService$Lifecycle
05-12 01:07:09.049  1000  1406  1429 I UsbPortManager: AIDL UsbDataStatus:1
05-12 01:07:09.049  1000  1406  1429 I UsbPortManager: ClientCallback AIDL V1: port0
05-12 01:07:09.049  1000  1406  1429 I UsbPortManager: all: opID:1 successful
05-12 01:07:09.049  1000  1406  1406 I AppBindingService: Updating constants with: null
05-12 01:07:09.049  1000  1406  1406 D SystemServerTiming: OnBootPhase_550_com.android.server.tracing.TracingServiceProxy
05-12 01:07:09.049  1000  1406  1406 D SystemServerTiming: OnBootPhase_550_com.android.server.policy.PermissionPolicyService
05-12 01:07:09.049  1000  1406  1406 D SystemServerTiming: Permission_grant_default_permissions-0
05-12 01:07:09.049  1000  1406  1456 I UsbPortManager: USB port added: port=UsbPort{id=port0, supportedModes=dualsupportedContaminantProtectionModes=4supportsEnableContaminantPresenceProtection=falsesupportsEnableContaminantPresenceDetection=true, status=UsbPortStatus{connected=true, currentMode=ufp, currentPowerRole=sink, currentDataRole=device, supportedRoleCombinations=[source:host, sink:device], contaminantDetectionStatus=2, contaminantProtectionStatus=0, usbDataStatus=enabled, isPowerTransferLimited=false, powerBrickConnectionStatus=connected}, canChangeMode=true, canChangePowerRole=false, canChangeDataRole=false, connectedAtMillis=8764, lastConnectDurationMillis=0
05-12 01:07:09.049  1000  1406  1406 D SystemServerTiming: Permission_synchronize_permissions-0
05-12 01:07:09.049  1000  1406  1406 D SystemServerTiming: Permission_synchronize_addPackages-0
05-12 01:07:09.051  1000  1406  1473 I ActivityManager: Start proc 1707:com.android.systemui/u0a225 for service {com.android.systemui/com.android.systemui.wallpapers.ImageWallpaper}
05-12 01:07:09.067  1000  1406  1469 D CompatibilityChangeReporter: Compat change id reported: 168419799; UID 10225; state: DISABLED
05-12 01:07:09.067  1000  1406  1469 D CompatibilityChangeReporter: Compat change id reported: 273564678; UID 10225; state: DISABLED
05-12 01:07:09.068  1000  1406  1406 D SystemServerTiming: Permission_syncPackages-0
05-12 01:07:09.076  1000  1406  1406 D SystemServerTiming: Permission_onInitialized-0
05-12 01:07:09.076  1000  1406  1406 I PackageManager: Permission ownership changed. Updating all permissions.
05-12 01:07:09.090  1000  1406  1469 W StorageManagerService: No primary storage defined yet; hacking together a stub
05-12 01:07:09.099 10225  1707  1707 V WindowManagerShell: Adding init callback for DisplayChangeController
05-12 01:07:09.099 10225  1707  1707 V WindowManagerShell: Adding init callback for DisplayController
05-12 01:07:09.099 10225  1707  1707 V WindowManagerShell: Adding init callback for DisplayInsetsController
05-12 01:07:09.099 10225  1707  1707 V WindowManagerShell: Adding init callback for DisplayImeController
05-12 01:07:09.100 10225  1707  1707 V WindowManagerShell: Adding init callback for ShellController
05-12 01:07:09.101 10225  1707  1707 V WindowManagerShell: Adding init callback for DragAndDropController
05-12 01:07:09.107 10225  1707  1707 V WindowManagerShell: Adding init callback for CompatUIController
05-12 01:07:09.109 10225  1707  1707 V WindowManagerShell: Adding init callback for RecentTasksController
05-12 01:07:09.109  1000  1406  1406 W SystemServiceManager: Service com.android.server.policy.PermissionPolicyService took 60 ms in onBootPhase
05-12 01:07:09.109  1000  1406  1406 D SystemServerTiming: OnBootPhase_550_com.android.server.pm.StagingManager$Lifecycle
05-12 01:07:09.109  1000  1406  1406 D SystemServerTiming: OnBootPhase_550_com.android.server.app.GameManagerService$Lifecycle
05-12 01:07:09.109  1000  1406  1406 D SystemServerTiming: OnBootPhase_550_com.android.server.uwb.UwbService
05-12 01:07:09.109  1000  1406  1406 D SystemServerTiming: OnBootPhase_550_com.android.safetycenter.SafetyCenterService
05-12 01:07:09.109  1000  1406  1406 D SystemServerTiming: OnBootPhase_550_com.android.server.appsearch.AppSearchModule$Lifecycle
05-12 01:07:09.109  1000  1406  1406 D SystemServerTiming: OnBootPhase_550_com.android.server.compos.IsolatedCompilationService
05-12 01:07:09.109  1000  1406  1406 D SystemServerTiming: OnBootPhase_550_com.android.server.media.MediaCommunicationService
05-12 01:07:09.109  1000  1406  1406 D SystemServerTiming: OnBootPhase_550_com.android.server.compat.overrides.AppCompatOverridesService$Lifecycle
05-12 01:07:09.109  1000  1406  1406 D SystemServerTiming: StartObservingNativeCrashes
05-12 01:07:09.109  1000  1406  1406 D SystemServerTiming: RegisterAppOpsPolicy
05-12 01:07:09.110 10225  1707  1707 V WindowManagerShell: Adding init callback for ShellTaskOrganizer
05-12 01:07:09.110  1000  1406  1406 D SystemServerTiming: MakeNetworkManagementServiceReady
05-12 01:07:09.110  1000  1406  1531 D SystemServerTimingAsync: InitThreadPoolExec:WebViewFactoryPreparation
05-12 01:07:09.110  1000  1406  1531 I SystemServer: WebViewFactoryPreparation
05-12 01:07:09.110  1000  1406  1531 D SystemServerTimingAsync: WebViewFactoryPreparation
05-12 01:07:09.111  1000  1406  1406 D SystemServerTiming: MakeConnectivityServiceReady
05-12 01:07:09.112  1000  1406  1531 E AppOps  : Bad call made by uid 1000. Package "android" does not belong to uid 1037.
05-12 01:07:09.112  1000  1406  1531 E AppOps  : checkOperation
05-12 01:07:09.112  1000  1406  1531 E AppOps  : java.lang.SecurityException: Specified package "android" under uid 1037 but it is not
05-12 01:07:09.112  1000  1406  1531 E AppOps  : 	at com.android.server.appop.AppOpsService.verifyAndGetBypass(AppOpsService.java:4692)
05-12 01:07:09.112  1000  1406  1531 E AppOps  : 	at com.android.server.appop.AppOpsService.verifyAndGetBypass(AppOpsService.java:4560)
05-12 01:07:09.112  1000  1406  1531 E AppOps  : 	at com.android.server.appop.AppOpsService.checkOperationUnchecked(AppOpsService.java:3253)
05-12 01:07:09.112  1000  1406  1531 E AppOps  : 	at com.android.server.appop.AppOpsService.checkOperationImpl(AppOpsService.java:3236)
05-12 01:07:09.112  1000  1406  1531 E AppOps  : 	at com.android.server.appop.AppOpsService.-$$Nest$mcheckOperationImpl(Unknown Source:0)
05-12 01:07:09.112  1000  1406  1531 E AppOps  : 	at com.android.server.appop.AppOpsService$CheckOpsDelegateDispatcher.lambda$checkOperation$0(AppOpsService.java:7592)
05-12 01:07:09.112  1000  1406  1531 E AppOps  : 	at com.android.server.appop.AppOpsService$CheckOpsDelegateDispatcher.$r8$lambda$KrwrxMLmGzFSEjEyo0aJ63o5J9E(Unknown Source:0)
05-12 01:07:09.112  1000  1406  1531 E AppOps  : 	at com.android.server.appop.AppOpsService$CheckOpsDelegateDispatcher$$ExternalSyntheticLambda9.apply(Unknown Source:24)
05-12 01:07:09.112  1000  1406  1531 E AppOps  : 	at com.android.server.policy.AppOpsPolicy.checkOperation(AppOpsPolicy.java:211)
05-12 01:07:09.112  1000  1406  1531 E AppOps  : 	at com.android.server.appop.AppOpsService$CheckOpsDelegateDispatcher.checkOperation(AppOpsService.java:7591)
05-12 01:07:09.112  1000  1406  1531 E AppOps  : 	at com.android.server.appop.AppOpsService.checkOperation(AppOpsService.java:3223)
05-12 01:07:09.112  1000  1406  1531 E AppOps  : 	at com.android.server.StorageManagerService$StorageManagerInternalImpl.hasExternalStorageAccess(StorageManagerService.java:4840)
05-12 01:07:09.112  1000  1406  1531 E AppOps  : 	at com.android.server.am.ProcessList.startProcessLocked(ProcessList.java:1690)
05-12 01:07:09.112  1000  1406  1531 E AppOps  : 	at com.android.server.am.ProcessList.startProcessLocked(ProcessList.java:2368)
05-12 01:07:09.112  1000  1406  1531 E AppOps  : 	at com.android.server.am.ProcessList.startProcessLocked(ProcessList.java:2508)
05-12 01:07:09.112  1000  1406  1531 E AppOps  : 	at com.android.server.am.ActivityManagerService.startIsolatedProcess(ActivityManagerService.java:2802)
05-12 01:07:09.112  1000  1406  1531 E AppOps  : 	at com.android.server.am.ActivityManagerService$LocalService.startIsolatedProcess(ActivityManagerService.java:16495)
05-12 01:07:09.112  1000  1406  1531 E AppOps  : 	at android.webkit.WebViewLibraryLoader.createRelroFile(WebViewLibraryLoader.java:126)
05-12 01:07:09.112  1000  1406  1531 E AppOps  : 	at android.webkit.WebViewLibraryLoader.createRelros(WebViewLibraryLoader.java:164)
05-12 01:07:09.112  1000  1406  1531 E AppOps  : 	at android.webkit.WebViewLibraryLoader.prepareNativeLibraries(WebViewLibraryLoader.java:152)
05-12 01:07:09.112  1000  1406  1531 E AppOps  : 	at android.webkit.WebViewFactory.onWebViewProviderChanged(WebViewFactory.java:555)
05-12 01:07:09.112  1000  1406  1531 E AppOps  : 	at com.android.server.webkit.SystemImpl.onWebViewProviderChanged(SystemImpl.java:174)
05-12 01:07:09.112  1000  1406  1531 E AppOps  : 	at com.android.server.webkit.WebViewUpdateServiceImpl.onWebViewProviderChanged(WebViewUpdateServiceImpl.java:351)
05-12 01:07:09.112  1000  1406  1531 E AppOps  : 	at com.android.server.webkit.WebViewUpdateServiceImpl.prepareWebViewInSystemServer(WebViewUpdateServiceImpl.java:182)
05-12 01:07:09.112  1000  1406  1531 E AppOps  : 	at com.android.server.webkit.WebViewUpdateService.prepareWebViewInSystemServer(WebViewUpdateService.java:129)
05-12 01:07:09.112  1000  1406  1531 E AppOps  : 	at com.android.server.SystemServer.lambda$startOtherServices$3(SystemServer.java:2826)
05-12 01:07:09.112  1000  1406  1531 E AppOps  : 	at com.android.server.SystemServer.$r8$lambda$nG7XwJlwV2eNiP3C-iTim-mbKmM(Unknown Source:0)
05-12 01:07:09.112  1000  1406  1531 E AppOps  : 	at com.android.server.SystemServer$$ExternalSyntheticLambda6.run(Unknown Source:2)
05-12 01:07:09.112  1000  1406  1531 E AppOps  : 	at com.android.server.SystemServerInitThreadPool.lambda$submitTask$0(SystemServerInitThreadPool.java:106)
05-12 01:07:09.112  1000  1406  1531 E AppOps  : 	at com.android.server.SystemServerInitThreadPool.$r8$lambda$aGlXt69ihU44Qi7EB_RNeu8pnrY(Unknown Source:0)
05-12 01:07:09.112  1000  1406  1531 E AppOps  : 	at com.android.server.SystemServerInitThreadPool$$ExternalSyntheticLambda0.run(Unknown Source:6)
05-12 01:07:09.112  1000  1406  1531 E AppOps  : 	at java.util.concurrent.Executors$RunnableAdapter.call(Executors.java:463)
05-12 01:07:09.112  1000  1406  1531 E AppOps  : 	at java.util.concurrent.FutureTask.run(FutureTask.java:264)
05-12 01:07:09.112  1000  1406  1531 E AppOps  : 	at java.util.concurrent.ThreadPoolExecutor.runWorker(ThreadPoolExecutor.java:1137)
05-12 01:07:09.112  1000  1406  1531 E AppOps  : 	at java.util.concurrent.ThreadPoolExecutor$Worker.run(ThreadPoolExecutor.java:637)
05-12 01:07:09.112  1000  1406  1531 E AppOps  : 	at com.android.internal.util.ConcurrentUtils$1$1.run(ConcurrentUtils.java:65)
05-12 01:07:09.112  1000  1406  1531 D CompatibilityChangeReporter: Compat change id reported: 135634846; UID 1000; state: DISABLED
05-12 01:07:09.112  1000  1406  1531 D CompatibilityChangeReporter: Compat change id reported: 177438394; UID 1000; state: DISABLED
05-12 01:07:09.112  1000  1406  1531 D CompatibilityChangeReporter: Compat change id reported: 135772972; UID 1000; state: DISABLED
05-12 01:07:09.113  1000  1406  1531 D CompatibilityChangeReporter: Compat change id reported: 178038272; UID 1000; state: DISABLED
05-12 01:07:09.113  1000  1406  1531 E AppOps  : Bad call made by uid 1000. Package "android" does not belong to uid 1037.
05-12 01:07:09.113  1000  1406  1531 E AppOps  : checkOperation
05-12 01:07:09.113  1000  1406  1531 E AppOps  : java.lang.SecurityException: Specified package "android" under uid 1037 but it is not
05-12 01:07:09.113  1000  1406  1531 E AppOps  : 	at com.android.server.appop.AppOpsService.verifyAndGetBypass(AppOpsService.java:4692)
05-12 01:07:09.113  1000  1406  1531 E AppOps  : 	at com.android.server.appop.AppOpsService.verifyAndGetBypass(AppOpsService.java:4560)
05-12 01:07:09.113  1000  1406  1531 E AppOps  : 	at com.android.server.appop.AppOpsService.checkOperationUnchecked(AppOpsService.java:3253)
05-12 01:07:09.113  1000  1406  1531 E AppOps  : 	at com.android.server.appop.AppOpsService.checkOperationImpl(AppOpsService.java:3236)
05-12 01:07:09.113  1000  1406  1531 E AppOps  : 	at com.android.server.appop.AppOpsService.-$$Nest$mcheckOperationImpl(Unknown Source:0)
05-12 01:07:09.113  1000  1406  1531 E AppOps  : 	at com.android.server.appop.AppOpsService$CheckOpsDelegateDispatcher.lambda$checkOperation$0(AppOpsService.java:7592)
05-12 01:07:09.113  1000  1406  1531 E AppOps  : 	at com.android.server.appop.AppOpsService$CheckOpsDelegateDispatcher.$r8$lambda$KrwrxMLmGzFSEjEyo0aJ63o5J9E(Unknown Source:0)
05-12 01:07:09.113  1000  1406  1531 E AppOps  : 	at com.android.server.appop.AppOpsService$CheckOpsDelegateDispatcher$$ExternalSyntheticLambda9.apply(Unknown Source:24)
05-12 01:07:09.113  1000  1406  1531 E AppOps  : 	at com.android.server.policy.AppOpsPolicy.checkOperation(AppOpsPolicy.java:211)
05-12 01:07:09.113  1000  1406  1531 E AppOps  : 	at com.android.server.appop.AppOpsService$CheckOpsDelegateDispatcher.checkOperation(AppOpsService.java:7591)
05-12 01:07:09.113  1000  1406  1531 E AppOps  : 	at com.android.server.appop.AppOpsService.checkOperation(AppOpsService.java:3223)
05-12 01:07:09.113  1000  1406  1531 E AppOps  : 	at com.android.server.StorageManagerService$StorageManagerInternalImpl.hasExternalStorageAccess(StorageManagerService.java:4840)
05-12 01:07:09.113  1000  1406  1531 E AppOps  : 	at com.android.server.am.ProcessList.startProcessLocked(ProcessList.java:1690)
05-12 01:07:09.113  1000  1406  1531 E AppOps  : 	at com.android.server.am.ProcessList.startProcessLocked(ProcessList.java:2368)
05-12 01:07:09.113  1000  1406  1531 E AppOps  : 	at com.android.server.am.ProcessList.startProcessLocked(ProcessList.java:2508)
05-12 01:07:09.113  1000  1406  1531 E AppOps  : 	at com.android.server.am.ActivityManagerService.startIsolatedProcess(ActivityManagerService.java:2802)
05-12 01:07:09.113  1000  1406  1531 E AppOps  : 	at com.android.server.am.ActivityManagerService$LocalService.startIsolatedProcess(ActivityManagerService.java:16495)
05-12 01:07:09.113  1000  1406  1531 E AppOps  : 	at android.webkit.WebViewLibraryLoader.createRelroFile(WebViewLibraryLoader.java:126)
05-12 01:07:09.113  1000  1406  1531 E AppOps  : 	at android.webkit.WebViewLibraryLoader.createRelros(WebViewLibraryLoader.java:170)
05-12 01:07:09.113  1000  1406  1531 E AppOps  : 	at android.webkit.WebViewLibraryLoader.prepareNativeLibraries(WebViewLibraryLoader.java:152)
05-12 01:07:09.113  1000  1406  1531 E AppOps  : 	at android.webkit.WebViewFactory.onWebViewProviderChanged(WebViewFactory.java:555)
05-12 01:07:09.113  1000  1406  1531 E AppOps  : 	at com.android.server.webkit.SystemImpl.onWebViewProviderChanged(SystemImpl.java:174)
05-12 01:07:09.113  1000  1406  1531 E AppOps  : 	at com.android.server.webkit.WebViewUpdateServiceImpl.onWebViewProviderChanged(WebViewUpdateServiceImpl.java:351)
05-12 01:07:09.113  1000  1406  1531 E AppOps  : 	at com.android.server.webkit.WebViewUpdateServiceImpl.prepareWebViewInSystemServer(WebViewUpdateServiceImpl.java:182)
05-12 01:07:09.113  1000  1406  1531 E AppOps  : 	at com.android.server.webkit.WebViewUpdateService.prepareWebViewInSystemServer(WebViewUpdateService.java:129)
05-12 01:07:09.113  1000  1406  1531 E AppOps  : 	at com.android.server.SystemServer.lambda$startOtherServices$3(SystemServer.java:2826)
05-12 01:07:09.113  1000  1406  1531 E AppOps  : 	at com.android.server.SystemServer.$r8$lambda$nG7XwJlwV2eNiP3C-iTim-mbKmM(Unknown Source:0)
05-12 01:07:09.113  1000  1406  1531 E AppOps  : 	at com.android.server.SystemServer$$ExternalSyntheticLambda6.run(Unknown Source:2)
05-12 01:07:09.113  1000  1406  1531 E AppOps  : 	at com.android.server.SystemServerInitThreadPool.lambda$submitTask$0(SystemServerInitThreadPool.java:106)
05-12 01:07:09.113  1000  1406  1531 E AppOps  : 	at com.android.server.SystemServerInitThreadPool.$r8$lambda$aGlXt69ihU44Qi7EB_RNeu8pnrY(Unknown Source:0)
05-12 01:07:09.113  1000  1406  1531 E AppOps  : 	at com.android.server.SystemServerInitThreadPool$$ExternalSyntheticLambda0.run(Unknown Source:6)
05-12 01:07:09.113  1000  1406  1531 E AppOps  : 	at java.util.concurrent.Executors$RunnableAdapter.call(Executors.java:463)
05-12 01:07:09.113  1000  1406  1531 E AppOps  : 	at java.util.concurrent.FutureTask.run(FutureTask.java:264)
05-12 01:07:09.113  1000  1406  1531 E AppOps  : 	at java.util.concurrent.ThreadPoolExecutor.runWorker(ThreadPoolExecutor.java:1137)
05-12 01:07:09.113  1000  1406  1531 E AppOps  : 	at java.util.concurrent.ThreadPoolExecutor$Worker.run(ThreadPoolExecutor.java:637)
05-12 01:07:09.113  1000  1406  1531 E AppOps  : 	at com.android.internal.util.ConcurrentUtils$1$1.run(ConcurrentUtils.java:65)
05-12 01:07:09.114  1000  1406  1615 W NetworkPolicy: setRestrictBackgroundUL: already false
05-12 01:07:09.118 10225  1707  1707 V WindowManagerShell: Adding init callback for OneHandedController
05-12 01:07:09.121 10225  1707  1707 V WindowManagerShell: Adding init callback for DefaultTransitionHandler
05-12 01:07:09.121 10225  1707  1707 V WindowManagerShell: addHandler: Default
05-12 01:07:09.121 10225  1707  1707 V WindowManagerShell: addHandler: Remote
05-12 01:07:09.121 10225  1707  1707 V WindowManagerShell: Adding init callback for Transitions
05-12 01:07:09.123 10225  1707  1707 V WindowManagerShell: Adding init callback for BubbleController
05-12 01:07:09.126 10225  1707  1707 V WindowManagerShell: Adding init callback for SplitScreenController
05-12 01:07:09.127  1000  1406  1469 D CompatibilityChangeReporter: Compat change id reported: 161145287; UID 10225; state: DISABLED
05-12 01:07:09.130 10225  1707  1707 V WindowManagerShell: Adding init callback for PipTouchHandler
05-12 01:07:09.130 10225  1707  1707 V WindowManagerShell: Adding init callback for DevicePostureController
05-12 01:07:09.130 10225  1707  1707 V WindowManagerShell: Adding init callback for TabletopModeController
05-12 01:07:09.131 10225  1707  1707 V WindowManagerShell: Adding init callback for PipController
05-12 01:07:09.131 10225  1707  1707 V WindowManagerShell: Adding init callback for FullscreenTaskListener
05-12 01:07:09.132  1000  1406  1406 D SystemServerTiming: MakeVpnManagerServiceReady
05-12 01:07:09.132 10225  1707  1707 V WindowManagerShell: Adding init callback for HideDisplayCutoutController
05-12 01:07:09.134 10225  1707  1707 V WindowManagerShell: Adding init callback for StartingWindowController
05-12 01:07:09.134 10225  1707  1707 V WindowManagerShell: Adding init callback for ProtoLogController
05-12 01:07:09.135 10225  1707  1707 V WindowManagerShell: Adding init callback for KidsModeTaskOrganizer
05-12 01:07:09.135  1000  1406  1406 D SystemServerTiming: MakeVcnManagementServiceReady
05-12 01:07:09.137  1000  1406  1406 D SystemServerTiming: MakeNetworkPolicyServiceReady
05-12 01:07:09.137 10225  1707  1707 V WindowManagerShell: Adding init callback for BackAnimationController
05-12 01:07:09.137  1000  1406  1406 D SystemServerTiming: PhaseThirdPartyAppsCanStart
05-12 01:07:09.137  1000  1406  1406 I SystemServiceManager: Starting phase 600
05-12 01:07:09.137  1000  1406  1406 D SystemServerTiming: OnBootPhase_600
05-12 01:07:09.137  1000  1406  1406 D SystemServerTiming: OnBootPhase_600_com.android.server.security.FileIntegrityService
05-12 01:07:09.137  1000  1406  1406 D SystemServerTiming: OnBootPhase_600_com.android.server.pm.Installer
05-12 01:07:09.137  1000  1406  1406 D SystemServerTiming: OnBootPhase_600_com.android.server.os.DeviceIdentifiersPolicyService
05-12 01:07:09.137  1000  1406  1406 D SystemServerTiming: OnBootPhase_600_com.android.server.uri.UriGrantsManagerService$Lifecycle
05-12 01:07:09.137  1000  1406  1406 D SystemServerTiming: OnBootPhase_600_com.android.server.powerstats.PowerStatsService
05-12 01:07:09.137  1000  1406  1406 D SystemServerTiming: OnBootPhase_600_com.android.server.wm.ActivityTaskManagerService$Lifecycle
05-12 01:07:09.137  1000  1406  1406 D SystemServerTiming: OnBootPhase_600_com.android.server.am.ActivityManagerService$Lifecycle
05-12 01:07:09.137  1000  1406  1633 I VcnManagementService: new snapshot: TelephonySubscriptionSnapshot{ mActiveDataSubId=-1, mSubIdToInfoMap={}, mSubIdToCarrierConfigMap={}, mPrivilegedPackages={} }
05-12 01:07:09.137  1000  1406  1406 I ExplicitHealthCheckController: Explicit health checks enabled.
05-12 01:07:09.137  1000  1406  1406 I PackageWatchdog: Syncing state, reason: health check state enabled
05-12 01:07:09.137  1000  1406  1406 I PackageWatchdog: Not pruning observers, elapsed time: 0ms
05-12 01:07:09.137 10225  1707  1731 V WindowManagerShell: Initializing Shell Components: 24
05-12 01:07:09.137  1000  1406  1406 I PackageWatchdog: Cancelling state sync, nothing to sync
05-12 01:07:09.137  1000  1406  1406 D SystemServerTiming: OnBootPhase_600_com.android.server.pm.DataLoaderManagerService
05-12 01:07:09.137  1000  1406  1406 D SystemServerTiming: OnBootPhase_600_com.android.server.power.PowerManagerService
05-12 01:07:09.137  1000  1406  1470 I PackageWatchdog: Saving observer state to file
05-12 01:07:09.137  1000  1406  1406 D SystemServerTiming: OnBootPhase_600_com.android.server.power.ThermalManagerService
05-12 01:07:09.137  1000  1406  1406 D SystemServerTiming: OnBootPhase_600_com.android.server.power.hint.HintManagerService
05-12 01:07:09.137  1000  1406  1406 D SystemServerTiming: OnBootPhase_600_com.android.server.recoverysystem.RecoverySystemService$Lifecycle
05-12 01:07:09.137  1000  1406  1406 D SystemServerTiming: OnBootPhase_600_com.android.server.lights.LightsService
05-12 01:07:09.137  1000  1406  1406 D SystemServerTiming: OnBootPhase_600_com.android.server.display.DisplayManagerService
05-12 01:07:09.137  1000  1406  1406 D SystemServerTiming: OnBootPhase_600_com.android.server.pm.verify.domain.DomainVerificationService
05-12 01:07:09.137  1000  1406  1406 D SystemServerTiming: OnBootPhase_600_com.android.server.pm.PackageInstallerService$Lifecycle
05-12 01:07:09.137  1000  1406  1406 D SystemServerTiming: OnBootPhase_600_com.android.server.pm.UserManagerService$LifeCycle
05-12 01:07:09.137  1000  1406  1406 D SystemServerTiming: OnBootPhase_600_com.android.server.om.OverlayManagerService
05-12 01:07:09.137  1000  1406  1406 D SystemServerTiming: OnBootPhase_600_com.android.server.resources.ResourcesManagerService
05-12 01:07:09.137  1000  1406  1406 D SystemServerTiming: OnBootPhase_600_com.android.server.sensorprivacy.SensorPrivacyService
05-12 01:07:09.137  1000  1406  1406 D SystemServerTiming: OnBootPhase_600_com.android.server.sensors.SensorService
05-12 01:07:09.137  1000  1406  1406 D SystemServerTiming: OnBootPhase_600_com.android.server.SystemConfigService
05-12 01:07:09.137  1000  1406  1406 D SystemServerTiming: OnBootPhase_600_com.android.server.BatteryService
05-12 01:07:09.137  1000  1406  1406 D SystemServerTiming: OnBootPhase_600_com.android.server.usage.UsageStatsService
05-12 01:07:09.137  1000  1406  1406 D SystemServerTiming: OnBootPhase_600_com.android.server.webkit.WebViewUpdateService
05-12 01:07:09.137  1000  1406  1406 D SystemServerTiming: OnBootPhase_600_com.android.server.CachedDeviceStateService
05-12 01:07:09.137  1000  1406  1406 D SystemServerTiming: OnBootPhase_600_com.android.server.BinderCallsStatsService$LifeCycle
05-12 01:07:09.137  1000  1406  1406 D SystemServerTiming: OnBootPhase_600_com.android.server.LooperStatsService$Lifecycle
05-12 01:07:09.137  1000  1406  1406 D SystemServerTiming: OnBootPhase_600_com.android.server.rollback.RollbackManagerService
05-12 01:07:09.137  1000  1406  1406 D SystemServerTiming: OnBootPhase_600_com.android.server.os.NativeTombstoneManagerService
05-12 01:07:09.137  1000  1406  1406 D SystemServerTiming: OnBootPhase_600_com.android.server.os.BugreportManagerService
05-12 01:07:09.137  1000  1406  1406 D SystemServerTiming: OnBootPhase_600_com.android.server.gpu.GpuService
05-12 01:07:09.137  1000  1406  1406 D SystemServerTiming: OnBootPhase_600_com.android.server.security.KeyChainSystemService
05-12 01:07:09.137  1000  1406  1406 D SystemServerTiming: OnBootPhase_600_com.android.server.BinaryTransparencyService
05-12 01:07:09.137  1000  1406  1406 D SystemServerTiming: OnBootPhase_600_com.android.server.telecom.TelecomLoaderService
05-12 01:07:09.138  1000  1406  1406 D SystemServerTiming: OnBootPhase_600_com.android.server.accounts.AccountManagerService$Lifecycle
05-12 01:07:09.138  1000  1406  1406 D SystemServerTiming: OnBootPhase_600_com.android.server.content.ContentService$Lifecycle
05-12 01:07:09.138  1000  1406  1406 D SystemServerTiming: OnBootPhase_600_com.android.server.DropBoxManagerService
05-12 01:07:09.138  1000  1406  1406 D SystemServerTiming: OnBootPhase_600_com.android.role.RoleService
05-12 01:07:09.138  1000  1406  1406 D SystemServerTiming: OnBootPhase_600_com.android.server.vibrator.VibratorManagerService$Lifecycle
05-12 01:07:09.138  1000  1406  1406 D SystemServerTiming: OnBootPhase_600_com.android.server.tare.InternalResourceService
05-12 01:07:09.138  1000  1406  1406 D SystemServerTiming: OnBootPhase_600_com.android.server.alarm.AlarmManagerService
05-12 01:07:09.138  1000  1406  1406 D SystemServerTiming: OnBootPhase_600_com.android.server.devicestate.DeviceStateManagerService
05-12 01:07:09.138  1000  1406  1406 D SystemServerTiming: OnBootPhase_600_com.android.server.camera.CameraServiceProxy
05-12 01:07:09.138  1000  1406  1406 D SystemServerTiming: OnBootPhase_600_com.android.server.bluetooth.BluetoothService
05-12 01:07:09.138  1000  1406  1406 D SystemServerTiming: OnBootPhase_600_com.android.server.connectivity.IpConnectivityMetrics
05-12 01:07:09.138  1000  1406  1406 D SystemServerTiming: OnBootPhase_600_com.android.server.net.watchlist.NetworkWatchlistService$Lifecycle
05-12 01:07:09.138  1000  1406  1406 D SystemServerTiming: OnBootPhase_600_com.android.server.PinnerService
05-12 01:07:09.138  1000  1406  1406 D SystemServerTiming: OnBootPhase_600_com.android.server.integrity.AppIntegrityManagerService
05-12 01:07:09.138  1000  1406  1406 D SystemServerTiming: OnBootPhase_600_com.android.server.logcat.LogcatManagerService
05-12 01:07:09.138  1000  1406  1406 D SystemServerTiming: OnBootPhase_600_com.android.server.inputmethod.InputMethodManagerService$Lifecycle
05-12 01:07:09.138  1000  1406  1406 D SystemServerTiming: OnBootPhase_600_com.android.server.accessibility.AccessibilityManagerService$Lifecycle
05-12 01:07:09.138 10225  1707  1731 V WindowManagerShell: 	DisplayChangeController init took 1ms
05-12 01:07:09.138  1000  1406  1406 D SystemServerTiming: OnBootPhase_600_com.android.server.StorageManagerService$Lifecycle
05-12 01:07:09.138  1000  1406  1406 D SystemServerTiming: OnBootPhase_600_com.android.server.usage.StorageStatsService$Lifecycle
05-12 01:07:09.138  1000  1406  1406 D SystemServerTiming: OnBootPhase_600_com.android.server.UiModeManagerService
05-12 01:07:09.138  1000  1406  1406 D SystemServerTiming: OnBootPhase_600_com.android.server.locales.LocaleManagerService
05-12 01:07:09.138  1000  1406  1406 D SystemServerTiming: OnBootPhase_600_com.android.server.locksettings.LockSettingsService$Lifecycle
05-12 01:07:09.138  1000  1406  1406 D SystemServerTiming: OnBootPhase_600_com.android.server.PersistentDataBlockService
05-12 01:07:09.138  1000  1406  1406 D SystemServerTiming: OnBootPhase_600_com.android.server.testharness.TestHarnessModeService
05-12 01:07:09.138  1000  1406  1406 D SystemServerTiming: OnBootPhase_600_com.android.server.oemlock.OemLockService
05-12 01:07:09.138  1000  1406  1406 D SystemServerTiming: OnBootPhase_600_com.android.server.DeviceIdleController
05-12 01:07:09.138  1000  1406  1406 D SystemServerTiming: OnBootPhase_600_com.android.server.devicepolicy.DevicePolicyManagerService$Lifecycle
05-12 01:07:09.138  1000  1406  1406 D SystemServerTiming: OnBootPhase_600_com.android.server.musicrecognition.MusicRecognitionManagerService
05-12 01:07:09.138  1000  1406  1406 D SystemServerTiming: OnBootPhase_600_com.android.server.contentcapture.ContentCaptureManagerService
05-12 01:07:09.138  1000  1406  1406 D SystemServerTiming: OnBootPhase_600_com.android.server.attention.AttentionManagerService
05-12 01:07:09.138  1000  1406  1406 D SystemServerTiming: OnBootPhase_600_com.android.server.rotationresolver.RotationResolverManagerService
05-12 01:07:09.138  1000  1406  1406 D SystemServerTiming: OnBootPhase_600_com.android.server.systemcaptions.SystemCaptionsManagerService
05-12 01:07:09.138  1000  1406  1406 D SystemServerTiming: OnBootPhase_600_com.android.server.texttospeech.TextToSpeechManagerService
05-12 01:07:09.138  1000  1406  1406 D SystemServerTiming: OnBootPhase_600_com.android.server.ambientcontext.AmbientContextManagerService
05-12 01:07:09.138  1000  1406  1406 D SystemServerTiming: OnBootPhase_600_com.android.server.speech.SpeechRecognitionManagerService
05-12 01:07:09.138  1000  1406  1406 D SystemServerTiming: OnBootPhase_600_com.android.server.appprediction.AppPredictionManagerService
05-12 01:07:09.138  1000  1406  1406 D SystemServerTiming: OnBootPhase_600_com.android.server.contentsuggestions.ContentSuggestionsManagerService
05-12 01:07:09.138  1000  1406  1406 D SystemServerTiming: OnBootPhase_600_com.android.server.searchui.SearchUiManagerService
05-12 01:07:09.138  1000  1406  1406 D SystemServerTiming: OnBootPhase_600_com.android.server.smartspace.SmartspaceManagerService
05-12 01:07:09.138  1000  1406  1406 D SystemServerTiming: OnBootPhase_600_com.android.server.graphics.fonts.FontManagerService$Lifecycle
05-12 01:07:09.139  1000  1406  1406 D SystemServerTiming: OnBootPhase_600_com.android.server.textservices.TextServicesManagerService$Lifecycle
05-12 01:07:09.139  1000  1406  1406 D SystemServerTiming: OnBootPhase_600_com.android.server.textclassifier.TextClassificationManagerService$Lifecycle
05-12 01:07:09.139  1000  1406  1406 D SystemServerTiming: OnBootPhase_600_com.android.server.NetworkScoreService$Lifecycle
05-12 01:07:09.139  1000  1406  1406 D SystemServerTiming: OnBootPhase_600_com.android.server.NetworkStatsServiceInitializer
05-12 01:07:09.139  1000  1406  1406 D SystemServerTiming: OnBootPhase_600_com.android.server.wifi.WifiService
05-12 01:07:09.139  1000  1406  1406 D SystemServerTiming: OnBootPhase_600_com.android.server.wifi.scanner.WifiScanningService
05-12 01:07:09.139  1000  1406  1406 D SystemServerTiming: OnBootPhase_600_com.android.server.wifi.rtt.RttService
05-12 01:07:09.139  1000  1406  1406 D SystemServerTiming: OnBootPhase_600_com.android.server.wifi.aware.WifiAwareService
05-12 01:07:09.139  1000  1406  1406 D SystemServerTiming: OnBootPhase_600_com.android.server.wifi.p2p.WifiP2pService
05-12 01:07:09.139  1000  1406  1406 D SystemServerTiming: OnBootPhase_600_com.android.server.ConnectivityServiceInitializer
05-12 01:07:09.139 10225  1707  1731 V WindowManagerShell: 	DisplayController init took 1ms
05-12 01:07:09.139 10225  1707  1731 V WindowManagerShell: 	DisplayInsetsController init took 0ms
05-12 01:07:09.139 10225  1707  1731 V WindowManagerShell: 	DisplayImeController init took 0ms
05-12 01:07:09.139 10225  1707  1731 V WindowManagerShell: Adding dump callback for ShellController
05-12 01:07:09.139 10225  1707  1731 V WindowManagerShell: 	ShellController init took 0ms
05-12 01:07:09.139 10225  1707  1731 V WindowManagerShell: 	DragAndDropController init took 0ms
05-12 01:07:09.140 10225  1707  1731 V WindowManagerShell: Adding command class compatui for CompatUIShellCommandHandler
05-12 01:07:09.140 10225  1707  1731 V WindowManagerShell: 	CompatUIController init took 0ms
05-12 01:07:09.140  1000  1406  1406 D SystemServerTiming: OnBootPhase_600_com.android.server.notification.NotificationManagerService
05-12 01:07:09.140 10225  1707  1731 V WindowManagerShell: Adding external interface from RecentTasksController with key extra_shell_recent_tasks
05-12 01:07:09.140 10225  1707  1731 V WindowManagerShell: Adding dump callback for RecentTasksController
05-12 01:07:09.140 10225  1707  1731 V WindowManagerShell: 	RecentTasksController init took 0ms
05-12 01:07:09.140 10225  1707  1731 V WindowManagerShell: Adding dump callback for ShellTaskOrganizer
05-12 01:07:09.140  1000  1406  1406 D SystemServerTiming: OnBootPhase_600_com.android.server.storage.DeviceStorageMonitorService
05-12 01:07:09.140  1000  1406  1406 D SystemServerTiming: OnBootPhase_600_com.android.server.location.LocationManagerService$Lifecycle
05-12 01:07:09.141 10225  1707  1731 V WindowManagerShell: 	ShellTaskOrganizer init took 1ms
05-12 01:07:09.141 10225  1707  1731 V WindowManagerShell: Adding dump callback for OneHandedController
05-12 01:07:09.145 10225  1707  1731 V WindowManagerShell: Adding external interface from OneHandedController with key extra_shell_one_handed
05-12 01:07:09.145 10225  1707  1731 V WindowManagerShell: 	OneHandedController init took 4ms
05-12 01:07:09.147 10225  1707  1731 V WindowManagerShell: 	DefaultTransitionHandler init took 2ms
05-12 01:07:09.147 10225  1707  1731 V WindowManagerShell: Adding external interface from Transitions with key extra_shell_shell_transitions
05-12 01:07:09.148 10225  1707  1731 V WindowManagerShell: 	Transitions init took 1ms
05-12 01:07:09.149 10225  1707  1731 V WindowManagerShell: Adding dump callback for BubbleController
05-12 01:07:09.149 10225  1707  1731 V WindowManagerShell: 	BubbleController init took 1ms
05-12 01:07:09.149 10225  1707  1731 V WindowManagerShell: Adding dump callback for SplitScreenController
05-12 01:07:09.150 10225  1707  1731 V WindowManagerShell: Adding command class splitscreen for SplitScreenController
05-12 01:07:09.150 10225  1707  1731 V WindowManagerShell: Adding external interface from SplitScreenController with key extra_shell_split_screen
05-12 01:07:09.154 10225  1707  1731 V WindowManagerShell: addHandler: StageCoordinator
05-12 01:07:09.155 10225  1707  1731 V WindowManagerShell: 	SplitScreenController init took 6ms
05-12 01:07:09.159 10225  1707  1731 V WindowManagerShell: 	PipTouchHandler init took 4ms
05-12 01:07:09.159 10225  1707  1731 V WindowManagerShell: 	DevicePostureController init took 0ms
05-12 01:07:09.159 10225  1707  1731 V WindowManagerShell: 	TabletopModeController init took 0ms
05-12 01:07:09.159 10225  1707  1731 V WindowManagerShell: Adding dump callback for PipController
05-12 01:07:09.161 10225  1707  1731 V WindowManagerShell: Adding external interface from PipController with key extra_shell_pip
05-12 01:07:09.161 10225  1707  1731 V WindowManagerShell: 	PipController init took 2ms
05-12 01:07:09.161 10225  1707  1731 V WindowManagerShell: 	FullscreenTaskListener init took 0ms
05-12 01:07:09.161 10225  1707  1731 V WindowManagerShell: Adding dump callback for HideDisplayCutoutController
05-12 01:07:09.162 10225  1707  1731 V WindowManagerShell: 	HideDisplayCutoutController init took 1ms
05-12 01:07:09.162 10225  1707  1731 V WindowManagerShell: Adding external interface from StartingWindowController with key extra_shell_starting_window
05-12 01:07:09.162 10225  1707  1731 V WindowManagerShell: 	StartingWindowController init took 0ms
05-12 01:07:09.162 10225  1707  1731 V WindowManagerShell: Adding command class protolog for ProtoLogController
05-12 01:07:09.162 10225  1707  1731 V WindowManagerShell: 	ProtoLogController init took 0ms
05-12 01:07:09.162 10225  1707  1731 V WindowManagerShell: Adding dump callback for KidsModeTaskOrganizer
05-12 01:07:09.164 10225  1707  1731 V WindowManagerShell: 	KidsModeTaskOrganizer init took 2ms
05-12 01:07:09.164 10225  1707  1731 D ShellBackPreview: Back animation enabled=false
05-12 01:07:09.164 10225  1707  1731 V WindowManagerShell: Adding external interface from BackAnimationController with key extra_shell_back_animation
05-12 01:07:09.164 10225  1707  1731 V WindowManagerShell: 	BackAnimationController init took 0ms
05-12 01:07:09.164 10225  1707  1731 V WindowManagerShell: Display added: 0
05-12 01:07:09.174  1000  1406  1469 D CompatibilityChangeReporter: Compat change id reported: 171306433; UID 1000; state: ENABLED
05-12 01:07:09.174  1000  1406  1469 D CompatibilityChangeReporter: Compat change id reported: 218533173; UID 1000; state: ENABLED
05-12 01:07:09.183  1000  1406  1469 D CoreBackPreview: Window{bc42621 u0 ShellDropTarget}: Setting back callback OnBackInvokedCallbackInfo{mCallback=android.window.IOnBackInvokedCallback$Stub$Proxy@2d05934, mPriority=0}
05-12 01:07:09.197  1000  1406  1642 D CompatibilityChangeReporter: Compat change id reported: 135634846; UID 10227; state: DISABLED
05-12 01:07:09.197  1000  1406  1642 D CompatibilityChangeReporter: Compat change id reported: 177438394; UID 10227; state: DISABLED
05-12 01:07:09.197  1000  1406  1642 D CompatibilityChangeReporter: Compat change id reported: 135772972; UID 10227; state: DISABLED
05-12 01:07:09.197  1000  1406  1642 D CompatibilityChangeReporter: Compat change id reported: 135754954; UID 10227; state: ENABLED
05-12 01:07:09.199  1000   837   837 E vendor.google.wireless_charger@1.3-service-vendor: disble rtx mode
05-12 01:07:09.214  1000  1406  1406 W SystemServiceManager: Service com.android.server.location.LocationManagerService$Lifecycle took 74 ms in onBootPhase
05-12 01:07:09.214  1000  1406  1406 D SystemServerTiming: OnBootPhase_600_com.android.server.timedetector.TimeDetectorService$Lifecycle
05-12 01:07:09.214  1000  1406  1406 D SystemServerTiming: OnBootPhase_600_com.android.server.timezonedetector.TimeZoneDetectorService$Lifecycle
05-12 01:07:09.214  1000  1406  1406 D SystemServerTiming: OnBootPhase_600_com.android.server.timezonedetector.location.LocationTimeZoneManagerService$Lifecycle
05-12 01:07:09.214  1000  1406  1406 D SystemServerTiming: OnBootPhase_600_com.android.server.search.SearchManagerService$Lifecycle
05-12 01:07:09.214  1000  1406  1406 D SystemServerTiming: OnBootPhase_600_com.android.server.wallpaper.WallpaperManagerService$Lifecycle
05-12 01:07:09.214  1000  1406  1406 D WallpaperManagerService: Wallpaper_switch-user-0
05-12 01:07:09.214  1000  1406  1406 V WallpaperManagerService: bindWallpaperComponentLocked: componentName=ComponentInfo{com.android.systemui/com.android.systemui.wallpapers.ImageWallpaper}
05-12 01:07:09.214  1000  1406  1406 D WallpaperManagerService: WPMS.bindWallpaperComponentLocked-ComponentInfo{com.android.systemui/com.android.systemui.wallpapers.ImageWallpaper}
05-12 01:07:09.215  1000  1406  1406 D SystemServerTiming: OnBootPhase_600_com.android.server.wallpapereffectsgeneration.WallpaperEffectsGenerationManagerService
05-12 01:07:09.215  1000  1406  1406 D SystemServerTiming: OnBootPhase_600_com.android.server.audio.AudioService$Lifecycle
05-12 01:07:09.215  1000  1406  1406 D SystemServerTiming: OnBootPhase_600_com.android.server.soundtrigger_middleware.SoundTriggerMiddlewareService$Lifecycle
05-12 01:07:09.215  1000  1406  1406 D SystemServerTiming: OnBootPhase_600_com.android.server.DockObserver
05-12 01:07:09.215  1000  1406  1406 D SystemServerTiming: OnBootPhase_600_com.android.server.midi.MidiService$Lifecycle
05-12 01:07:09.215  1000  1406  1406 D SystemServerTiming: OnBootPhase_600_com.android.server.adb.AdbService$Lifecycle
05-12 01:07:09.215  1000  1406  1406 D SystemServerTiming: OnBootPhase_600_com.android.server.usb.UsbService$Lifecycle
05-12 01:07:09.215  1000  1406  1406 D SystemServerTiming: OnBootPhase_600_com.android.server.twilight.TwilightService
05-12 01:07:09.215  1000  1406  1406 D SystemServerTiming: OnBootPhase_600_com.android.server.display.color.ColorDisplayService
05-12 01:07:09.215  1000  1406  1406 D SystemServerTiming: OnBootPhase_600_com.android.server.job.JobSchedulerService
05-12 01:07:09.216  1000  1406  1456 D CompatibilityChangeReporter: Compat change id reported: 168936375; UID 1000; state: ENABLED
05-12 01:07:09.225  1000  1406  1406 D SystemServerTiming: OnBootPhase_600_com.android.server.soundtrigger.SoundTriggerService
05-12 01:07:09.225  1000  1406  1406 D SoundTriggerService: onBootPhase: 600 : false
05-12 01:07:09.225  1000  1406  1406 D SystemServerTiming: OnBootPhase_600_com.android.server.trust.TrustManagerService
05-12 01:07:09.226  1017   452   481 I keystore2: keystore2::authorization: on_lock_screen_event(LockScreenEvent(0), user_id=0, password.is_some()=false, unlocking_sids=Some([]))
05-12 01:07:09.227  1000  1406  1406 D SystemServerTiming: OnBootPhase_600_com.android.server.backup.BackupManagerService$Lifecycle
05-12 01:07:09.227  1000  1406  1406 D SystemServerTiming: OnBootPhase_600_com.android.server.appwidget.AppWidgetService
