01-01 07:00:06.589  1000  1406  1406 W PackageSettings: Missing permission state for package com.android.bips.auto_generated_rro_product__ on user 0
01-01 07:00:06.589  1000  1406  1406 W PackageSettings: Missing permission state for package com.google.android.overlay.permissioncontroller on user 0
01-01 07:00:06.590  1000  1406  1406 W PackageSettings: Missing permission state for package com.android.safetyregulatoryinfo on user 0
01-01 07:00:06.590  1000  1406  1406 W PackageSettings: Missing permission state for package com.android.cameraextensions on user 0
01-01 07:00:06.590  1000  1406  1406 W PackageSettings: Missing permission state for package com.google.android.pixel.setupwizard.overlay on user 0
01-01 07:00:06.590  1000  1406  1406 W PackageSettings: Missing permission state for package com.google.android.apps.wallpaper.pixel on user 0
01-01 07:00:06.590  1000  1406  1406 W PackageSettings: Missing permission state for package com.google.euiccpixel.overlay.gs101 on user 0
01-01 07:00:06.590  1000  1406  1406 W PackageSettings: Missing permission state for package com.google.android.virtualmachine.res on user 0
01-01 07:00:06.590  1000  1406  1406 W PackageSettings: Missing permission state for package com.android.theme.font.notoserifsource on user 0
01-01 07:00:06.590  1000  1406  1406 W PackageSettings: Missing permission state for package com.google.android.safetycenter.resources on user 0
01-01 07:00:06.590  1000  1406  1406 W PackageSettings: Missing permission state for package com.google.android.compos.payload on user 0
01-01 07:00:06.590  1000  1406  1406 W PackageSettings: Missing permission state for package com.android.internal.display.cutout.emulation.waterfall on user 0
01-01 07:00:06.590  1000  1406  1406 W PackageSettings: Missing permission state for package com.google.android.storagemanager.auto_generated_rro_vendor__ on user 0
01-01 07:00:06.590  1000  1406  1406 W PackageSettings: Missing permission state for package com.google.android.connectivity.resources on user 0
01-01 07:00:06.590  1000  1406  1406 W PackageSettings: Missing permission state for package com.android.providers.contacts.auto_generated_rro_product__ on user 0
01-01 07:00:06.590  1000  1406  1406 W PackageSettings: Missing permission state for package com.google.mainline.telemetry on user 0
01-01 07:00:06.590  1000  1406  1406 W PackageSettings: Missing permission state for package com.google.android.systemui.gxoverlay on user 0
01-01 07:00:06.590  1000  1406  1406 W PackageSettings: Missing permission state for package com.android.cellbroadcastservice.overlay.pixel on user 0
01-01 07:00:06.590  1000  1406  1406 W PackageSettings: Missing permission state for package com.android.providers.partnerbookmarks on user 0
01-01 07:00:06.590  1000  1406  1406 W PackageSettings: Missing permission state for package com.google.android.pixel.setupwizard.overlay2019 on user 0
01-01 07:00:06.590  1000  1406  1406 W PackageSettings: Missing permission state for package com.google.android.pixel.setupwizard.overlay2021 on user 0
01-01 07:00:06.590  1000  1406  1406 W PackageSettings: Missing permission state for package com.android.providers.telephony.auto_generated_rro_product__ on user 0
01-01 07:00:06.590  1000  1406  1406 W PackageSettings: Missing permission state for package com.android.phone.auto_generated_rro_vendor__ on user 0
01-01 07:00:06.590  1000  1406  1406 W PackageSettings: Missing permission state for package com.google.mainline.adservices on user 0
01-01 07:00:06.590  1000  1406  1406 W PackageSettings: Missing permission state for package com.android.traceur.auto_generated_rro_vendor__ on user 0
01-01 07:00:06.590  1000  1406  1406 W PackageSettings: Missing permission state for package com.android.internal.display.cutout.emulation.avoidAppsInCutout on user 0
01-01 07:00:06.590  1000  1406  1406 W PackageSettings: Missing permission state for package com.android.bookmarkprovider on user 0
01-01 07:00:06.590  1000  1406  1406 W PackageSettings: Missing permission state for package com.google.android.overlay.pixelconfigcommon on user 0
01-01 07:00:06.590  1000  1406  1406 W PackageSettings: Missing permission state for package com.google.android.wifi.resources on user 0
01-01 07:00:06.590  1000  1406  1406 W PackageSettings: Missing permission state for package com.android.nfc.auto_generated_rro_vendor__ on user 0
01-01 07:00:06.590  1000  1406  1406 W PackageSettings: Missing permission state for package com.android.angle on user 0
01-01 07:00:06.590  1000  1406  1406 W PackageSettings: Missing permission state for package com.android.settings.auto_generated_rro_product__ on user 0
01-01 07:00:06.590  1000  1406  1406 W PackageSettings: Missing permission state for package com.android.providers.media.overlay.pixel on user 0
01-01 07:00:06.590  1000  1406  1406 W PackageSettings: Missing permission state for package com.android.captiveportallogin.overlay on user 0
01-01 07:00:06.590  1000  1406  1406 W PackageSettings: Missing permission state for package com.android.internal.systemui.navbar.gestural on user 0
01-01 07:00:06.590  1000  1406  1406 W PackageSettings: Missing permission state for package com.google.android.dreamlinerupdater on user 0
01-01 07:00:06.590  1000  1406  1406 W PackageSettings: Missing permission state for package com.android.phone.auto_generated_rro_product__ on user 0
01-01 07:00:06.590  1000  1406  1406 W PackageSettings: Missing permission state for package com.android.omadm.service.auto_generated_rro_vendor__ on user 0
01-01 07:00:06.590  1000  1406  1406 W PackageSettings: Missing permission state for package android.auto_generated_rro_product__ on user 0
01-01 07:00:06.590  1000  1406  1406 W PackageSettings: Missing permission state for package com.android.internal.systemui.navbar.gestural_narrow_back on user 0
01-01 07:00:06.590  1000  1406  1406 W PackageSettings: Missing permission state for package android.auto_generated_rro_vendor__ on user 0
01-01 07:00:06.591  1000  1406  1406 W PackageSettings: Missing permission state for shared user: android.uid.log
01-01 07:00:06.591  1000  1406  1406 W PackageSettings: Missing permission state for shared user: android.uid.uwb
01-01 07:00:06.600  1000  1406  1406 D PackageManager: Directories scanned as system partitions: [/system:0, /vendor:524288, /odm:4194304, /oem:262144, /product:1048576, /system_ext:2097152, /apex/com.android.uwb:8388608, /apex/com.android.virt:10485760, /apex/com.android.i18n:8388608, /apex/com.android.vndk.v33:8388608, /apex/com.android.tzdata:8388608, /apex/com.android.media.swcodec:8388608, /apex/com.android.adservices:8388608, /apex/com.android.wifi:8388608, /apex/com.android.cellbroadcast:8388608, /apex/com.android.conscrypt:8388608, /apex/com.android.runtime:8388608, /apex/com.android.sdkext:8388608, /apex/com.android.os.statsd:8388608, /apex/com.android.neuralnetworks:8388608, /apex/com.google.mainline.primary.libs:8388608, /apex/com.android.tethering:8388608, /apex/com.android.extservices:8388608, /apex/com.android.appsearch:8388608, /apex/com.android.resolv:8388608, /apex/com.android.mediaprovider:8388608, /apex/com.google.pixel.camera.hal:8912896, /apex/com.android.ipsec:8388608, /apex/com.android.media:8388608, /apex/com.android.ondevicepersonalization:8388608, /apex/com.android.compos:10485760, /apex/com.android.scheduling:8388608, /apex/com.android.adbd:8388608, /apex/com.android.apex.cts.shim:8388608, /apex/com.android.btservices:8388608, /apex/com.android.permission:8388608, /apex/com.android.art:8388608]
01-01 07:00:06.601  1000  1406  1406 D PackageManager: Keeping known cache 083636b194e2c21ba125afd8ee4ae4fe7712b2a9
01-01 07:00:06.620  1000  1406  1406 D CompatibilityChangeReporter: Compat change id reported: 143539591; UID -1; state: DISABLED
01-01 07:00:06.620  1000  1406  1406 D CompatibilityChangeReporter: Compat change id reported: 168782947; UID -1; state: ENABLED
01-01 07:00:06.627  1000  1406  1504 I ApkLiteParseUtils: Skipping target and overlay pair com.android.settings and /product/overlay/SettingsOverlayGF5KQ.apk: overlay ignored due to required system property: ro.boot.hardware.sku with value: GF5KQ
01-01 07:00:06.628  1000  1406  1505 I ApkLiteParseUtils: Skipping target and overlay pair com.android.settings and /product/overlay/SettingsOverlayGLU0G.apk: overlay ignored due to required system property: ro.boot.hardware.sku with value: GLU0G
01-01 07:00:06.632  1000  1406  1406 W PackageManager: Failed to parse /product/overlay/SettingsOverlayGF5KQ.apk: Skipping target and overlay pair com.android.settings and /product/overlay/SettingsOverlayGF5KQ.apk: overlay ignored due to required system property: ro.boot.hardware.sku with value: GF5KQ
01-01 07:00:06.632  1000  1406  1406 W PackageManager: Failed to parse /product/overlay/SettingsOverlayGLU0G.apk: Skipping target and overlay pair com.android.settings and /product/overlay/SettingsOverlayGLU0G.apk: overlay ignored due to required system property: ro.boot.hardware.sku with value: GLU0G
01-01 07:00:06.636  1000  1406  1406 W PackageManager: Failed to parse /system/framework/arm: Missing base APK in /system/framework/arm
01-01 07:00:06.637  1000  1406  1406 W PackageManager: Failed to parse /system/framework/arm64: Missing base APK in /system/framework/arm64
01-01 07:00:06.637  1000  1406  1406 W PackageManager: Failed to parse /system/framework/oat: Missing base APK in /system/framework/oat
01-01 07:00:06.692  1000  1406  1406 W PackageManager: Skipping provider name com.google.android.settings.intelligence (in package com.google.android.settings.intelligence): name already used by com.google.android.settings.intelligence
01-01 07:00:06.694  1000  1406  1406 D CompatibilityChangeReporter: Compat change id reported: 168782947; UID -1; state: DISABLED
01-01 07:00:06.737  1000   772   772 I Lyric   : generic_calibration_data_controller.cc:321: Camera module wide has factory EEPROM.
01-01 07:00:06.741  1000  1406  1406 W PackageManager: Failed to parse /product/app/TrichromeLibrary: Missing base APK in /product/app/TrichromeLibrary
01-01 07:00:06.745  1000  1406  1406 W PackageManager: Failed to parse /product/app/Chrome: Missing base APK in /product/app/Chrome
01-01 07:00:06.757  1000  1406  1406 W PackageManager: Failed to parse /product/app/WebViewGoogle: Missing base APK in /product/app/WebViewGoogle
01-01 07:00:06.758  1000  1406  1406 W PackageManager: Failed to scan /product/app/TrichromeLibrary-Stub: Package com.google.android.trichromelibrary_541412333 at /product/app/TrichromeLibrary-Stub ignored: updated version 541412333 better than this 541412333
01-01 07:00:06.763  1000  1406  1406 W PackageManager: Failed to scan /product/app/WebViewGoogle-Stub: Package com.google.android.webview at /product/app/WebViewGoogle-Stub ignored: updated version 541412333 better than this 541412333
01-01 07:00:06.774  1000  1406  1406 W PackageManager: Failed to scan /product/app/Chrome-Stub: Package com.android.chrome at /product/app/Chrome-Stub ignored: updated version 541412333 better than this 541412333
01-01 07:00:06.806  1000  1406  1406 W PackageManager: Skipping provider name androidx.appcompat.androidx-startup (in package com.shannon.imsservice): name already used by com.google.android.carrierlocation
01-01 07:00:06.814  1000  1406  1406 I ApexManager: Registering com.android.uwb.resources as apk-in-apex of com.android.uwb
01-01 07:00:06.815  1000  1406  1406 I ApexManager: Registering com.google.android.virtualmachine.res as apk-in-apex of com.android.virt
01-01 07:00:06.816  1000  1406  1406 I ApexManager: Registering com.google.android.adservices.api as apk-in-apex of com.android.adservices
01-01 07:00:06.818  1000  1406  1406 I ApexManager: Registering com.google.android.sdksandbox as apk-in-apex of com.android.adservices
01-01 07:00:06.820  1000  1406  1406 I ApexManager: Registering com.google.android.wifi.resources as apk-in-apex of com.android.wifi
01-01 07:00:06.821  1000  1406  1406 I ApexManager: Registering com.google.android.wifi.dialog as apk-in-apex of com.android.wifi
01-01 07:00:06.822  1000  1406  1406 I ApexManager: Registering com.google.android.hotspot2.osulogin as apk-in-apex of com.android.wifi
01-01 07:00:06.824  1000  1406  1406 I ApexManager: Registering com.google.android.cellbroadcastreceiver as apk-in-apex of com.android.cellbroadcast
01-01 07:00:06.824  1000  1406  1406 I ApexManager: Registering com.google.android.cellbroadcastservice as apk-in-apex of com.android.cellbroadcast
01-01 07:00:06.827  1000  1406  1406 I ApexManager: Registering com.google.android.connectivity.resources as apk-in-apex of com.android.tethering
01-01 07:00:06.828  1000  1406  1406 I ApexManager: Registering com.google.android.networkstack.tethering as apk-in-apex of com.android.tethering
01-01 07:00:06.829  1000  1406  1406 I ApexManager: Registering com.google.android.nearby.halfsheet as apk-in-apex of com.android.tethering
01-01 07:00:06.830  1000  1406  1406 I ApexManager: Registering com.google.android.ext.services as apk-in-apex of com.android.extservices
01-01 07:00:06.832  1000  1406  1406 I ApexManager: Registering com.google.android.providers.media.module as apk-in-apex of com.android.mediaprovider
01-01 07:00:06.833  1000  1406  1406 I ApexManager: Registering com.google.android.ondevicepersonalization.services as apk-in-apex of com.android.ondevicepersonalization
01-01 07:00:06.834  1000  1406  1406 I ApexManager: Registering com.google.android.compos.payload as apk-in-apex of com.android.compos
01-01 07:00:06.836  1000  1406  1406 I ApexManager: Registering com.android.cts.priv.ctsshim as apk-in-apex of com.android.apex.cts.shim
01-01 07:00:06.837  1000  1406  1406 I ApexManager: Registering com.android.cts.ctsshim as apk-in-apex of com.android.apex.cts.shim
01-01 07:00:06.838  1000  1406  1406 I ApexManager: Registering com.google.android.bluetooth as apk-in-apex of com.android.btservices
01-01 07:00:06.840  1000  1406  1406 I ApexManager: Registering com.google.android.safetycenter.resources as apk-in-apex of com.android.permission
01-01 07:00:06.840  1000  1406  1406 I ApexManager: Registering com.google.android.permissioncontroller as apk-in-apex of com.android.permission
01-01 07:00:06.845  1000  1406  1406 I PackageManager: Finished scanning system apps. Time: 246 ms, packageCount: 278 , timePerPackage: 0 , cached: 312
01-01 07:00:06.849  1000  1406  1406 W PackageManager: Relax SCAN_REQUIRE_KNOWN requirement for package com.google.android.trichromelibrary_541412333
01-01 07:00:06.854  1000   772   772 I Lyric   : real_cpi_controller.cc:93: Use geo calibration from persist. File size: 2764
01-01 07:00:06.856  1000   772   772 I Lyric   : real_cpi_controller.cc:378: Make CPI controller successfully, wide: gn1_wide_p21, ultra_wide: imx386_UW_p21, tele: imx586_tele_p21
01-01 07:00:06.857  1000   772   772 I Lyric   : actuator_driver.cc:433:  skip update to PID7b
01-01 07:00:06.857  1000   772   772 I Lyric   : whi_device_context.cc:653: Using Ak7377 as act-rear-normal
01-01 07:00:06.859  1000   772   772 I Lyric   : whi_device_context.cc:653: Using Sem1215sa as act-rear-tele
01-01 07:00:06.862  1000   772   772 W Lyric   : tuning_provider_base.cc:58: /apex/com.google.pixel.camera.hal/etc/lib64/camera/. is not a binarypb.
01-01 07:00:06.862  1000   772   772 W Lyric   : tuning_provider_base.cc:58: /apex/com.google.pixel.camera.hal/etc/lib64/camera/.. is not a binarypb.
01-01 07:00:06.865  1000   772   772 W Lyric   : tuning_provider_base.cc:58: /apex/com.google.pixel.camera.hal/etc/lib64/camera/tuning_ocl.txt is not a binarypb.
01-01 07:00:06.865  1000  1406  1406 W PackageManager: Relax SCAN_REQUIRE_KNOWN requirement for package com.google.android.webview
01-01 07:00:06.873  1000   772   772 E Lyric   : tuning_provider_base.cc:356: INVALID_ARGUMENT: whi_tuning_tree_set does not have lsc tuning tree.
01-01 07:00:06.875  1000  1406  1406 W PackageManager: Relax SCAN_REQUIRE_KNOWN requirement for package com.android.chrome
01-01 07:00:06.877  1000  1406  1406 I PackageManager: Finished scanning non-system apps. Time: 32 ms, packageCount: 3 , timePerPackage: 10 , cached: 0
01-01 07:00:06.877  1000  1406  1406 W PackageManager: There should probably be exactly one storage manager; found 2: matches=[ResolveInfo{67d30d2 com.google.android.apps.nbu.files/.home.HomeActivity p=100 m=0x108000}, ResolveInfo{c99f5a3 com.google.android.storagemanager/com.android.storagemanager.deletionhelper.DeletionHelperActivity m=0x108000}]
01-01 07:00:06.882  1000  1406  1406 I PackageManager: Time to scan packages: 0.282 seconds
01-01 07:00:06.882  1000  1406  1406 I PackageManager: Permission ownership changed. Updating all permissions.
01-01 07:00:06.903  1000  1406  1406 V PackageManager: reconcileAppsData for null u0 0x1 migrateAppData=true
01-01 07:00:06.933  1000  1406  1406 V PackageManager: reconcileAppsData finished 28 packages
01-01 07:00:06.933  1000  1406  1406 D PackageManagerTiming: write settings
01-01 07:00:06.933  1000  1406  1507 D SystemServerTimingAsync: InitThreadPoolExec:prepareAppData
01-01 07:00:06.961  1000  1406  1406 D PackageManagerTiming: GC
01-01 07:00:06.961  1000  1406  1406 I PackageManager: Fix for b/169414761 is applied
01-01 07:00:06.961  1000  1406  1406 V UserSystemPackageInstaller: Checking that all system packages are whitelisted.
01-01 07:00:06.965  1000  1406  1406 W UserSystemPackageInstaller: checkWhitelistedSystemPackages(mode=d) has 53 warnings:
01-01 07:00:06.965  1000  1406  1406 W UserSystemPackageInstaller: com.android.theme.color.amethyst is allowlisted but not present.
01-01 07:00:06.965  1000  1406  1406 W UserSystemPackageInstaller: com.android.theme.icon.pebble is allowlisted but not present.
01-01 07:00:06.965  1000  1406  1406 W UserSystemPackageInstaller: com.android.theme.color.sand is allowlisted but not present.
01-01 07:00:06.965  1000  1406  1406 W UserSystemPackageInstaller: com.android.wallpapercropper is allowlisted but not present.
01-01 07:00:06.965  1000  1406  1406 W UserSystemPackageInstaller: com.android.theme.icon.vessel is allowlisted but not present.
01-01 07:00:06.965  1000  1406  1406 W UserSystemPackageInstaller: com.android.theme.color.cinnamon is allowlisted but not present.
01-01 07:00:06.965  1000  1406  1406 W UserSystemPackageInstaller: com.android.theme.icon_pack.victor.settings is allowlisted but not present.
01-01 07:00:06.965  1000  1406  1406 W UserSystemPackageInstaller: com.android.theme.icon_pack.rounded.systemui is allowlisted but not present.
01-01 07:00:06.965  1000  1406  1406 W UserSystemPackageInstaller: com.android.theme.icon.taperedrect is allowlisted but not present.
01-01 07:00:06.965  1000  1406  1406 W UserSystemPackageInstaller: com.android.theme.icon_pack.rounded.android is allowlisted but not present.
01-01 07:00:06.965  1000  1406  1406 W UserSystemPackageInstaller: com.android.internal.systemui.onehanded.gestural is allowlisted but not present.
01-01 07:00:06.965  1000  1406  1406 W UserSystemPackageInstaller: com.android.theme.icon_pack.victor.systemui is allowlisted but not present.
01-01 07:00:06.965  1000  1406  1406 W UserSystemPackageInstaller: com.android.theme.icon_pack.circular.themepicker is allowlisted but not present.
01-01 07:00:06.965  1000  1406  1406 W UserSystemPackageInstaller: com.android.theme.color.tangerine is allowlisted but not present.
01-01 07:00:06.965  1000  1406  1406 W UserSystemPackageInstaller: com.android.theme.color.aquamarine is allowlisted but not present.
01-01 07:00:06.965  1000  1406  1406 W UserSystemPackageInstaller: com.android.theme.color.black is allowlisted but not present.
01-01 07:00:06.965  1000  1406  1406 W UserSystemPackageInstaller: com.android.theme.color.green is allowlisted but not present.
01-01 07:00:06.965  1000  1406  1406 W UserSystemPackageInstaller: com.android.theme.color.ocean is allowlisted but not present.
01-01 07:00:06.965  1000  1406  1406 W UserSystemPackageInstaller: com.android.theme.color.space is allowlisted but not present.
01-01 07:00:06.965  1000  1406  1406 W UserSystemPackageInstaller: com.android.theme.icon_pack.rounded.launcher is allowlisted but not present.
01-01 07:00:06.965  1000  1406  1406 W UserSystemPackageInstaller: com.android.theme.icon_pack.kai.settings is allowlisted but not present.
01-01 07:00:06.965  1000  1406  1406 W UserSystemPackageInstaller: com.android.internal.systemui.navbar.twobutton is allowlisted but not present.
01-01 07:00:06.965  1000  1406  1406 W UserSystemPackageInstaller: com.android.theme.icon_pack.sam.settings is allowlisted but not present.
01-01 07:00:06.965  1000  1406  1406 W UserSystemPackageInstaller: com.android.theme.icon_pack.kai.themepicker is allowlisted but not present.
01-01 07:00:06.965  1000  1406  1406 W UserSystemPackageInstaller: com.android.theme.icon_pack.victor.launcher is allowlisted but not present.
01-01 07:00:06.965  1000  1406  1406 W UserSystemPackageInstaller: com.android.theme.icon_pack.filled.settings is allowlisted but not present.
01-01 07:00:06.965  1000  1406  1406 W UserSystemPackageInstaller: com.android.theme.icon_pack.kai.systemui is allowlisted but not present.
01-01 07:00:06.965  1000  1406  1406 W UserSystemPackageInstaller: com.android.theme.icon_pack.circular.settings is allowlisted but not present.
01-01 07:00:06.965  1000  1406  1406 W UserSystemPackageInstaller: com.android.theme.icon_pack.sam.systemui is allowlisted but not present.
01-01 07:00:06.965  1000  1406  1406 W UserSystemPackageInstaller: com.android.theme.icon.teardrop is allowlisted but not present.
01-01 07:00:06.965  1000  1406  1406 W UserSystemPackageInstaller: com.android.theme.icon_pack.rounded.themepicker is allowlisted but not present.
01-01 07:00:06.965  1000  1406  1406 W UserSystemPackageInstaller: com.android.theme.icon_pack.filled.systemui is allowlisted but not present.
01-01 07:00:06.965  1000  1406  1406 W UserSystemPackageInstaller: com.google.android.apps.wallpaper.nexus is allowlisted but not present.
01-01 07:00:06.965  1000  1406  1406 W UserSystemPackageInstaller: com.android.theme.icon_pack.sam.android is allowlisted but not present.
01-01 07:00:06.965  1000  1406  1406 W UserSystemPackageInstaller: com.android.theme.icon_pack.filled.android is allowlisted but not present.
01-01 07:00:06.965  1000  1406  1406 W UserSystemPackageInstaller: com.android.theme.icon_pack.circular.systemui is allowlisted but not present.
01-01 07:00:06.965  1000  1406  1406 W UserSystemPackageInstaller: com.android.theme.icon_pack.kai.android is allowlisted but not present.
01-01 07:00:06.965  1000  1406  1406 W UserSystemPackageInstaller: com.android.theme.icon_pack.kai.launcher is allowlisted but not present.
01-01 07:00:06.965  1000  1406  1406 W UserSystemPackageInstaller: com.android.theme.icon_pack.sam.launcher is allowlisted but not present.
01-01 07:00:06.965  1000  1406  1406 W UserSystemPackageInstaller: com.android.theme.icon.squircle is allowlisted but not present.
01-01 07:00:06.965  1000  1406  1406 W UserSystemPackageInstaller: com.android.theme.icon_pack.victor.android is allowlisted but not present.
01-01 07:00:06.965  1000  1406  1406 W UserSystemPackageInstaller: com.android.theme.color.palette is allowlisted but not present.
01-01 07:00:06.965  1000  1406  1406 W UserSystemPackageInstaller: com.android.theme.icon_pack.filled.launcher is allowlisted but not present.
01-01 07:00:06.965  1000  1406  1406 W UserSystemPackageInstaller: com.android.theme.color.carbon is allowlisted but not present.
01-01 07:00:06.965  1000  1406  1406 W UserSystemPackageInstaller: com.android.theme.icon_pack.circular.launcher is allowlisted but not present.
01-01 07:00:06.965  1000  1406  1406 W UserSystemPackageInstaller: com.android.theme.icon_pack.filled.themepicker is allowlisted but not present.
01-01 07:00:06.965  1000  1406  1406 W UserSystemPackageInstaller: com.android.theme.icon_pack.victor.themepicker is allowlisted but not present.
01-01 07:00:06.965  1000  1406  1406 W UserSystemPackageInstaller: com.android.theme.color.orchid is allowlisted but not present.
01-01 07:00:06.965  1000  1406  1406 W UserSystemPackageInstaller: com.android.theme.color.purple is allowlisted but not present.
01-01 07:00:06.965  1000  1406  1406 W UserSystemPackageInstaller: com.android.theme.icon_pack.sam.themepicker is allowlisted but not present.
01-01 07:00:06.965  1000  1406  1406 W UserSystemPackageInstaller: com.android.theme.icon.roundedrect is allowlisted but not present.
01-01 07:00:06.965  1000  1406  1406 W UserSystemPackageInstaller: com.android.theme.icon_pack.rounded.settings is allowlisted but not present.
01-01 07:00:06.965  1000  1406  1406 W UserSystemPackageInstaller: com.android.theme.icon_pack.circular.android is allowlisted but not present.
01-01 07:00:06.966  1000  1406  1406 I Watchdog: Resuming HandlerChecker: main thread for reason: packagemanagermain. Pause count: 0
01-01 07:00:06.966  1000  1406  1406 I SystemServerDexLoadReporter: Configuring system server dex reporter
01-01 07:00:06.969  1000  1406  1406 D SystemServerTiming: StartOtaDexOptService
01-01 07:00:06.969  1000  1406  1406 I Watchdog: Pausing HandlerChecker: main thread for reason: moveab. Pause count: 1
01-01 07:00:06.970  1000  1406  1406 D OTADexopt: No upgrade, skipping A/B artifacts check.
01-01 07:00:06.970  1000  1406  1406 I Watchdog: Resuming HandlerChecker: main thread for reason: moveab. Pause count: 0
01-01 07:00:06.970  1000  1406  1406 D SystemServerTiming: StartUserManagerService
01-01 07:00:06.970  1000  1406  1406 I SystemServiceManager: Starting com.android.server.pm.UserManagerService$LifeCycle
01-01 07:00:06.970  1000  1406  1406 D SystemServerTiming: InitAttributerCache
01-01 07:00:06.970  1000  1406  1406 D SystemServerTiming: SetSystemProcess
01-01 07:00:06.975  1000  1406  1475 I ActivityManager: Connection with lmkd established
01-01 07:00:06.977  1000  1406  1406 D CompatibilityChangeReporter: Compat change id reported: 161145287; UID 1000; state: DISABLED
01-01 07:00:06.977  1000  1406  1406 D SystemServerTiming: InitWatchdog
01-01 07:00:06.978  1000  1406  1406 D SystemServerTiming: StartOverlayManagerService
01-01 07:00:06.989  1000  1406  1428 V HistoricalRegistry: Interaction before persistence initialized
01-01 07:00:07.014  root   950  1511 I storaged: storaged: Start
01-01 07:00:07.043  1000   772   772 E Lyric   : tuning_provider_base.cc:356: INVALID_ARGUMENT: whi_tuning_tree_set does not have lsc tuning tree.
01-01 07:00:07.078  1000  1406  1507 W PackageManager: Skipping preparing app data for com.google.android.sdksandbox
01-01 07:00:07.139  1000   772   772 E Lyric   : tuning_provider_base.cc:356: INVALID_ARGUMENT: whi_tuning_tree_set does not have lsc tuning tree.
01-01 07:00:07.162  1000   772   772 E Lyric   : tuning_provider_base.cc:356: INVALID_ARGUMENT: whi_tuning_tree_set does not have lsc tuning tree.
01-01 07:00:07.244  1000  1406  1507 I PackageManager: Deferred reconcileAppsData finished 252 packages
01-01 07:00:07.257  1000  1406  1406 D SystemServerTiming: StartResourcesManagerService
01-01 07:00:07.258  1000  1406  1406 D SystemServerTiming: StartSensorPrivacyService
01-01 07:00:07.258  1000  1406  1456 W ActivityTaskManager: Skip updateConfiguration because mWindowManager isn't set
01-01 07:00:07.261  1000  1406  1406 D SystemServerTiming: StartSensorService
01-01 07:00:07.261  1000  1406  1406 I SystemServiceManager: Starting com.android.server.sensors.SensorService
01-01 07:00:07.261  1000  1406  1406 D SystemServerTiming: startCoreServices
01-01 07:00:07.261  1000  1406  1406 D SystemServerTiming: StartSystemConfigService
01-01 07:00:07.261  1000  1406  1406 I SystemServiceManager: Starting com.android.server.SystemConfigService
01-01 07:00:07.261  1000  1406  1531 D SystemServerTimingAsync: InitThreadPoolExec:StartNativeSensorService
01-01 07:00:07.261  1000  1406  1531 D SystemServerTimingAsync: StartNativeSensorService
01-01 07:00:07.261  1000  1406  1406 D SystemServerTiming: StartBatteryService
01-01 07:00:07.261  1000  1406  1406 I SystemServiceManager: Starting com.android.server.BatteryService
01-01 07:00:07.267  1000  1406  1531 V HistoricalRegistry: Interaction before persistence initialized
01-01 07:00:07.275  1000  1406  1406 I HealthServiceWrapperAidl: health: HealthServiceWrapper listening to AIDL HAL
01-01 07:00:07.275  1000  1406  1406 I BatteryService: health: Waited 0ms and received the update.
01-01 07:00:07.275  1000  1406  1406 D SystemServerTiming: StartUsageService
01-01 07:00:07.275  1000  1406  1406 I SystemServiceManager: Starting com.android.server.usage.UsageStatsService
01-01 07:00:07.277  1000  1406  1406 D SystemServerTiming: StartWebViewUpdateService
01-01 07:00:07.277  1000  1406  1406 I SystemServiceManager: Starting com.android.server.webkit.WebViewUpdateService
01-01 07:00:07.278  1000  1406  1406 D SystemServerTiming: StartCachedDeviceStateService
01-01 07:00:07.278  1000  1406  1406 I SystemServiceManager: Starting com.android.server.CachedDeviceStateService
01-01 07:00:07.278  1000  1406  1406 D SystemServerTiming: StartBinderCallsStatsService
01-01 07:00:07.278  1000  1406  1406 I SystemServiceManager: Starting com.android.server.BinderCallsStatsService$LifeCycle
01-01 07:00:07.279  1000  1406  1406 D SystemServerTiming: StartLooperStatsService
01-01 07:00:07.279  1000  1406  1406 I SystemServiceManager: Starting com.android.server.LooperStatsService$Lifecycle
01-01 07:00:07.279  1000  1406  1406 D SystemServerTiming: StartRollbackManagerService
01-01 07:00:07.279  1000  1406  1406 I SystemServiceManager: Starting com.android.server.rollback.RollbackManagerService
01-01 07:00:07.280  1000  1406  1406 I PackageWatchdog: Syncing state, reason: added new observer
01-01 07:00:07.280  1000  1406  1406 I PackageWatchdog: Not pruning observers, elapsed time: 0ms
01-01 07:00:07.280  1000  1406  1406 I PackageWatchdog: Cancelling state sync, nothing to sync
01-01 07:00:07.281  1000  1406  1406 D SystemServerTiming: StartNativeTombstoneManagerService
01-01 07:00:07.281  1000  1406  1406 I SystemServiceManager: Starting com.android.server.os.NativeTombstoneManagerService
01-01 07:00:07.282  1000  1406  1406 D SystemServerTiming: StartBugreportManagerService
01-01 07:00:07.282  1000  1406  1406 I SystemServiceManager: Starting com.android.server.os.BugreportManagerService
01-01 07:00:07.282  1000  1406  1406 D SystemServerTiming: GpuService
01-01 07:00:07.282  1000  1406  1406 I SystemServiceManager: Starting com.android.server.gpu.GpuService
01-01 07:00:07.282  1000  1406  1406 D SystemServerTiming: startOtherServices
01-01 07:00:07.282  1000  1406  1406 D SystemServerTiming: StartKeyAttestationApplicationIdProviderService
01-01 07:00:07.282  1000  1406  1543 D SystemServerTimingAsync: InitThreadPoolExec:SecondaryZygotePreload
01-01 07:00:07.282  1000  1406  1543 I SystemServer: SecondaryZygotePreload
01-01 07:00:07.282  1000  1406  1543 D SystemServerTimingAsync: SecondaryZygotePreload
01-01 07:00:07.282  1000  1406  1406 D SystemServerTiming: StartKeyChainSystemService
01-01 07:00:07.282  1000  1406  1406 I SystemServiceManager: Starting com.android.server.security.KeyChainSystemService
01-01 07:00:07.282  1000  1406  1406 D SystemServerTiming: StartBinaryTransparencyService
01-01 07:00:07.282  1000  1406  1406 I SystemServiceManager: Starting com.android.server.BinaryTransparencyService
01-01 07:00:07.283  1000  1406  1406 I TransparencyService: Started BinaryTransparencyService
01-01 07:00:07.283  1000  1406  1406 D SystemServerTiming: StartSchedulingPolicyService
01-01 07:00:07.283  1000  1406  1544 D SystemServerTimingAsync: InitThreadPoolExec:SchedulingPolicyService.<init>
01-01 07:00:07.283  1000  1406  1406 D SystemServerTiming: StartTelecomLoaderService
01-01 07:00:07.283  1000  1406  1406 I SystemServiceManager: Starting com.android.server.telecom.TelecomLoaderService
01-01 07:00:07.285  1000  1406  1406 D SystemServerTiming: StartTelephonyRegistry
01-01 07:00:07.286  1000  1406  1406 D SystemServerTiming: StartEntropyMixer
01-01 07:00:07.286  1000  1406  1470 I PackageWatchdog: Saving observer state to file
01-01 07:00:07.287  1000  1406  1406 I EntropyMixer: Loaded existing seed file
01-01 07:00:07.287  1000  1406  1406 I EntropyMixer: Updated seed file
01-01 07:00:07.288  1000  1406  1406 D SystemServerTiming: StartAccountManagerService
01-01 07:00:07.288  1000  1406  1406 I SystemServiceManager: Starting com.android.server.accounts.AccountManagerService$Lifecycle
01-01 07:00:07.291  1000  1406  1406 D SystemServerTiming: StartContentService
01-01 07:00:07.291  1000  1406  1406 I SystemServiceManager: Starting com.android.server.content.ContentService$Lifecycle
01-01 07:00:07.292  1000  1406  1406 D SystemServerTiming: InstallSystemProviders
01-01 07:00:07.317  1000  1406  1406 W SettingsState: No settings state /data/system/users/0/settings_config.xml
01-01 07:00:07.325  1000  1406  1472 D ActivityManager: Freezer enabled
01-01 07:00:07.325  1000  1406  1472 D ActivityManager: freezer override set to false
01-01 07:00:07.326  1000  1406  1406 D SystemServerTiming: UpdateWatchdogTimeout
01-01 07:00:07.326  1000  1406  1406 I Watchdog: Watchdog timeout updated to 60000 millis
01-01 07:00:07.326  1000  1406  1406 D SystemServerTiming: StartDropBoxManager
01-01 07:00:07.326  1000  1406  1406 I SystemServiceManager: Starting com.android.server.DropBoxManagerService
01-01 07:00:07.326  1000  1406  1406 D SystemServerTiming: StartRoleManagerService
01-01 07:00:07.326  1000  1406  1406 I SystemServiceManager: Starting com.android.role.RoleService
01-01 07:00:07.328  1000  1406  1406 D SystemServerTiming: StartVibratorManagerService
01-01 07:00:07.328  1000  1406  1406 I SystemServiceManager: Starting com.android.server.vibrator.VibratorManagerService$Lifecycle
01-01 07:00:07.335  1000  1406  1406 D SystemServerTiming: StartDynamicSystemService
01-01 07:00:07.335  1000  1406  1406 D SystemServerTiming: StartConsumerIrService
01-01 07:00:07.336  1000  1406  1406 D SystemServerTiming: StartResourceEconomy
01-01 07:00:07.336  1000  1406  1406 I SystemServiceManager: Starting com.android.server.tare.InternalResourceService
01-01 07:00:07.338  1000  1406  1406 D SystemServerTiming: StartAlarmManagerService
01-01 07:00:07.338  1000  1406  1406 I SystemServiceManager: Starting com.android.server.alarm.AlarmManagerService
01-01 07:00:07.342  1000  1406  1406 I AlarmManager: Current time only 1577880007342, advancing to build time 1683868028000
05-12 01:07:08.004  1000  1406  1406 D SystemServerTiming: StartInputManagerService
05-12 01:07:08.005  1000   772   772 E Lyric   : tuning_provider_base.cc:356: INVALID_ARGUMENT: whi_tuning_tree_set does not have lsc tuning tree.
05-12 01:07:08.012  1000  1406  1406 I InputManager: Initializing input manager, mUseDevInputEventForAudioJack=true
05-12 01:07:08.012  1000  1406  1406 D SystemServerTiming: DeviceStateManagerService
05-12 01:07:08.012  1000  1406  1406 I SystemServiceManager: Starting com.android.server.devicestate.DeviceStateManagerService
05-12 01:07:08.015  1000  1406  1406 D SystemServerTiming: StartCameraServiceProxy
05-12 01:07:08.015  1000  1406  1406 I SystemServiceManager: Starting com.android.server.camera.CameraServiceProxy
05-12 01:07:08.018  1000  1406  1406 D SystemServerTiming: StartWindowManagerService
05-12 01:07:08.018  1000  1406  1406 I SystemServiceManager: Starting phase 200
05-12 01:07:08.018  1000  1406  1406 D SystemServerTiming: OnBootPhase_200
05-12 01:07:08.018  1000  1406  1406 D SystemServerTiming: OnBootPhase_200_com.android.server.security.FileIntegrityService
05-12 01:07:08.018  1000  1406  1406 D SystemServerTiming: OnBootPhase_200_com.android.server.pm.Installer
05-12 01:07:08.018  1000  1406  1406 D SystemServerTiming: OnBootPhase_200_com.android.server.os.DeviceIdentifiersPolicyService
05-12 01:07:08.018  1000  1406  1406 D SystemServerTiming: OnBootPhase_200_com.android.server.uri.UriGrantsManagerService$Lifecycle
05-12 01:07:08.018  1000  1406  1406 D SystemServerTiming: OnBootPhase_200_com.android.server.powerstats.PowerStatsService
05-12 01:07:08.018  1000  1406  1406 D SystemServerTiming: OnBootPhase_200_com.android.server.wm.ActivityTaskManagerService$Lifecycle
05-12 01:07:08.018  1000  1406  1406 D SystemServerTiming: OnBootPhase_200_com.android.server.am.ActivityManagerService$Lifecycle
05-12 01:07:08.018  1000  1406  1406 D SystemServerTiming: OnBootPhase_200_com.android.server.pm.DataLoaderManagerService
05-12 01:07:08.018  1000  1406  1406 D SystemServerTiming: OnBootPhase_200_com.android.server.power.PowerManagerService
05-12 01:07:08.018  1000  1406  1406 D SystemServerTiming: OnBootPhase_200_com.android.server.power.ThermalManagerService
05-12 01:07:08.018  1000  1406  1406 D SystemServerTiming: OnBootPhase_200_com.android.server.power.hint.HintManagerService
05-12 01:07:08.018  1000  1406  1406 D SystemServerTiming: OnBootPhase_200_com.android.server.recoverysystem.RecoverySystemService$Lifecycle
05-12 01:07:08.018  1000  1406  1406 D SystemServerTiming: OnBootPhase_200_com.android.server.lights.LightsService
05-12 01:07:08.018  1000  1406  1406 D SystemServerTiming: OnBootPhase_200_com.android.server.display.DisplayManagerService
05-12 01:07:08.018  1000  1406  1406 D SystemServerTiming: OnBootPhase_200_com.android.server.pm.verify.domain.DomainVerificationService
05-12 01:07:08.018  1000  1406  1406 D SystemServerTiming: OnBootPhase_200_com.android.server.pm.PackageInstallerService$Lifecycle
05-12 01:07:08.018  1000  1406  1406 D SystemServerTiming: OnBootPhase_200_com.android.server.pm.UserManagerService$LifeCycle
05-12 01:07:08.018  1000  1406  1406 D SystemServerTiming: OnBootPhase_200_com.android.server.om.OverlayManagerService
05-12 01:07:08.018  1000  1406  1406 D SystemServerTiming: OnBootPhase_200_com.android.server.resources.ResourcesManagerService
05-12 01:07:08.018  1000  1406  1406 D SystemServerTiming: OnBootPhase_200_com.android.server.sensorprivacy.SensorPrivacyService
05-12 01:07:08.018  1000  1406  1406 D SystemServerTiming: OnBootPhase_200_com.android.server.sensors.SensorService
05-12 01:07:08.018  1000  1406  1406 D SystemServerTiming: OnBootPhase_200_com.android.server.SystemConfigService
05-12 01:07:08.018  1000  1406  1406 D SystemServerTiming: OnBootPhase_200_com.android.server.BatteryService
05-12 01:07:08.018  1000  1406  1406 D SystemServerTiming: OnBootPhase_200_com.android.server.usage.UsageStatsService
05-12 01:07:08.018  1000  1406  1406 D SystemServerTiming: OnBootPhase_200_com.android.server.webkit.WebViewUpdateService
05-12 01:07:08.018  1000  1406  1406 D SystemServerTiming: OnBootPhase_200_com.android.server.CachedDeviceStateService
05-12 01:07:08.018  1000  1406  1406 D SystemServerTiming: OnBootPhase_200_com.android.server.BinderCallsStatsService$LifeCycle
05-12 01:07:08.018  1000  1406  1406 D SystemServerTiming: OnBootPhase_200_com.android.server.LooperStatsService$Lifecycle
05-12 01:07:08.018  1000  1406  1406 D SystemServerTiming: OnBootPhase_200_com.android.server.rollback.RollbackManagerService
05-12 01:07:08.018  1000  1406  1406 D SystemServerTiming: OnBootPhase_200_com.android.server.os.NativeTombstoneManagerService
05-12 01:07:08.018  1000  1406  1406 D SystemServerTiming: OnBootPhase_200_com.android.server.os.BugreportManagerService
05-12 01:07:08.018  1000  1406  1406 D SystemServerTiming: OnBootPhase_200_com.android.server.gpu.GpuService
05-12 01:07:08.018  1000  1406  1406 D SystemServerTiming: OnBootPhase_200_com.android.server.security.KeyChainSystemService
05-12 01:07:08.018  1000  1406  1406 D SystemServerTiming: OnBootPhase_200_com.android.server.BinaryTransparencyService
05-12 01:07:08.018  1000  1406  1406 D SystemServerTiming: OnBootPhase_200_com.android.server.telecom.TelecomLoaderService
05-12 01:07:08.018  1000  1406  1406 D SystemServerTiming: OnBootPhase_200_com.android.server.accounts.AccountManagerService$Lifecycle
05-12 01:07:08.018  1000  1406  1406 D SystemServerTiming: OnBootPhase_200_com.android.server.content.ContentService$Lifecycle
05-12 01:07:08.018  1000  1406  1406 D SystemServerTiming: OnBootPhase_200_com.android.server.DropBoxManagerService
05-12 01:07:08.018  1000  1406  1406 D SystemServerTiming: OnBootPhase_200_com.android.role.RoleService
05-12 01:07:08.018  1000  1406  1406 D SystemServerTiming: OnBootPhase_200_com.android.server.vibrator.VibratorManagerService$Lifecycle
05-12 01:07:08.018  1000  1406  1406 D SystemServerTiming: OnBootPhase_200_com.android.server.tare.InternalResourceService
05-12 01:07:08.018  1000  1406  1406 D SystemServerTiming: OnBootPhase_200_com.android.server.alarm.AlarmManagerService
05-12 01:07:08.018  1000  1406  1406 D SystemServerTiming: OnBootPhase_200_com.android.server.devicestate.DeviceStateManagerService
05-12 01:07:08.018  1000  1406  1406 D SystemServerTiming: OnBootPhase_200_com.android.server.camera.CameraServiceProxy
05-12 01:07:08.018  1000  1406  1406 I WindowManager: No existing display settings, starting empty
05-12 01:07:08.019  1000  1406  1406 I WindowManager: No existing display settings, starting empty
05-12 01:07:08.028  1000  1406  1406 D SystemServerTiming: SetWindowManagerService
05-12 01:07:08.041  1000  1406  1406 I ActivityTaskManager: Loaded persisted task ids for user 0
05-12 01:07:08.042  1000  1406  1406 D SystemServerTiming: WindowManagerServiceOnInitReady
05-12 01:07:08.144  1000   772   772 I Lyric   : tuning_provider_base.cc:415: Tuning binarypb found: 245 Tuning binarypb parsed (SDR): 239 Tuning binarypb parsed (HDR): 0 Tuning binarypb parsed (sensor only): 6 Golden data binarypb found: 5 Golden data binarypb parsed: 5 Calibration applied: 238 Fallbacks parsed: 0
05-12 01:07:08.144  1000   772   772 I Lyric   : sensor_generic_driver.h:173: NAGUAL: Setting base ISO: 80-->44.4444
05-12 01:07:08.144  1000   772   772 I Lyric   : sensor_generic_driver.h:173: LAMASSU: Setting base ISO: 80-->29.6736
05-12 01:07:08.144  1000   772   772 I Lyric   : sensor_generic_driver.h:173: SANDWORM: Setting base ISO: 80-->50.7614
05-12 01:07:08.144  1000   772   772 I Lyric   : sensor_generic_driver.h:173: BURAQ: Setting base ISO: 80-->56.8182
05-12 01:07:08.144  1000   772   772 I Lyric   : sensor_generic_driver.h:173: NAGUALRM: Setting base ISO: 80-->80
05-12 01:07:08.144  1000   772   772 I Lyric   : sensor_generic_driver.h:173: BURAQVIRTUAL: Setting base ISO: 80-->56.8182
05-12 01:07:08.146  1000   772   772 I Lyric   : whi_device_context.cc:806: Using Ois-Lc898128 as ois-rear-normal
05-12 01:07:08.146  1000   772   772 I Lyric   : whi_device_context.cc:806: Using Ois-Sem1215sa as ois-rear-tele
05-12 01:07:08.147  1000   772   772 I Lyric   : lwis_buffer_controller.cc:13: Partial CPU Cache sync is enabled
05-12 01:07:08.167  1000  1406  1457 W Looper  : Slow dispatch took 125ms android.ui h=android.os.Handler c=android.os.Handler$BlockingRunnable@bda04e m=0
05-12 01:07:08.168  1000  1406  1406 D SystemServerTiming: StartInputManager
05-12 01:07:08.168  1000  1406  1406 I InputManager: Starting input manager
05-12 01:07:08.168  1000  1406  1574 D SystemServerTimingAsync: InitThreadPoolExec:StartHidlServices
05-12 01:07:08.168  1000  1406  1574 D SystemServerTimingAsync: StartHidlServices
05-12 01:07:08.170  1000  1406  1406 D SystemServerTiming: DisplayManagerWindowManagerAndInputReady
05-12 01:07:08.170  1000  1406  1406 D SystemServerTiming: StartBluetoothService
05-12 01:07:08.178  1000  1406  1406 I SystemServiceManager: Starting com.android.server.bluetooth.BluetoothService
05-12 01:07:08.182  1000  1406  1406 D SystemServerTiming: IpConnectivityMetrics
05-12 01:07:08.182  1000  1406  1406 I SystemServiceManager: Starting com.android.server.connectivity.IpConnectivityMetrics
05-12 01:07:08.182  1000  1406  1406 D SystemServerTiming: NetworkWatchlistService
05-12 01:07:08.182  1000  1406  1406 I SystemServiceManager: Starting com.android.server.net.watchlist.NetworkWatchlistService$Lifecycle
05-12 01:07:08.184  1000  1406  1406 I WatchlistSettings: Reload watchlist settings done
05-12 01:07:08.185  1000  1406  1582 I WatchlistLoggingHandler: Last report time is larger than current time, reset report
05-12 01:07:08.185  1000  1406  1406 D SystemServerTiming: PinnerService
05-12 01:07:08.185  1000  1406  1406 I SystemServiceManager: Starting com.android.server.PinnerService
05-12 01:07:08.185  1000  1406  1406 V HistoricalRegistry: Interaction before persistence initialized
05-12 01:07:08.186  1000  1406  1406 D SystemServerTiming: SignedConfigService
05-12 01:07:08.186  1000  1406  1406 D SystemServerTiming: AppIntegrityService
05-12 01:07:08.186  1000  1406  1406 I SystemServiceManager: Starting com.android.server.integrity.AppIntegrityManagerService
05-12 01:07:08.186  1000  1406  1470 D PinnerService: pinRangeStream: null
05-12 01:07:08.187  1000  1406  1406 E IntegrityFileManager: Error creating staging and rules directory
05-12 01:07:08.190  1000  1406  1406 D SystemServerTiming: StartLogcatManager
05-12 01:07:08.190  1000  1406  1406 I SystemServiceManager: Starting com.android.server.logcat.LogcatManagerService
05-12 01:07:08.190  1000  1406  1582 I WatchlistLoggingHandler: No need to aggregate record yet.
05-12 01:07:08.190  1000  1406  1582 I WatchlistLoggingHandler: Milliseconds spent on tryAggregateRecords(): 5
05-12 01:07:08.191  1000  1406  1470 D PinnerService: pinRangeStream: null
05-12 01:07:08.191  1000  1406  1470 D PinnerService: pinRangeStream: null
05-12 01:07:08.192  1000  1406  1406 I WindowManager: SAFE MODE not enabled
05-12 01:07:08.192  1000  1406  1470 D PinnerService: pinRangeStream: null
05-12 01:07:08.192  1000  1406  1406 D SystemServerTiming: StartInputMethodManagerLifecycle
05-12 01:07:08.192  1000  1406  1406 I SystemServiceManager: Starting com.android.server.inputmethod.InputMethodManagerService$Lifecycle
05-12 01:07:08.192  1000  1406  1470 D PinnerService: pinRangeStream: null
05-12 01:07:08.192  1000  1406  1470 D PinnerService: pinRangeStream: null
05-12 01:07:08.192  1000  1406  1470 D PinnerService: pinRangeStream: null
05-12 01:07:08.194  1000  1406  1406 D SystemServerTiming: StartAccessibilityManagerService
05-12 01:07:08.194  1000  1406  1406 I SystemServiceManager: Starting com.android.server.accessibility.AccessibilityManagerService$Lifecycle
05-12 01:07:08.196  1000  1406  1406 D SystemServerTiming: MakeDisplayReady
05-12 01:07:08.198  1000  1406  1406 I ActivityTaskManager: Config changes=20005df8 {1.0 ?mcc?mnc [en_US] ldltr sw411dp w411dp h850dp 560dpi nrml long port ?uimode ?night -touch -keyb/v/h -nav/h winConfig={ mBounds=Rect(0, 0 - 1440, 3120) mAppBounds=Rect(0, 145 - 1440, 3120) mMaxBounds=Rect(0, 0 - 1440, 3120) mDisplayRotation=ROTATION_0 mWindowingMode=fullscreen mDisplayWindowingMode=fullscreen mActivityType=undefined mAlwaysOnTop=undefined mRotation=ROTATION_0} s.2 ?fontWeightAdjustment}
05-12 01:07:08.199  1000  1406  1406 I WindowManager: Override config changes=60007dfc {1.0 ?mcc?mnc [en_US] ldltr sw411dp w411dp h850dp 560dpi nrml long port ?uimode ?night -touch -keyb/v/h -nav/h winConfig={ mBounds=Rect(0, 0 - 1440, 3120) mAppBounds=Rect(0, 145 - 1440, 3120) mMaxBounds=Rect(0, 0 - 1440, 3120) mDisplayRotation=ROTATION_0 mWindowingMode=fullscreen mDisplayWindowingMode=fullscreen mActivityType=undefined mAlwaysOnTop=undefined mRotation=ROTATION_0} s.2 ?fontWeightAdjustment} for displayId=0
05-12 01:07:08.200  1000  1406  1406 I DisplayDevice: [0] Layerstack set to 0 for local:4619827677550801152
05-12 01:07:08.203  1000  1406  1406 I ActivityTaskManager: Config changes=8 {1.0 ?mcc?mnc [en_US] ldltr sw411dp w411dp h850dp 560dpi nrml long port ?uimode ?night finger -keyb/v/h -nav/h winConfig={ mBounds=Rect(0, 0 - 1440, 3120) mAppBounds=Rect(0, 145 - 1440, 3120) mMaxBounds=Rect(0, 0 - 1440, 3120) mDisplayRotation=ROTATION_0 mWindowingMode=fullscreen mDisplayWindowingMode=fullscreen mActivityType=undefined mAlwaysOnTop=undefined mRotation=ROTATION_0} s.4 ?fontWeightAdjustment}
05-12 01:07:08.204  1000  1406  1406 I WindowManager: Override config changes=8 {1.0 ?mcc?mnc [en_US] ldltr sw411dp w411dp h850dp 560dpi nrml long port ?uimode ?night finger -keyb/v/h -nav/h winConfig={ mBounds=Rect(0, 0 - 1440, 3120) mAppBounds=Rect(0, 145 - 1440, 3120) mMaxBounds=Rect(0, 0 - 1440, 3120) mDisplayRotation=ROTATION_0 mWindowingMode=fullscreen mDisplayWindowingMode=fullscreen mActivityType=undefined mAlwaysOnTop=undefined mRotation=ROTATION_0} s.4 ?fontWeightAdjustment} for displayId=0
05-12 01:07:08.204  1000  1406  1406 D SystemServerTiming: StartStorageManagerService
05-12 01:07:08.204  1000  1406  1406 I SystemServiceManager: Starting com.android.server.StorageManagerService$Lifecycle
05-12 01:07:08.209  1000  1406  1586 D StorageManagerService: Thinking about init, mBootCompleted=false, mDaemonConnected=true
05-12 01:07:08.209  1000  1406  1586 D StorageManagerService: Thinking about reset, mBootCompleted=false, mDaemonConnected=true
05-12 01:07:08.210  1000  1406  1586 D StorageManagerService: Thinking about init, mBootCompleted=false, mDaemonConnected=true
05-12 01:07:08.210  1000  1406  1586 D StorageManagerService: Thinking about reset, mBootCompleted=false, mDaemonConnected=true
05-12 01:07:08.210  1000  1406  1406 D SystemServerTiming: StartStorageStatsService
05-12 01:07:08.210  1000  1406  1406 I SystemServiceManager: Starting com.android.server.usage.StorageStatsService$Lifecycle
05-12 01:07:08.213  1000  1406  1406 D SystemServerTiming: StartUiModeManager
05-12 01:07:08.213  1000  1406  1406 I SystemServiceManager: Starting com.android.server.UiModeManagerService
05-12 01:07:08.213  1000  1406  1587 D SystemServerTimingAsync: InitThreadPoolExec:UiModeManager.onStart
05-12 01:07:08.213  1000  1406  1406 D SystemServerTiming: StartLocaleManagerService
05-12 01:07:08.213  1000  1406  1406 I SystemServiceManager: Starting com.android.server.locales.LocaleManagerService
