01-01 07:00:02.417  root     0     0 I trusty  : boot args 0x*** 0x*** 0x1000 0x0
01-01 07:00:02.417  root     0     0 I trusty  : gicc 0x***, gicd 0x***, gicr 0x***
01-01 07:00:02.417  root     0     0 I trusty  : initializing trusty (Project: slider, Build: 9837119, Built: 15:25:27 Mar 28 2023)
01-01 07:00:02.587  root   425   425 I vold    : Vold 3.0 (the awakening) firing up
01-01 07:00:02.587  root   425   425 D vold    : Detected support for: ext4 f2fs vfat
01-01 07:00:02.592  root   425   425 D vold    : VoldNativeService::start() completed OK
01-01 07:00:02.647  root     0     0 I trusty  : hwkey_srv: 552: commta/vold/metadata_encryption/key
01-01itted=5/00000***/00000*** running=5/00000***/00000*** time=***ns
01-01 07:00:02.653  root     0     0 I trusty  : int fs_init_from_super(struct fs *, const struct super_block *, fs_init_flags32_t):584: loaded super block version 0
01-01 07:00:02.684  root   425   425 D vold    : fscrypt_mount_metadata_encrypted: /data encrypt: 0 format: 0 with null
01-01 07:00:02.684  root   425   425 D vold    : metadata_key_dir/key: /metada 07:00:02.685  root   425   425 D vold    : Key exists, using: /metadata/vold/metadata_encryption/key
01-01 07:00:02.695  1017   452   452 I keystore2: keystore2_main: Keystore2 is starting.
01-01 07:00:02.695  1017   452   452 I keystore2: keystore2_main: Setting up sqlite logging for keystore2
01-01 07:00:02.697  1017   452   452 W keystore2: keystore2::metrics_store: In update_keystore_crash_sysprop: Failed to read the existing system property due to: In read_keystore_crash_count: Property not set..Therefore, keystore crashes will not be logged.
01-01 07:00:02.699  1017   452   452 I keystore2: keystore2_main: Starting thread pool now.
01-01 07:00:02.701  1017   452   452 I keystore2: keystore2::globals: KeyMint device is current version (Some(200)) for security level: SecurityLevel(1)
01-01 07:00:02.802  1017   452   452 I keystore2: keystore2::globals: KeyMint device is current version (Some(200)) for security level: SecurityLevel(2)
01-01 07:00:02.804  1017   452   452 I keystore2: keystore2_main: Successfully registered Keystore 2.0 service.
01-01 07:00:02.804  1017   452   452 I keystore2: keystore2_main: Joining thread pool now.
01-01 07:00:02.806  root     0     0 I trusty  : system_state_server: 294: trusty=0/0/0 prov=0/0/1/0/0 app=0/0 roll=0/0/0/0
01-01 07:00:02.810  root   425   425 D vold    : Mounting metadata-encrypted filesystem:/data
01-01 07:00:02.811  root   425   425 I vold    : [libfs_mgr]Set readahead_kb: 128 on /sys/class/block/dm-46/queue/read_ahead_kb
01-01 07:00:02.811  root   425   425 I vold    : [libfs_mgr]Set readahead_kb: 128 on /sys/class/block/sda27/../queue/read_ahead_kb
01-01 07:00:02.812  root   425   425 I vold    : [libfs_mgr]Running /system/bin/fsck.f2fs -a -c 10000 --debug-cache /dev/block/dm-46
01-01 07:00:02.832  1017   452   479 I keystore2: keystore2::shared_secret_negotiation: Shared secret negotiation concluded successfully.
01-01 07:00:02.832  1017   452   479 I keystore2: keystore2::shared_secret_negotiation: StrongBox does not provide a challenge, so no RoT transfer: Status(-8, EX_SERVICE_SPECIFIC): '-100: '
01-01 07:00:02.936  root   425   425 I vold    : [libfs_mgr]__mount(source=/dev/block/dm-46,target=/data,type=f2fs)=0: Success
01-01 07:00:02.936  root   425   425 D vold    : Mounted /data
01-01 07:00:02.947  root   425   425 I Checkpoint: cp_prepareCheckpoint called
01-01 07:00:02.953  root   425   425 I vold    : fscrypt_initialize_systemwide_keys
01-01 07:00:02.953  root   425   425 D vold    : Key exists, using: /data/unencrypted/key
01-01 07:00:02.958  root   425   425 D vold    : Installed fscrypt key with ref ccdfe914486ed1d1fbf5d0ff509a73c7 to /data
01-01 07:00:02.958  root   425   425 D vold    : Added fscrypt-provisioning key for ccdfe914486ed1d1fbf5d0ff509a73c7 to session keyring
01-01 07:00:02.959  root   425   425 I vold    : Wrote system DE key reference to:/data/unencrypted/ref
01-01 07:00:02.959  root   425   425 D vold    : Generating wrapped storage key
01-01 07:00:02.961  root   425   425 D vold    : Installed fscrypt key with ref 915ead40bcc783e24ec62f1a7ac78a5d to /data
01-01 07:00:02.961  root   425   425 D vold    : Added fscrypt-provisioning key for 915ead40bcc783e24ec62f1a7ac78a5d to session keyring
01-01 07:00:02.962  root   425   425 I vold    : Wrote per boot key reference to:/data/unencrypted/per_boot_ref
01-01 07:00:02.978  root   425   425 I incfs   : Initial API level of the device: 31
01-01 07:00:02.978  root   425   425 I incfs   : ro.incremental.enable: true
01-01 07:00:02.978  root   425   425 I incfs   : isFsAvailable: true
01-01 07:00:02.978  root   425   425 I incfs   : isFsAvailable: true
01-01 07:00:02.979  root   425   425 I incfs   : IncFs_Features: v2
01-01 07:00:02.980  1017   452   481 I keystore2: keystore2::maintenance: In early_boot_ended.
01-01 07:00:02.985  1017   452   481 I keystore2: keystore2::globals: Touching Keystore 2.0 database for this first time since boot.
01-01 07:00:02.985  1017   452   481 I keystore2: keystore2::globals: Calling cleanup leftovers.
01-01 07:00:02.988  1017   452   481 I keystore2: keystore2::super_key: Starting boot level watcher.
01-01 07:00:02.988  1017   452   613 I keystore2: keystore2::super_key: Read keystore.boot_level value 30
01-01 07:00:02.988  1017   452   613 I keystore2: keystore2::super_key: Read keystore.boot_level value 30
01-01 07:00:02.989  1017   452   481 I keystore2: keystore2::maintenance: Call to earlyBootEnded succeeded for security level TRUSTED_ENVIRONMENT.
01-01 07:00:02.990  1017   452   481 I keystore2: keystore2::maintenance: Call to earlyBootEnded succeeded for security level STRONGBOX.
01-01 07:00:03.101  1003   471   618 I BootAnimation: Loaded dynamic color: persist.bootanim.color1 -> -403203
01-01 07:00:03.101  1003   471   618 I BootAnimation: Loaded dynamic color: persist.bootanim.color2 -> -7426845
01-01 07:00:03.101  1003   471   618 I BootAnimation: Loaded dynamic color: persist.bootanim.color3 -> -9603447
01-01 07:00:03.101  1003   471   618 I BootAnimation: Loaded dynamic color: persist.bootanim.color4 -> -2694145
01-01 07:00:03.101  1003   471   618 I BootAnimation: Dynamically coloring boot animation. Sysprops loaded? 1
01-01 07:00:03.101  1003   471   618 D BootAnimation: BootAnimationShownTiming start time: 3473ms
01-01 07:00:03.417  root   425   425 D vold    : fscrypt_init_user0
01-01 07:00:03.417  root   425   425 D vold    : Preparing: /data/misc/vold/user_keys
01-01 07:00:03.417  root   425   425 D vold    : Preparing: /data/misc/vold/user_keys/ce
01-01 07:00:03.417  root   425   425 D vold    : Preparing: /data/misc/vold/user_keys/de
01-01 07:00:03.428  root   425   425 D vold    : Installed fscrypt key with ref 3fadf85bb628584a8d6de17f0db0a826 to /data
01-01 07:00:03.428  root   425   425 D vold    : Added fscrypt-provisioning key for 3fadf85bb628584a8d6de17f0db0a826 to session keyring
01-01 07:00:03.428  root   425   425 D vold    : Installed de key for user 0
01-01 07:00:03.428  root   425   425 D vold    : fscrypt_prepare_user_storage for volume null, user 0, serial 0, flags 1
01-01 07:00:03.428  root   425   425 D vold    : Preparing: /data/system/users/0
01-01 07:00:03.429  root   425   425 D vold    : Preparing: /data/misc/profiles/cur/0
01-01 07:00:03.429  root   425   425 D vold    : Preparing: /data/system_de/0
01-01 07:00:03.429  root   425   425 D vold    : Preparing: /data/vendor_de/0
01-01 07:00:03.429  root   425   425 D vold    : Preparing: /data/misc_de/0
01-01 07:00:03.429  root   425   425 D vold    : Preparing: /data/user_de/0
01-01 07:00:03.430  root   425   425 I vold    : Verified that /data/system_de/0 has the encryption policy 3fadf85bb628584a8d6de17f0db0a826 v2 modes 1/4 flags 0xa
01-01 07:00:03.430  root   425   425 I vold    : Verified that /data/vendor_de/0 has the encryption policy 3fadf85bb628584a8d6de17f0db0a826 v2 modes 1/4 flags 0xa
01-01 07:00:03.430  root   425   425 I vold    : Verified that /data/misc_de/0 has the encryption policy 3fadf85bb628584a8d6de17f0db0a826 v2 modes 1/4 flags 0xa
01-01 07:00:03.430  root   425   425 I vold    : Verified that /data/user_de/0 has the encryption policy 3fadf85bb628584a8d6de17f0db0a826 v2 modes 1/4 flags 0xa
01-01 07:00:03.430  root   425   425 D vold    : /system/bin/vold_prepare_subdirs
01-01 07:00:03.430  root   425   425 D vold    :     prepare
01-01 07:00:03.430  root   425   425 D vold    :     
01-01 07:00:03.430  root   425   425 D vold    :     0
01-01 07:00:03.430  root   425   425 D vold    :     1
01-01 07:00:03.448  root   425   425 D vold    : Detected support for FS_IOC_ADD_ENCRYPTION_KEY
01-01 07:00:03.490  root   727   727 I odsign  : Trying to retrieve existing HMAC key...
01-01 07:00:03.490  root   727   727 I odsign  : Trying to retrieve existing keystore key...
01-01 07:00:03.493  root   727   727 I odsign  : Verified public key signature.
01-01 07:00:03.493  root   727   727 I odsign  : Initialized Keystore key.
01-01 07:00:03.494  root   727   727 I odsign  : Found and verified existing public key certificate: /data/misc/odsign/key.cert
01-01 07:00:03.542  root   729   729 I odrefresh: ART APEX version 331413030
01-01 07:00:03.542  root   729   729 I odrefresh: Factory ART APEX mounted.
01-01 07:00:03.543  root   729   729 I odrefresh: System properties are set to default values.
01-01 07:00:03.543  root   729   729 I odrefresh: Factory ART APEX mounted.
01-01 07:00:03.543  root   729   729 I odrefresh: System properties are set to default values.
01-01 07:00:03.543  root   729   729 I odrefresh: Factory APEXes mounted.
01-01 07:00:03.543  root   729   729 I odrefresh: System properties are set to default values.
01-01 07:00:03.548  root   727   727 I odsign  : /data/misc/odsign/odsign.info not found.
01-01 07:00:03.549  root   727   727 I odsign  : odrefresh said artifacts are VALID
01-01 07:00:03.549  root   727   727 I odsign  : On-device signing done.
01-01 07:00:03.557  1017   452   613 I keystore2: keystore2::super_key: keystore.boot_level 1000000000 hits maximum 1000000000, finishing.
01-01 07:00:04.106  1000   837   837 I WirelessCharger@1.3: WirelessCharger HAL is starting
01-01 07:00:04.106  1000   837   837 I vendor.google.wireless_charger@1.3-service-vendor: WirelessEventThread started
01-01 07:00:04.111  1000   837   837 I HidlServiceManagement: Registered vendor.google.wireless_charger@1.3::IWirelessCharger/default
01-01 07:00:04.112  1000   837   837 I WirelessCharger@1.3: WirelessCharger HAL is started
01-01 07:00:04.156  root   869   869 I gsid    : no DSU: No such file or directory
01-01 07:00:04.177  wifi   835   835 I vendor.google.wifi_ext@1.0-service-vendor: Wifi Hal is booting up...
01-01 07:00:04.179  wifi   835   835 I HidlServiceManagement: Registered android.hardware.wifi@1.6::IWifi/default
01-01 07:00:04.181  wifi   835   835 I HidlServiceManagement: Registered vendor.google.wifi_ext@1.3::IWifiExt/default
01-01 07:00:04.402  root   938   938 I installd: installd firing up
01-01 07:00:04.453  wifi   951   951 I wificond: wificond is starting up...
01-01 07:00:04.472  wifi   951   951 I HidlServiceManagement: Registered android.system.wifi.keystore@1.0::IKeystore/default
01-01 07:00:04.670  root     0     0 I trusty  : hwmgr-proxy-srv: 416: AOC: configure sysmmu entry = 0x*** 0x*** 0x***
01-01 07:00:04.674  root     0     0 I trusty  : hwmgr-proxy-srv: 416: AOC: configure sysmmu entry = 0x*** 0x*** 0x***
01-01 07:00:04.674  root     0     0 I trusty  : hwmgr-proxy-srv: 416: AOC: configure sysmmu entry = 0x*** 0x*** 0x***
01-01 07:00:04.674  root     0     0 I trusty  : hwmgr-proxy-srv: 416: AOC: configure sysmmu entry = 0x*** 0x*** 0x***
01-01 07:00:04.674  root     0     0 I trusty  : hwmgr-proxy-srv: 416: AOC: configure sysmmu entry = 0x*** 0x*** 0x***
01-01 07:00:04.674  root     0     0 I trusty  : hwmgr-proxy-srv: 416: AOC: configure sysmmu entry = 0x*** 0x*** 0x***
01-01 07:00:04.873  1000   772   772 I Lyric   : camera_provider_manager_impl.cc:26: Creating CameraProviderManager
01-01 07:00:04.874  1000   772   772 I Lyric   : dpm_bandwidth_manager.cc:42: dpm: WhiDpmClockBandwidthManager
01-01 07:00:04.874  1000   772   772 I G3ACoordinator: coordinator.cc:177: InitHWVersion = 3
01-01 07:00:04.874  1000   772   772 I G3ACoordinator: coordinator.cc:181: FATP Enable = 0
01-01 07:00:04.876  1000   772   772 I Lyric   : whi_device_context.cc:489: Using external AE controller: 3A Coordinator
01-01 07:00:04.876  1000   772   772 I Lyric   : external_auto_focus_controller_proxy.cc:873: has_cdaf_early_interrupt_ = 1
01-01 07:00:04.878  1000   772   772 I Lyric   : whi_device_context.cc:505: Using external AF controller: 3A Coordinator
01-01 07:00:04.878  1000   772   772 I Lyric   : whi_device_context.cc:520: Using external AWB controller: 3A Coordinator
01-01 07:00:04.878  1000   772   772 I Lyric   : whi_device_context.cc:536: Using external ASD controller: 3A Coordinator
01-01 07:00:04.880  1000   772  1153 I Lyric   : lwis_client_with_event_thread.cc:92: LwisClient(scsc) event thread is starting . . .
01-01 07:00:04.880  1000   772  1154 I Lyric   : lwis_client_with_event_thread.cc:92: LwisClient(mcsc) event thread is starting . . .
01-01 07:00:04.880  1000   772  1155 I Lyric   : lwis_client_with_event_thread.cc:92: LwisClient(gdc1) event thread is starting . . .
01-01 07:00:04.881  1000   772  1156 I Lyric   : lwis_client_with_event_thread.cc:92: LwisClient(gdc0) event thread is starting . . .
01-01 07:00:04.887  1000   772  1157 I Lyric   : lwis_client_with_event_thread.cc:92: LwisClient(itp) event thread is starting . . .
01-01 07:00:04.889  1000   772   772 I Lyric   : g3aa_driver.cc:188: G3AA PDAF line buffer size for context 0: 5184
01-01 07:00:04.889  1000   772   772 I Lyric   : g3aa_driver.cc:188: G3AA PDAF line buffer size for context 1: 5184
01-01 07:00:04.889  1000   772   772 I Lyric   : g3aa_driver.cc:226: G3AA Bayer line buffer size for context 0: 5184
01-01 07:00:04.889  1000   772   772 I Lyric   : g3aa_driver.cc:226: G3AA Bayer line buffer size for context 1: 5184
01-01 07:00:04.889  1000   772   772 I Lyric   : g3aa_driver.cc:226: G3AA Bayer line buffer size for context 2: 5184
01-01 07:00:04.890  1000   772   772 I Lyric   : g3aa_driver.cc:275: Initializing the G3AA Driver. HW Revision: B0. BW Limiter [Enabled], cycles per slot: 100, bytes per slot: 512, bytes per window: 20480
01-01 07:00:05.853  1000  1406  1406 D SystemServerTiming: InitBeforeStartServices
01-01 07:00:05.855  1000  1406  1406 I SystemServer: Entered the Android system server!
01-01 07:00:05.995  1000  1406  1406 I SystemServerInitThreadPool: Creating instance with 8 threads
01-01 07:00:06.246  1000  1406  1406 D SystemServerTiming: StartServices
01-01 07:00:06.246  1000  1406  1406 D SystemServerTiming: startBootstrapServices
01-01 07:00:06.246  1000  1406  1406 D SystemServerTiming: StartWatchdog
01-01 07:00:06.251  1000  1406  1406 I SystemServer: Reading configuration...
01-01 07:00:06.251  1000  1406  1406 D SystemServerTiming: ReadingSystemConfig
01-01 07:00:06.251  1000  1406  1406 D SystemServerTiming: PlatformCompat
01-01 07:00:06.251  1000  1406  1464 D SystemServerTimingAsync: InitThreadPoolExec:ReadingSystemConfig
01-01 07:00:06.252  1000  1406  1464 I SystemConfig: Reading permissions from /system/etc/sysconfig/framework-sysconfig.xml
01-01 07:00:06.252  1000  1406  1406 D CompatConfig: Found a config file: /system/etc/compatconfig/TeleService-platform-compat-config.xml
01-01 07:00:06.252  1000  1406  1406 D CompatConfig: Adding: com.android.server.compat.config.Change@500b68c
01-01 07:00:06.252  1000  1406  1406 D CompatConfig: Adding: com.android.server.compat.config.Change@53491d5
01-01 07:00:06.252  1000  1406  1406 D CompatConfig: Adding: com.android.server.compat.config.Change@b8f2dea
01-01 07:00:06.252  1000  1406  1406 D CompatConfig: Adding: com.android.server.compat.config.Change@8f008db
01-01 07:00:06.253  1000  1406  1406 D CompatConfig: Adding: com.android.server.compat.config.Change@548af78
01-01 07:00:06.253  1000  1406  1406 D CompatConfig: Adding: com.android.server.compat.config.Change@4397651
01-01 07:00:06.253  1000  1406  1464 I SystemConfig: Reading permissions from /system/etc/sysconfig/preinstalled-packages-platform.xml
01-01 07:00:06.253  1000  1406  1406 D CompatConfig: Found a config file: /system/etc/compatconfig/framework-platform-compat-config.xml
01-01 07:00:06.253  1000  1406  1464 I SystemConfig: Reading permissions from /system/etc/sysconfig/hiddenapi-package-whitelist.xml
01-01 07:00:06.254  1000  1406  1464 I SystemConfig: Reading permissions from /system/etc/permissions/com.android.mediadrm.signer.xml
01-01 07:00:06.254  1000  1406  1464 I SystemConfig: Reading permissions from /system/etc/permissions/privapp-permissions-google.xml
01-01 07:00:06.254  1000  1406  1406 D CompatConfig: Adding: com.android.server.compat.config.Change@5d4b853
01-01 07:00:06.254  1000  1406  1406 D CompatConfig: Adding: com.android.server.compat.config.Change@eedf590
01-01 07:00:06.254  1000  1406  1406 D CompatConfig: Adding: com.android.server.compat.config.Change@9839e89
01-01 07:00:06.254  1000  1406  1406 D CompatConfig: Adding: com.android.server.compat.config.Change@e4e6e8e
01-01 07:00:06.254  1000  1406  1406 D CompatConfig: Adding: com.android.server.compat.config.Change@ce886af
01-01 07:00:06.254  1000  1406  1406 D CompatConfig: Adding: com.android.server.compat.config.Change@264dabc
01-01 07:00:06.254  1000  1406  1406 D CompatConfig: Adding: com.android.server.compat.config.Change@8fe9a45
01-01 07:00:06.254  1000  1406  1406 D CompatConfig: Adding: com.android.server.compat.config.Change@dc6e59a
01-01 07:00:06.254  1000  1406  1406 D CompatConfig: Adding: com.android.server.compat.config.Change@6c0decb
01-01 07:00:06.254  1000  1406  1406 D CompatConfig: Adding: com.android.server.compat.config.Change@2e6a8
01-01 07:00:06.254  1000  1406  1406 D CompatConfig: Adding: com.android.server.compat.config.Change@17395c1
01-01 07:00:06.254  1000  1406  1406 D CompatConfig: Adding: com.android.server.compat.config.Change@a1dc166
01-01 07:00:06.254  1000  1406  1406 D CompatConfig: Adding: com.android.server.compat.config.Change@a7c9ca7
01-01 07:00:06.254  1000  1406  1406 D CompatConfig: Adding: com.android.server.compat.config.Change@ef3c554
01-01 07:00:06.254  1000  1406  1406 D CompatConfig: Adding: com.android.server.compat.config.Change@6e2ccfd
01-01 07:00:06.254  1000  1406  1406 D CompatConfig: Adding: com.android.server.compat.config.Change@1b48df2
01-01 07:00:06.254  1000  1406  1406 D CompatConfig: Adding: com.android.server.compat.config.Change@84c5c43
01-01 07:00:06.254  1000  1406  1406 D CompatConfig: Adding: com.android.server.compat.config.Change@b71e2c0
01-01 07:00:06.254  1000  1406  1406 D CompatConfig: Adding: com.android.server.compat.config.Change@3143bf9
01-01 07:00:06.254  1000  1406  1406 D CompatConfig: Adding: com.android.server.compat.config.Change@579973e
01-01 07:00:06.254  1000  1406  1406 D CompatConfig: Adding: com.android.server.compat.config.Change@8ce799f
01-01 07:00:06.254  1000  1406  1406 D CompatConfig: Adding: com.android.server.compat.config.Change@8f26aec
01-01 07:00:06.254  1000  1406  1406 D CompatConfig: Adding: com.android.server.compat.config.Change@a539eb5
01-01 07:00:06.254  1000  1406  1406 D CompatConfig: Adding: com.android.server.compat.config.Change@4f3e94a
01-01 07:00:06.254  1000  1406  1406 D CompatConfig: Adding: com.android.server.compat.config.Change@62b10bb
01-01 07:00:06.254  1000  1406  1406 D CompatConfig: Adding: com.android.server.compat.config.Change@b1149d8
01-01 07:00:06.254  1000  1406  1406 D CompatConfig: Adding: com.android.server.compat.config.Change@fec7131
01-01 07:00:06.254  1000  1406  1406 D CompatConfig: Adding: com.android.server.compat.config.Change@f0f5016
01-01 07:00:06.254  1000  1406  1406 D CompatConfig: Adding: com.android.server.compat.config.Change@aeffd97
01-01 07:00:06.254  1000  1406  1406 D CompatConfig: Adding: com.android.server.compat.config.Change@13d2b84
01-01 07:00:06.254  1000  1406  1406 D CompatConfig: Adding: com.android.server.compat.config.Change@665ef6d
01-01 07:00:06.254  1000  1406  1406 D CompatConfig: Adding: com.android.server.compat.config.Change@3a857a2
01-01 07:00:06.254  1000  1406  1406 D CompatConfig: Adding: com.android.server.compat.config.Change@2acdc33
01-01 07:00:06.254  1000  1406  1406 D CompatConfig: Adding: com.android.server.compat.config.Change@1237bf0
01-01 07:00:06.254  1000  1406  1406 D CompatConfig: Adding: com.android.server.compat.config.Change@77f1569
01-01 07:00:06.254  1000  1406  1406 D CompatConfig: Adding: com.android.server.compat.config.Change@1d84bee
01-01 07:00:06.254  1000  1406  1406 D CompatConfig: Adding: com.android.server.compat.config.Change@84f088f
01-01 07:00:06.254  1000  1406  1406 D CompatConfig: Adding: com.android.server.compat.config.Change@bdc671c
01-01 07:00:06.254  1000  1406  1406 D CompatConfig: Adding: com.android.server.compat.config.Change@fea9f25
01-01 07:00:06.254  1000  1406  1406 D CompatConfig: Adding: com.android.server.compat.config.Change@f0138fa
01-01 07:00:06.254  1000  1406  1406 D CompatConfig: Adding: com.android.server.compat.config.Change@e3d9eab
01-01 07:00:06.254  1000  1406  1406 D CompatConfig: Adding: com.android.server.compat.config.Change@9d6d908
01-01 07:00:06.255  1000  1406  1406 D CompatConfig: Adding: com.android.server.compat.config.Change@acb08a1
01-01 07:00:06.255  1000  1406  1406 D CompatConfig: Adding: com.android.server.compat.config.Change@299eac6
01-01 07:00:06.255  1000  1406  1406 D CompatConfig: Adding: com.android.server.compat.config.Change@c357a87
01-01 07:00:06.255  1000  1406  1406 D CompatConfig: Adding: com.android.server.compat.config.Change@9847db4
01-01 07:00:06.255  1000  1406  1406 D CompatConfig: Adding: com.android.server.compat.config.Change@8ee8ddd
01-01 07:00:06.255  1000  1406  1406 D CompatConfig: Adding: com.android.server.compat.config.Change@2b9ed52
01-01 07:00:06.255  1000  1406  1406 D CompatConfig: Adding: com.android.server.compat.config.Change@ee53823
01-01 07:00:06.255  1000  1406  1406 D CompatConfig: Adding: com.android.server.compat.config.Change@cc5c120
01-01 07:00:06.255  1000  1406  1406 D CompatConfig: Adding: com.android.server.compat.config.Change@fcb2ad9
01-01 07:00:06.255  1000  1406  1406 D CompatConfig: Adding: com.android.server.compat.config.Change@d658c9e
01-01 07:00:06.255  1000  1406  1406 D CompatConfig: Adding: com.android.server.compat.config.Change@549337f
01-01 07:00:06.255  1000  1406  1406 D CompatConfig: Adding: com.android.server.compat.config.Change@115cf4c
01-01 07:00:06.255  1000  1406  1406 D CompatConfig: Adding: com.android.server.compat.config.Change@c3a9b95
01-01 07:00:06.255  1000  1406  1406 D CompatConfig: Adding: com.android.server.compat.config.Change@a99d4aa
01-01 07:00:06.255  1000  1406  1406 D CompatConfig: Adding: com.android.server.compat.config.Change@7c7889b
01-01 07:00:06.255  1000  1406  1406 D CompatConfig: Adding: com.android.server.compat.config.Change@e769438
01-01 07:00:06.255  1000  1406  1406 D CompatConfig: Adding: com.android.server.compat.config.Change@4f65c11
01-01 07:00:06.255  1000  1406  1406 D CompatConfig: Adding: com.android.server.compat.config.Change@3189176
01-01 07:00:06.255  1000  1406  1406 D CompatConfig: Adding: com.android.server.compat.config.Change@50c1377
01-01 07:00:06.255  1000  1406  1406 D CompatConfig: Adding: com.android.server.compat.config.Change@91cbbe4
01-01 07:00:06.255  1000  1406  1406 D CompatConfig: Adding: com.android.server.compat.config.Change@8d3a84d
01-01 07:00:06.255  1000  1406  1406 D CompatConfig: Adding: com.android.server.compat.config.Change@7f44f02
01-01 07:00:06.255  1000  1406  1406 D CompatConfig: Adding: com.android.server.compat.config.Change@a47013
01-01 07:00:06.255  1000  1406  1406 D CompatConfig: Adding: com.android.server.compat.config.Change@1dbb250
01-01 07:00:06.255  1000  1406  1406 D CompatConfig: Adding: com.android.server.compat.config.Change@4bf7c49
01-01 07:00:06.255  1000  1406  1406 D CompatConfig: Adding: com.android.server.compat.config.Change@6dc594e
01-01 07:00:06.255  1000  1406  1406 D CompatConfig: Adding: com.android.server.compat.config.Change@f5bfa6f
01-01 07:00:06.255  1000  1406  1406 D CompatConfig: Adding: com.android.server.compat.config.Change@151a37c
01-01 07:00:06.255  1000  1406  1406 D CompatConfig: Adding: com.android.server.compat.config.Change@d7a9405
01-01 07:00:06.255  1000  1406  1406 D CompatConfig: Adding: com.android.server.compat.config.Change@728bc5a
01-01 07:00:06.255  1000  1406  1406 D CompatConfig: Adding: com.android.server.compat.config.Change@d57ce8b
01-01 07:00:06.255  1000  1406  1406 D CompatConfig: Adding: com.android.server.compat.config.Change@9d37b68
01-01 07:00:06.255  1000  1406  1406 D CompatConfig: Adding: com.android.server.compat.config.Change@9156b81
01-01 07:00:06.255  1000  1406  1406 D CompatConfig: Adding: com.android.server.compat.config.Change@ba64426
01-01 07:00:06.255  1000  1406  1406 D CompatConfig: Adding: com.android.server.compat.config.Change@9f2c867
01-01 07:00:06.255  1000  1406  1406 D CompatConfig: Adding: com.android.server.compat.config.Change@c18e614
01-01 07:00:06.255  1000  1406  1406 D CompatConfig: Adding: com.android.server.compat.config.Change@42c3ebd
01-01 07:00:06.255  1000  1406  1406 D CompatConfig: Adding: com.android.server.compat.config.Change@5227cb2
01-01 07:00:06.255  1000  1406  1406 D CompatConfig: Adding: com.android.server.compat.config.Change@5598403
01-01 07:00:06.255  1000  1406  1406 D CompatConfig: Adding: com.android.server.compat.config.Change@aa84f80
01-01 07:00:06.255  1000  1406  1406 D CompatConfig: Adding: com.android.server.compat.config.Change@ee309b9
01-01 07:00:06.255  1000  1406  1406 D CompatConfig: Adding: com.android.server.compat.config.Change@1b7b1fe
01-01 07:00:06.255  1000  1406  1406 D CompatConfig: Adding: com.android.server.compat.config.Change@be65d5f
01-01 07:00:06.255  1000  1406  1406 D CompatConfig: Adding: com.android.server.compat.config.Change@802e3ac
01-01 07:00:06.255  1000  1406  1406 D CompatConfig: Adding: com.android.server.compat.config.Change@da18875
01-01 07:00:06.255  1000  1406  1406 D CompatConfig: Adding: com.android.server.compat.config.Change@b3d707b
01-01 07:00:06.255  1000  1406  1406 D CompatConfig: Adding: com.android.server.compat.config.Change@b908e98
01-01 07:00:06.255  1000  1406  1406 D CompatConfig: Adding: com.android.server.compat.config.Change@98f36f1
01-01 07:00:06.255  1000  1406  1464 I SystemConfig: Reading permissions from /system/etc/permissions/android.test.runner.xml
01-01 07:00:06.255  1000  1406  1406 D CompatConfig: Adding: com.android.server.compat.config.Change@41e02d6
01-01 07:00:06.255  1000  1406  1406 D CompatConfig: Adding: com.android.server.compat.config.Change@d289957
01-01 07:00:06.255  1000  1406  1406 D CompatConfig: Adding: com.android.server.compat.config.Change@94bfc44
01-01 07:00:06.255  1000  1406  1406 D CompatConfig: Adding: com.android.server.compat.config.Change@ccf512d
01-01 07:00:06.255  1000  1406  1406 D CompatConfig: Adding: com.android.server.compat.config.Change@4cf7662
01-01 07:00:06.255  1000  1406  1406 D CompatConfig: Adding: com.android.server.compat.config.Change@43373f3
01-01 07:00:06.255  1000  1406  1406 D CompatConfig: Adding: com.android.server.compat.config.Change@82e98b0
01-01 07:00:06.255  1000  1406  1406 D CompatConfig: Adding: com.android.server.compat.config.Change@67cd329
01-01 07:00:06.255  1000  1406  1406 D CompatConfig: Adding: com.android.server.compat.config.Change@63296ae
01-01 07:00:06.255  1000  1406  1406 D CompatConfig: Adding: com.android.server.compat.config.Change@6075c4f
01-01 07:00:06.255  1000  1406  1464 I SystemConfig: Reading permissions from /system/etc/permissions/com.android.media.remotedisplay.xml
01-01 07:00:06.255  1000  1406  1406 D CompatConfig: Found a config file: /system/etc/compatconfig/icu4j-platform-compat-config.xml
01-01 07:00:06.255  1000  1406  1464 I SystemConfig: Reading permissions from /system/etc/permissions/com.android.future.usb.accessory.xml
01-01 07:00:06.256  1000  1406  1406 D CompatConfig: Adding: com.android.server.compat.config.Change@f876e6b
01-01 07:00:06.256  1000  1406  1464 I SystemConfig: Reading permissions from /system/etc/permissions/javax.obex.xml
01-01 07:00:06.256  1000  1406  1406 D CompatConfig: Found a config file: /system/etc/compatconfig/services-platform-compat-config.xml
01-01 07:00:06.256  1000  1406  1464 I SystemConfig: Reading permissions from /system/etc/permissions/android.software.webview.xml
01-01 07:00:06.257  1000  1406  1464 I SystemConfig: Reading permissions from /system/etc/permissions/com.android.intentresolver.xml
01-01 07:00:06.257  1000  1406  1406 D CompatConfig: Adding: com.android.server.compat.config.Change@853df9d
01-01 07:00:06.257  1000  1406  1464 I SystemConfig: Reading permissions from /system/etc/permissions/org.apache.http.legacy.xml
01-01 07:00:06.257  1000  1406  1406 D CompatConfig: Adding: com.android.server.compat.config.Change@a463c12
01-01 07:00:06.257  1000  1406  1406 D CompatConfig: Adding: com.android.server.compat.config.Change@e213fe3
01-01 07:00:06.257  1000  1406  1406 D CompatConfig: Adding: com.android.server.compat.config.Change@2318de0
01-01 07:00:06.257  1000  1406  1406 D CompatConfig: Adding: com.android.server.compat.config.Change@393d899
01-01 07:00:06.257  1000  1406  1406 D CompatConfig: Adding: com.android.server.compat.config.Change@148075e
01-01 07:00:06.257  1000  1406  1406 D CompatConfig: Adding: com.android.server.compat.config.Change@e9df73f
01-01 07:00:06.257  1000  1406  1406 D CompatConfig: Adding: com.android.server.compat.config.Change@451a80c
01-01 07:00:06.257  1000  1406  1406 D CompatConfig: Adding: com.android.server.compat.config.Change@d406555
01-01 07:00:06.257  1000  1406  1406 D CompatConfig: Adding: com.android.server.compat.config.Change@8093b6a
01-01 07:00:06.257  1000  1406  1406 D CompatConfig: Adding: com.android.server.compat.config.Change@a04c85b
01-01 07:00:06.257  1000  1406  1406 D CompatConfig: Adding: com.android.server.compat.config.Change@a7738f8
01-01 07:00:06.257  1000  1406  1406 D CompatConfig: Adding: com.android.server.compat.config.Change@fef01d1
01-01 07:00:06.257  1000  1406  1406 D CompatConfig: Adding: com.android.server.compat.config.Change@3f7a436
01-01 07:00:06.257  1000  1406  1406 D CompatConfig: Adding: com.android.server.compat.config.Change@c3d8f37
01-01 07:00:06.257  1000  1406  1406 D CompatConfig: Adding: com.android.server.compat.config.Change@362eca4
01-01 07:00:06.257  1000  1406  1406 D CompatConfig: Adding: com.android.server.compat.config.Change@10ea0d
01-01 07:00:06.257  1000  1406  1406 D CompatConfig: Adding: com.android.server.compat.config.Change@191cdc2
01-01 07:00:06.257  1000  1406  1406 D CompatConfig: Adding: com.android.server.compat.config.Change@dd1e7d3
01-01 07:00:06.257  1000  1406  1406 D CompatConfig: Adding: com.android.server.compat.config.Change@7342f10
01-01 07:00:06.257  1000  1406  1406 D CompatConfig: Adding: com.android.server.compat.config.Change@def1a09
01-01 07:00:06.257  1000  1406  1406 D CompatConfig: Adding: com.android.server.compat.config.Change@4b3040e
01-01 07:00:06.257  1000  1406  1406 D CompatConfig: Adding: com.android.server.compat.config.Change@c492e2f
01-01 07:00:06.257  1000  1406  1406 D CompatConfig: Adding: com.android.server.compat.config.Change@e952c3c
01-01 07:00:06.257  1000  1406  1406 D CompatConfig: Adding: com.android.server.compat.config.Change@b664dc5
01-01 07:00:06.257  1000  1406  1406 D CompatConfig: Adding: com.android.server.compat.config.Change@c447e4b
01-01 07:00:06.257  1000  1406  1406 D CompatConfig: Adding: com.android.server.compat.config.Change@a6d028
01-01 07:00:06.257  1000  1406  1464 I SystemConfig: Reading permissions from /system/etc/permissions/android.test.base.xml
01-01 07:00:06.257  1000  1406  1406 D CompatConfig: Adding: com.android.server.compat.config.Change@1630141
01-01 07:00:06.257  1000  1406  1406 D CompatConfig: Adding: com.android.server.compat.config.Change@acf86e6
01-01 07:00:06.257  1000  1406  1406 D CompatConfig: Adding: com.android.server.compat.config.Change@15ab427
01-01 07:00:06.257  1000  1406  1406 D CompatConfig: Adding: com.android.server.compat.config.Change@3acc6d4
01-01 07:00:06.257  1000  1406  1406 D CompatConfig: Adding: com.android.server.compat.config.Change@11d707d
01-01 07:00:06.257  1000  1406  1406 D CompatConfig: Adding: com.android.server.compat.config.Change@f7d2b72
01-01 07:00:06.257  1000  1406  1406 D CompatConfig: Adding: com.android.server.compat.config.Change@7b46bc3
01-01 07:00:06.257  1000  1406  1406 D CompatConfig: Adding: com.android.server.compat.config.Change@c797c40
01-01 07:00:06.257  1000  1406  1406 D CompatConfig: Adding: com.android.server.compat.config.Change@d159779
01-01 07:00:06.257  1000  1406  1406 D CompatConfig: Adding: com.android.server.compat.config.Change@6ee8cbe
01-01 07:00:06.257  1000  1406  1406 D CompatConfig: Adding: com.android.server.compat.config.Change@b68011f
01-01 07:00:06.257  1000  1406  1406 D CompatConfig: Adding: com.android.server.compat.config.Change@89a1c6c
01-01 07:00:06.257  1000  1406  1406 D CompatConfig: Adding: com.android.server.compat.config.Change@5cf3235
01-01 07:00:06.257  1000  1406  1406 D CompatConfig: Adding: com.android.server.compat.config.Change@482b6ca
01-01 07:00:06.257  1000  1406  1406 D CompatConfig: Adding: com.android.server.compat.config.Change@995903b
01-01 07:00:06.257  1000  1406  1406 D CompatConfig: Adding: com.android.server.compat.config.Change@f429358
01-01 07:00:06.257  1000  1406  1406 D CompatConfig: Adding: com.android.server.compat.config.Change@64dbcb1
01-01 07:00:06.257  1000  1406  1406 D CompatConfig: Adding: com.android.server.compat.config.Change@7d7596
01-01 07:00:06.257  1000  1406  1406 D CompatConfig: Adding: com.android.server.compat.config.Change@742f517
01-01 07:00:06.257  1000  1406  1406 D CompatConfig: Adding: com.android.server.compat.config.Change@4f98d04
01-01 07:00:06.257  1000  1406  1406 D CompatConfig: Adding: com.android.server.compat.config.Change@c5072ed
01-01 07:00:06.257  1000  1406  1406 D CompatConfig: Adding: com.android.server.compat.config.Change@1935522
01-01 07:00:06.257  1000  1406  1406 D CompatConfig: Adding: com.android.server.compat.config.Change@9f7cbb3
01-01 07:00:06.257  1000  1406  1406 D CompatConfig: Adding: com.android.server.compat.config.Change@e047570
01-01 07:00:06.257  1000  1406  1406 D CompatConfig: Adding: com.android.server.compat.config.Change@84e50e9
01-01 07:00:06.257  1000  1406  1406 D CompatConfig: Adding: com.android.server.compat.config.Change@335a16e
01-01 07:00:06.257  1000  1406  1406 D CompatConfig: Adding: com.android.server.compat.config.Change@e19700f
01-01 07:00:06.257  1000  1406  1406 D CompatConfig: Adding: com.android.server.compat.config.Change@b93789c
01-01 07:00:06.257  1000  1406  1406 D CompatConfig: Adding: com.android.server.compat.config.Change@13212a5
01-01 07:00:06.257  1000  1406  1406 D CompatConfig: Adding: com.android.server.compat.config.Change@49e667a
01-01 07:00:06.257  1000  1406  1406 D CompatConfig: Adding: com.android.server.compat.config.Change@fad8288
01-01 07:00:06.257  1000  1406  1406 D CompatConfig: Adding: com.android.server.compat.config.Change@7d63421
01-01 07:00:06.257  1000  1406  1406 D CompatConfig: Adding: com.android.server.compat.config.Change@c9c7046
01-01 07:00:06.257  1000  1406  1464 I SystemConfig: Reading permissions from /system/etc/permissions/privapp-permissions-platform.xml
01-01 07:00:06.257  1000  1406  1406 D CompatConfig: Adding: com.android.server.compat.config.Change@4f55207
01-01 07:00:06.257  1000  1406  1406 D CompatConfig: Adding: com.android.server.compat.config.Change@3dc3f34
01-01 07:00:06.257  1000  1406  1406 D CompatConfig: Adding: com.android.server.compat.config.Change@640f15d
01-01 07:00:06.258  1000  1406  1406 D CompatConfig: Adding: com.android.server.compat.config.Change@e1f4ad2
01-01 07:00:06.258  1000  1406  1406 D CompatConfig: Adding: com.android.server.compat.config.Change@c8b07a3
01-01 07:00:06.258  1000  1406  1406 D CompatConfig: Found a config file: /system/etc/compatconfig/contacts-provider-platform-compat-config.xml
01-01 07:00:06.258  1000  1406  1406 D CompatConfig: Found a config file: /system/etc/compatconfig/documents-ui-compat-config.xml
01-01 07:00:06.259  1000  1406  1406 D CompatConfig: Adding: com.android.server.compat.config.Change@983421e
01-01 07:00:06.259  1000  1406  1406 D CompatConfig: Found a config file: /system/etc/compatconfig/calendar-provider-compat-config.xml
01-01 07:00:06.259  1000  1406  1406 D CompatConfig: Adding: com.android.server.compat.config.Change@37440cc
01-01 07:00:06.259  1000  1406  1464 I SystemConfig: Reading permissions from /system/etc/permissions/com.android.location.provider.xml
01-01 07:00:06.259  1000  1406  1464 I SystemConfig: Reading permissions from /system/etc/permissions/com.android.nfc_extras.xml
01-01 07:00:06.260  1000  1406  1406 D CompatConfig: Found a config file: /system/system_ext/etc/compatconfig/settings-platform-compat-config.xml
01-01 07:00:06.260  1000  1406  1464 I SystemConfig: Reading permissions from /system/etc/permissions/android.test.mock.xml
01-01 07:00:06.260  1000  1406  1406 D CompatConfig: Adding: com.android.server.compat.config.Change@6e36791
01-01 07:00:06.260  1000  1406  1464 I SystemConfig: Reading permissions from /system/etc/permissions/android.software.live_wallpaper.xml
01-01 07:00:06.261  1000  1406  1464 I SystemConfig: Reading permissions from /system/etc/permissions/platform.xml
01-01 07:00:06.261  1000  1406  1406 D ApexManagerTiming: getActiveApexInfos_noCache
01-01 07:00:06.262  1000  1406  1464 I SystemConfig: Reading permissions from /vendor/etc/sysconfig/component-overrides.xml
01-01 07:00:06.263  1000  1406  1464 I SystemConfig: Reading permissions from /vendor/etc/permissions/android.hardware.audio.pro.xml
01-01 07:00:06.263  1000  1406  1464 I SystemConfig: Reading permissions from /vendor/etc/permissions/android.hardware.usb.host.xml
01-01 07:00:06.263  1000  1406  1464 I SystemConfig: Reading permissions from /vendor/etc/permissions/android.hardware.camera.raw.xml
01-01 07:00:06.264  1000  1406  1464 I SystemConfig: Reading permissions from /vendor/etc/permissions/android.hardware.telephony.carrierlock.xml
01-01 07:00:06.264  1000  1406  1464 I SystemConfig: Reading permissions from /vendor/etc/permissions/android.hardware.sensor.dynamic.head_tracker.xml
01-01 07:00:06.264  1000  1406  1464 I SystemConfig: Reading permissions from /vendor/etc/permissions/android.hardware.sensor.proximity.xml
01-01 07:00:06.264  1000  1406  1406 D CompatConfig: No directory /apex/com.android.uwb/etc/compatconfig, skipping
01-01 07:00:06.264  1000  1406  1464 I SystemConfig: Reading permissions from /vendor/etc/permissions/android.software.ipsec_tunnels.xml
01-01 07:00:06.264  1000  1406  1406 D CompatConfig: No directory /apex/com.android.virt/etc/compatconfig, skipping
01-01 07:00:06.264  1000  1406  1406 D CompatConfig: No directory /apex/com.android.i18n/etc/compatconfig, skipping
01-01 07:00:06.264  1000  1406  1406 D CompatConfig: No directory /apex/com.android.vndk.v33/etc/compatconfig, skipping
01-01 07:00:06.264  1000  1406  1406 D CompatConfig: No directory /apex/com.android.tzdata/etc/compatconfig, skipping
01-01 07:00:06.264  1000  1406  1406 D CompatConfig: No directory /apex/com.android.media.swcodec/etc/compatconfig, skipping
01-01 07:00:06.265  1000  1406  1406 D CompatConfig: No directory /apex/com.android.adservices/etc/compatconfig, skipping
01-01 07:00:06.265  1000  1406  1464 I SystemConfig: Reading permissions from /vendor/etc/permissions/android.hardware.wifi.direct.xml
01-01 07:00:06.265  1000  1406  1406 D CompatConfig: Found a config file: /apex/com.android.wifi/etc/compatconfig/wifi-compat-config.xml
01-01 07:00:06.265  1000  1406  1464 I SystemConfig: Reading permissions from /vendor/etc/permissions/android.hardware.location.gps.xml
01-01 07:00:06.265  1000  1406  1406 D CompatConfig: Adding: com.android.server.compat.config.Change@1dc1d3a
01-01 07:00:06.265  1000  1406  1406 D CompatConfig: Adding: com.android.server.compat.config.Change@7c4deb
01-01 07:00:06.265  1000  1406  1406 D CompatConfig: Adding: com.android.server.compat.config.Change@36cf748
01-01 07:00:06.265  1000  1406  1464 I SystemConfig: Reading permissions from /vendor/etc/permissions/android.hardware.vulkan.compute.xml
01-01 07:00:06.266  1000  1406  1464 I SystemConfig: Reading permissions from /vendor/etc/permissions/android.hardware.sensor.hifi_sensors.xml
01-01 07:00:06.266  1000  1406  1406 D CompatConfig: No directory /apex/com.android.cellbroadcast/etc/compatconfig, skipping
01-01 07:00:06.266  1000  1406  1406 D CompatConfig: No directory /apex/com.android.conscrypt/etc/compatconfig, skipping
01-01 07:00:06.266  1000  1406  1406 D CompatConfig: No directory /apex/com.android.runtime/etc/compatconfig, skipping
01-01 07:00:06.266  1000  1406  1406 D CompatConfig: No directory /apex/com.android.sdkext/etc/compatconfig, skipping
01-01 07:00:06.266  1000  1406  1406 D CompatConfig: No directory /apex/com.android.os.statsd/etc/compatconfig, skipping
01-01 07:00:06.266  1000  1406  1406 D CompatConfig: No directory /apex/com.android.neuralnetworks/etc/compatconfig, skipping
01-01 07:00:06.266  1000  1406  1406 D CompatConfig: No directory /apex/com.google.mainline.primary.libs/etc/compatconfig, skipping
01-01 07:00:06.266  1000  1406  1464 I SystemConfig: Reading permissions from /vendor/etc/permissions/vendor.android.hardware.camera.stream-usecase.xml
01-01 07:00:06.266  1000  1406  1406 D CompatConfig: Found a config file: /apex/com.android.tethering/etc/compatconfig/connectivity-t-platform-compat-config.xml
01-01 07:00:06.266  1000  1406  1464 I SystemConfig: Reading permissions from /vendor/etc/permissions/android.hardware.sensor.stepcounter.xml
01-01 07:00:06.266  1000  1406  1406 D CompatConfig: Adding: com.android.server.compat.config.Change@9051992
01-01 07:00:06.267  1000  1406  1406 D CompatConfig: Found a config file: /apex/com.android.tethering/etc/compatconfig/connectivity-platform-compat-config.xml
01-01 07:00:06.267  1000  1406  1464 I SystemConfig: Reading permissions from /vendor/etc/permissions/android.hardware.touchscreen.multitouch.jazzhand.xml
01-01 07:00:06.267  1000  1406  1464 I SystemConfig: Reading permissions from /vendor/etc/permissions/android.hardware.wifi.xml
01-01 07:00:06.267  1000  1406  1406 D CompatConfig: Adding: com.android.server.compat.config.Change@cd73cde
01-01 07:00:06.267  1000  1406  1406 D CompatConfig: No directory /apex/com.android.extservices/etc/compatconfig, skipping
01-01 07:00:06.267  1000  1406  1464 I SystemConfig: Reading permissions from /vendor/etc/permissions/handheld_core_hardware.xml
01-01 07:00:06.267  1000  1406  1406 D CompatConfig: No directory /apex/com.android.appsearch/etc/compatconfig, skipping
01-01 07:00:06.267  1000  1406  1406 D CompatConfig: No directory /apex/com.android.resolv/etc/compatconfig, skipping
01-01 07:00:06.268  1000  1406  1406 D CompatConfig: Found a config file: /apex/com.android.mediaprovider/etc/compatconfig/media-provider-platform-compat-config.xml
01-01 07:00:06.268  1000  1406  1464 I SystemConfig: Reading permissions from /vendor/etc/permissions/android.hardware.camera.flash-autofocus.xml
01-01 07:00:06.268  1000  1406  1464 I SystemConfig: Reading permissions from /vendor/etc/permissions/android.hardware.identity_credential.xml
01-01 07:00:06.268  1000  1406  1406 D CompatConfig: Adding: com.android.server.compat.config.Change@7b087db
01-01 07:00:06.268  1000  1406  1406 D CompatConfig: Adding: com.android.server.compat.config.Change@df0c278
01-01 07:00:06.268  1000  1406  1406 D CompatConfig: Adding: com.android.server.compat.config.Change@b938d51
01-01 07:00:06.268  1000  1406  1406 D CompatConfig: Adding: com.android.server.compat.config.Change@8809b6
01-01 07:00:06.268  1000  1406  1406 D CompatConfig: Adding: com.android.server.compat.config.Change@5a5c6b7
01-01 07:00:06.268  1000  1406  1406 D CompatConfig: Adding: com.android.server.compat.config.Change@2ab8e24
01-01 07:00:06.268  1000  1406  1406 D CompatConfig: Adding: com.android.server.compat.config.Change@c32ad8d
01-01 07:00:06.268  1000  1406  1406 D CompatConfig: No directory /apex/com.google.pixel.camera.hal/etc/compatconfig, skipping
01-01 07:00:06.268  1000  1406  1406 D CompatConfig: No directory /apex/com.android.ipsec/etc/compatconfig, skipping
01-01 07:00:06.269  1000  1406  1406 D CompatConfig: No directory /apex/com.android.media/etc/compatconfig, skipping
01-01 07:00:06.269  1000  1406  1406 D CompatConfig: No directory /apex/com.android.ondevicepersonalization/etc/compatconfig, skipping
01-01 07:00:06.269  1000  1406  1406 D CompatConfig: No directory /apex/com.android.compos/etc/compatconfig, skipping
01-01 07:00:06.269  1000  1406  1406 D CompatConfig: No directory /apex/com.android.scheduling/etc/compatconfig, skipping
01-01 07:00:06.269  1000  1406  1406 D CompatConfig: No directory /apex/com.android.adbd/etc/compatconfig, skipping
01-01 07:00:06.269  1000  1406  1464 I SystemConfig: Reading permissions from /vendor/etc/permissions/android.hardware.strongbox_keystore.xml
01-01 07:00:06.269  1000  1406  1406 D CompatConfig: No directory /apex/com.android.apex.cts.shim/etc/compatconfig, skipping
01-01 07:00:06.269  1000  1406  1406 D CompatConfig: Found a config file: /apex/com.android.btservices/etc/compatconfig/bluetooth-compat-config.xml
01-01 07:00:06.269  1000  1406  1464 I SystemConfig: Reading permissions from /vendor/etc/permissions/android.hardware.sensor.stepdetector.xml
01-01 07:00:06.269  1000  1406  1464 I SystemConfig: Reading permissions from /vendor/etc/permissions/com.google.android.camera.experimental2021.xml
01-01 07:00:06.269  1000  1406  1406 D CompatConfig: Adding: com.android.server.compat.config.Change@b3a998e
01-01 07:00:06.270  1000  1406  1406 D CompatConfig: No directory /apex/com.android.permission/etc/compatconfig, skipping
01-01 07:00:06.270  1000  1406  1406 D CompatConfig: Found a config file: /apex/com.android.art/etc/compatconfig/libcore-platform-compat-config.xml
01-01 07:00:06.270  1000  1406  1464 I SystemConfig: Reading permissions from /vendor/etc/permissions/android.software.vulkan.deqp.level.xml
01-01 07:00:06.270  1000  1406  1464 I SystemConfig: Reading permissions from /vendor/etc/permissions/android.hardware.nfc.uicc.xml
01-01 07:00:06.270  1000  1406  1406 D CompatConfig: Adding: com.android.server.compat.config.Change@4cac09a
01-01 07:00:06.270  1000  1406  1406 D CompatConfig: Adding: com.android.server.compat.config.Change@855b9a8
01-01 07:00:06.270  1000  1406  1464 I SystemConfig: Reading permissions from /vendor/etc/permissions/android.hardware.vulkan.level.xml
01-01 07:00:06.270  1000  1406  1406 D CompatConfig: Adding: com.android.server.compat.config.Change@b016cc1
01-01 07:00:06.270  1000  1406  1406 D CompatConfig: Adding: com.android.server.compat.config.Change@d044c66
01-01 07:00:06.271  1000  1406  1406 D CompatConfig: Adding: com.android.server.compat.config.Change@6ffcba7
01-01 07:00:06.271  1000  1406  1406 D CompatConfig: Adding: com.android.server.compat.config.Change@520c854
01-01 07:00:06.271  1000  1406  1464 I SystemConfig: Reading permissions from /vendor/etc/permissions/android.hardware.usb.accessory.xml
01-01 07:00:06.271  1000  1406  1464 I SystemConfig: Reading permissions from /vendor/etc/permissions/android.hardware.hardware_keystore.xml
01-01 07:00:06.272  1000  1406  1464 I SystemConfig: Reading permissions from /vendor/etc/permissions/android.hardware.opengles.aep.xml
01-01 07:00:06.272  1000  1406  1406 D SystemServerTiming: StartFileIntegrityService
01-01 07:00:06.272  1000  1406  1464 I SystemConfig: Reading permissions from /vendor/etc/permissions/android.hardware.sensor.accelerometer.xml
01-01 07:00:06.272  1000  1406  1406 I SystemServiceManager: Starting com.android.server.security.FileIntegrityService
01-01 07:00:06.272  1000  1406  1464 I SystemConfig: Reading permissions from /vendor/etc/permissions/android.software.midi.xml
01-01 07:00:06.273  1000  1406  1464 I SystemConfig: Reading permissions from /vendor/etc/permissions/android.software.verified_boot.xml
01-01 07:00:06.273  1000  1406  1464 I SystemConfig: Reading permissions from /vendor/etc/permissions/android.hardware.se.omapi.uicc.xml
01-01 07:00:06.273  1000  1406  1464 I SystemConfig: Reading permissions from /vendor/etc/permissions/android.hardware.nfc.xml
01-01 07:00:06.273  1000  1406  1464 I SystemConfig: Reading permissions from /vendor/etc/permissions/android.software.opengles.deqp.level.xml
01-01 07:00:06.274  1000  1406  1406 E FileIntegrityService: Invalid certificate, ignored: java.security.cert.CertificateException: com.android.org.conscrypt.OpenSSLX509CertificateFactory$ParsingException: com.android.org.conscrypt.OpenSSLX509CertificateFactory$ParsingException: java.lang.RuntimeException: error:0c0000be:ASN.1 encoding routines:OPENSSL_internal:WRONG_TAG
01-01 07:00:06.274  1000  1406  1464 I SystemConfig: Reading permissions from /vendor/etc/permissions/android.hardware.nfc.hcef.xml
01-01 07:00:06.274  1000  1406  1464 I SystemConfig: Reading permissions from /vendor/etc/permissions/android.hardware.sensor.barometer.xml
