05-12 01:07:10.108  1000  1406  1539 D CompatibilityChangeReporter: Compat change id reported: 171306433; UID 10205; state: ENABLED
05-12 01:07:10.109  1000  1406  1539 D CompatibilityChangeReporter: Compat change id reported: 226439802; UID 10205; state: DISABLED
05-12 01:07:10.109  1000  1406  1406 D ConditionProviders: Subscribing to condition://android/event?userId=-10000&calendar=&reply=1 with ComponentInfo{android/com.android.server.notification.EventConditionProvider}
05-12 01:07:10.109  1000  1406  1406 D ConditionProviders: Subscribing to condition://android/schedule?days=1.2.3.4.5.6.7&start=22.0&end=7.0&exitAtAlarm=true with ComponentInfo{android/com.android.server.notification.ScheduleConditionProvider}
05-12 01:07:10.111  1000  1406  1406 D CompatibilityChangeReporter: Compat change id reported: 135634846; UID 10229; state: DISABLED
05-12 01:07:10.111  1000  1406  1406 D CompatibilityChangeReporter: Compat change id reported: 177438394; UID 10229; state: DISABLED
05-12 01:07:10.111  1000  1406  1406 D CompatibilityChangeReporter: Compat change id reported: 135772972; UID 10229; state: DISABLED
05-12 01:07:10.112  1000  1406  1642 D CoreBackPreview: Window{caae2f4 u0 ScreenDecorOverlay}: Setting back callback OnBackInvokedCallbackInfo{mCallback=android.window.IOnBackInvokedCallback$Stub$Proxy@65383ea, mPriority=0}
05-12 01:07:10.112  1000  1406  1406 D CompatibilityChangeReporter: Compat change id reported: 135754954; UID 10229; state: ENABLED
05-12 01:07:10.113 10205  1932  1932 E LoadedApk: Unable to instantiate appComponentFactory
05-12 01:07:10.113 10205  1932  1932 E LoadedApk: java.lang.ClassNotFoundException: Didn't find class "com.shannon.qualifiednetworksservice.androidx" on path: DexPathList[[zip file "/system_ext/priv-app/ShannonQualifiedNetworksService/ShannonQualifiedNetworksService.apk"],nativeLibraryDirectories=[/system_ext/priv-app/ShannonQualifiedNetworksService/lib/arm64, /system/lib64, /system_ext/lib64, /system/lib64, /system_ext/lib64]]
05-12 01:07:10.113 10205  1932  1932 E LoadedApk: 	at dalvik.system.BaseDexClassLoader.findClass(BaseDexClassLoader.java:259)
05-12 01:07:10.113 10205  1932  1932 E LoadedApk: 	at java.lang.ClassLoader.loadClass(ClassLoader.java:379)
05-12 01:07:10.113 10205  1932  1932 E LoadedApk: 	at java.lang.ClassLoader.loadClass(ClassLoader.java:312)
05-12 01:07:10.113 10205  1932  1932 E LoadedApk: 	at android.app.LoadedApk.createAppFactory(LoadedApk.java:273)
05-12 01:07:10.113 10205  1932  1932 E LoadedApk: 	at android.app.LoadedApk.createOrUpdateClassLoaderLocked(LoadedApk.java:1039)
05-12 01:07:10.113 10205  1932  1932 E LoadedApk: 	at android.app.LoadedApk.getClassLoader(LoadedApk.java:1126)
05-12 01:07:10.113 10205  1932  1932 E LoadedApk: 	at android.app.LoadedApk.getResources(LoadedApk.java:1374)
05-12 01:07:10.113 10205  1932  1932 E LoadedApk: 	at android.app.ContextImpl.createAppContext(ContextImpl.java:3090)
05-12 01:07:10.113 10205  1932  1932 E LoadedApk: 	at android.app.ContextImpl.createAppContext(ContextImpl.java:3082)
05-12 01:07:10.113 10205  1932  1932 E LoadedApk: 	at android.app.ActivityThread.handleBindApplication(ActivityThread.java:6696)
05-12 01:07:10.113 10205  1932  1932 E LoadedApk: 	at android.app.ActivityThread.-$$Nest$mhandleBindApplication(Unknown Source:0)
05-12 01:07:10.113 10205  1932  1932 E LoadedApk: 	at android.app.ActivityThread$H.handleMessage(ActivityThread.java:2132)
05-12 01:07:10.113 10205  1932  1932 E LoadedApk: 	at android.os.Handler.dispatchMessage(Handler.java:106)
05-12 01:07:10.113 10205  1932  1932 E LoadedApk: 	at android.os.Looper.loopOnce(Looper.java:201)
05-12 01:07:10.113 10205  1932  1932 E LoadedApk: 	at android.os.Looper.loop(Looper.java:288)
05-12 01:07:10.113 10205  1932  1932 E LoadedApk: 	at android.app.ActivityThread.main(ActivityThread.java:7918)
05-12 01:07:10.113 10205  1932  1932 E LoadedApk: 	at java.lang.reflect.Method.invoke(Native Method)
05-12 01:07:10.113 10205  1932  1932 E LoadedApk: 	at com.android.internal.os.RuntimeInit$MethodAndArgsCaller.run(RuntimeInit.java:548)
05-12 01:07:10.113 10205  1932  1932 E LoadedApk: 	at com.android.internal.os.ZygoteInit.main(ZygoteInit.java:936)
05-12 01:07:10.113  1000  1406  1553 W CameraService_proxy: Could not notify cameraserver, camera service not available.
05-12 01:07:10.114  1000  1406  1553 I CameraService_proxy: Could not notify camera service of user switch, retrying...
05-12 01:07:10.114  1000  1406  1406 I ContentCaptureManagerService: Updating for user 0: disabled=false
05-12 01:07:10.114  1000  1406  1406 E ContentCapturePerUserService: Bad service name: com.google.android.as/com.google.android.apps.miphone.aiai.app.AiAiContentCaptureService
05-12 01:07:10.114  1000  1406  1473 W ActivityManager: Slow operation: 169ms so far, now at startProcess: returned from zygote!
05-12 01:07:10.114  1000  1406  1406 E ContentCapturePerUserService: Bad service name: com.google.android.as/com.google.android.apps.miphone.aiai.app.AiAiContentCaptureService
05-12 01:07:10.114  1000  1406  1473 W ActivityManager: Slow operation: 170ms so far, now at startProcess: done updating battery stats
05-12 01:07:10.114  1000  1406  1406 E ContentCapturePerUserService: Bad service name: com.google.android.as/com.google.android.apps.miphone.aiai.app.AiAiContentCaptureService
05-12 01:07:10.114  1000  1406  1473 W ActivityManager: Slow operation: 170ms so far, now at startProcess: building log message
05-12 01:07:10.115  1000  1406  1473 I ActivityManager: Start proc 1956:com.android.hbmsvmanager/u0a214 for added application com.android.hbmsvmanager
05-12 01:07:10.115  1000  1406  1406 I ContentSuggestionsManagerService: Updating for user 0: disabled=false
05-12 01:07:10.115  1000  1406  1473 W ActivityManager: Slow operation: 170ms so far, now at startProcess: starting to update pids map
05-12 01:07:10.115  1000  1406  1473 W ActivityManager: Slow operation: 170ms so far, now at startProcess: done updating pids map
05-12 01:07:10.115  1000  1406  1473 W ActivityManager: Slow operation: 169ms so far, now at startProcess: asking zygote to start proc
05-12 01:07:10.115  1000  1406  1406 E ContentSuggestionsPerUserService: Bad service name: com.google.android.as/com.google.android.apps.miphone.aiai.app.AiAiContentSuggestionsService
05-12 01:07:10.115  1000  1406  1406 I AutofillManagerService: Updating for user 0: disabled=false
05-12 01:07:10.115  1000  1406  1473 D CompatibilityChangeReporter: Compat change id reported: 143937733; UID 10206; state: ENABLED
05-12 01:07:10.115  1000  1406  1406 E AutofillManagerServiceImpl: Bad service name: com.google.android.gms/.autofill.service.AutofillService
05-12 01:07:10.115  1000  1406  1406 E RemoteAugmentedAutofillService: Bad service name for flags 1048704: com.google.android.as/com.google.android.apps.miphone.aiai.app.AiAiAugmentedAutofillService
05-12 01:07:10.116  1000  1406  1539 D CompatibilityChangeReporter: Compat change id reported: 218533173; UID 10207; state: ENABLED
05-12 01:07:10.116  1000  1406  1539 D CompatibilityChangeReporter: Compat change id reported: 218533173; UID 10015; state: ENABLED
05-12 01:07:10.116  1000  1406  1539 D CompatibilityChangeReporter: Compat change id reported: 218533173; UID 10013; state: ENABLED
05-12 01:07:10.116  1000  1406  1539 D CompatibilityChangeReporter: Compat change id reported: 171306433; UID 10112; state: ENABLED
05-12 01:07:10.116  1000  1406  1539 D CompatibilityChangeReporter: Compat change id reported: 226439802; UID 10112; state: DISABLED
05-12 01:07:10.119  1000  1406  1539 D CompatibilityChangeReporter: Compat change id reported: 218533173; UID 10218; state: ENABLED
05-12 01:07:10.119  1000  1406  1539 D CompatibilityChangeReporter: Compat change id reported: 218533173; UID 10235; state: DISABLED
05-12 01:07:10.119  1000  1406  1539 D CompatibilityChangeReporter: Compat change id reported: 218533173; UID 10173; state: DISABLED
05-12 01:07:10.119  1000  1406  1473 W ActivityManager: Slow operation: 173ms so far, now at startProcess: returned from zygote!
05-12 01:07:10.119  1000  1406  1473 W ActivityManager: Slow operation: 174ms so far, now at startProcess: done updating battery stats
05-12 01:07:10.119  1000  1406  1473 W ActivityManager: Slow operation: 174ms so far, now at startProcess: building log message
05-12 01:07:10.119  1000  1406  1473 I ActivityManager: Start proc 1958:com.google.android.grilservice/u0a206 for added application com.google.android.grilservice
05-12 01:07:10.120  1000  1406  1473 W ActivityManager: Slow operation: 174ms so far, now at startProcess: starting to update pids map
05-12 01:07:10.120  1000  1406  1473 W ActivityManager: Slow operation: 174ms so far, now at startProcess: done updating pids map
05-12 01:07:10.120  1000  1406  1473 W ActivityManager: Slow operation: 174ms so far, now at startProcess: asking zygote to start proc
05-12 01:07:10.123  1000  1406  1911 D CoreBackPreview: Window{6b2c4af u0 ScreenDecorOverlayBottom}: Setting back callback OnBackInvokedCallbackInfo{mCallback=android.window.IOnBackInvokedCallback$Stub$Proxy@23e0845, mPriority=0}
05-12 01:07:10.124  1000  1406  1539 D CompatibilityChangeReporter: Compat change id reported: 218533173; UID 10165; state: ENABLED
05-12 01:07:10.125  1000  1406  1539 D CompatibilityChangeReporter: Compat change id reported: 218533173; UID 10234; state: ENABLED
05-12 01:07:10.125  1000  1406  1539 D CompatibilityChangeReporter: Compat change id reported: 218533173; UID 10055; state: ENABLED
05-12 01:07:10.125  1000  1406  1539 D CompatibilityChangeReporter: Compat change id reported: 218533173; UID 10016; state: ENABLED
05-12 01:07:10.125  1000  1406  1539 D CompatibilityChangeReporter: Compat change id reported: 218533173; UID 10229; state: ENABLED
05-12 01:07:10.125  1000  1406  1539 D CompatibilityChangeReporter: Compat change id reported: 218533173; UID 10028; state: ENABLED
05-12 01:07:10.125  1000  1406  1539 D CompatibilityChangeReporter: Compat change id reported: 218533173; UID 10008; state: ENABLED
05-12 01:07:10.125  1000  1406  1539 D CompatibilityChangeReporter: Compat change id reported: 218533173; UID 10005; state: ENABLED
05-12 01:07:10.125  1000  1406  1539 D CompatibilityChangeReporter: Compat change id reported: 218533173; UID 10002; state: ENABLED
05-12 01:07:10.125  1000  1406  1539 D CompatibilityChangeReporter: Compat change id reported: 218533173; UID 10121; state: ENABLED
05-12 01:07:10.126  1000  1406  1539 D CompatibilityChangeReporter: Compat change id reported: 218533173; UID 10148; state: ENABLED
05-12 01:07:10.128  1000  1406  1539 D CompatibilityChangeReporter: Compat change id reported: 171306433; UID 10149; state: ENABLED
05-12 01:07:10.130  1000  1406  1539 D CompatibilityChangeReporter: Compat change id reported: 226439802; UID 10149; state: DISABLED
05-12 01:07:10.131  1000  1406  1539 D CompatibilityChangeReporter: Compat change id reported: 218533173; UID 10216; state: ENABLED
05-12 01:07:10.131  1000  1406  1539 D CompatibilityChangeReporter: Compat change id reported: 218533173; UID 10062; state: ENABLED
05-12 01:07:10.131  1000  1406  1539 D CompatibilityChangeReporter: Compat change id reported: 218533173; UID 10075; state: ENABLED
05-12 01:07:10.131  1000  1406  1539 D CompatibilityChangeReporter: Compat change id reported: 218533173; UID 10166; state: ENABLED
05-12 01:07:10.132  1000  1406  1473 W ActivityManager: Slow operation: 186ms so far, now at startProcess: returned from zygote!
05-12 01:07:10.133  1000  1406  1473 W ActivityManager: Slow operation: 187ms so far, now at startProcess: done updating battery stats
05-12 01:07:10.133  1000  1406  1473 W ActivityManager: Slow operation: 187ms so far, now at startProcess: building log message
05-12 01:07:10.133  1000  1406  1473 I ActivityManager: Start proc 1982:com.samsung.slsi.telephony.oem.oemrilhookservice/1001 for added application com.samsung.slsi.telephony.oem.oemrilhookservice
05-12 01:07:10.133  1000  1406  1473 W ActivityManager: Slow operation: 187ms so far, now at startProcess: starting to update pids map
05-12 01:07:10.133  1000  1406  1473 W ActivityManager: Slow operation: 187ms so far, now at startProcess: done updating pids map
05-12 01:07:10.133  1000  1406  1473 W ActivityManager: Slow operation: 187ms so far, now at startProcess: asking zygote to start proc
05-12 01:07:10.133  1000  1406  1473 D CompatibilityChangeReporter: Compat change id reported: 143937733; UID 10213; state: ENABLED
05-12 01:07:10.134  1000  1406  1553 W CameraService_proxy: Could not notify cameraserver, camera service not available.
05-12 01:07:10.134  1000  1406  1553 I CameraService_proxy: Could not notify camera service of user switch, retrying...
05-12 01:07:10.135  1000  1406  1539 D CompatibilityChangeReporter: Compat change id reported: 218533173; UID 10070; state: ENABLED
05-12 01:07:10.136  1000  1406  1539 D CompatibilityChangeReporter: Compat change id reported: 218533173; UID 10113; state: DISABLED
05-12 01:07:10.136  1000  1406  1539 D CompatibilityChangeReporter: Compat change id reported: 218533173; UID 10111; state: ENABLED
05-12 01:07:10.136  1000  1406  1539 D CompatibilityChangeReporter: Compat change id reported: 218533173; UID 10094; state: ENABLED
05-12 01:07:10.136  1000  1406  1539 D CompatibilityChangeReporter: Compat change id reported: 218533173; UID 10017; state: ENABLED
05-12 01:07:10.136  1000  1406  1539 D CompatibilityChangeReporter: Compat change id reported: 218533173; UID 10209; state: ENABLED
05-12 01:07:10.136  1000  1406  1539 D CompatibilityChangeReporter: Compat change id reported: 218533173; UID 10214; state: DISABLED
05-12 01:07:10.137  1000  1406  1539 D CompatibilityChangeReporter: Compat change id reported: 218533173; UID 10217; state: ENABLED
05-12 01:07:10.137  1000  1406  1539 D CompatibilityChangeReporter: Compat change id reported: 218533173; UID 10139; state: ENABLED
05-12 01:07:10.137  1000  1406  1539 D CompatibilityChangeReporter: Compat change id reported: 218533173; UID 10221; state: ENABLED
05-12 01:07:10.137  1000  1406  1539 D CompatibilityChangeReporter: Compat change id reported: 218533173; UID 10201; state: ENABLED
05-12 01:07:10.140  1000  1406  1642 D CompatibilityChangeReporter: Compat change id reported: 168419799; UID 10206; state: DISABLED
05-12 01:07:10.140  1000  1406  1642 D CompatibilityChangeReporter: Compat change id reported: 273564678; UID 10206; state: DISABLED
05-12 01:07:10.141  1000  1406  1539 D CompatibilityChangeReporter: Compat change id reported: 171306433; UID 10227; state: ENABLED
05-12 01:07:10.141  1000  1406  1539 D CompatibilityChangeReporter: Compat change id reported: 226439802; UID 10227; state: DISABLED
05-12 01:07:10.141  1000  1406  1539 D CompatibilityChangeReporter: Compat change id reported: 218533173; UID 10004; state: ENABLED
05-12 01:07:10.141  1000  1406  1539 D CompatibilityChangeReporter: Compat change id reported: 218533173; UID 10050; state: ENABLED
05-12 01:07:10.141  1000  1406  1642 D CompatibilityChangeReporter: Compat change id reported: 181136395; UID 1000; state: DISABLED
05-12 01:07:10.141  1000  1406  1539 D CompatibilityChangeReporter: Compat change id reported: 218533173; UID 10048; state: ENABLED
05-12 01:07:10.141  1000  1406  1642 D CompatibilityChangeReporter: Compat change id reported: 174042936; UID 1000; state: DISABLED
05-12 01:07:10.141  1000  1406  1539 D CompatibilityChangeReporter: Compat change id reported: 218533173; UID 10049; state: ENABLED
05-12 01:07:10.142  1000  1406  1911 D CompatibilityChangeReporter: Compat change id reported: 168419799; UID 10214; state: DISABLED
05-12 01:07:10.142  1000  1406  1911 D CompatibilityChangeReporter: Compat change id reported: 273564678; UID 10214; state: DISABLED
05-12 01:07:10.144  1000  1406  1406 I PackageWatchdog: Syncing health check requests for packages: {}
05-12 01:07:10.144  1000  1406  1406 I ExplicitHealthCheckController: Service not ready to get health check supported packages. Binding...
05-12 01:07:10.144  1000  1406  1406 I ExplicitHealthCheckController: Explicit health check service is bound
05-12 01:07:10.145  1000  1406  1473 W ActivityManager: Slow operation: 199ms so far, now at startProcess: returned from zygote!
05-12 01:07:10.145  1000  1406  1473 W ActivityManager: Slow operation: 199ms so far, now at startProcess: done updating battery stats
05-12 01:07:10.145  1000  1406  1473 W ActivityManager: Slow operation: 199ms so far, now at startProcess: building log message
05-12 01:07:10.145  1000  1406  1473 I ActivityManager: Start proc 2012:com.google.pixel.digitalkey.timesync/u0a213 for added application com.google.pixel.digitalkey.timesync
05-12 01:07:10.145  1000  1406  1473 W ActivityManager: Slow operation: 199ms so far, now at startProcess: starting to update pids map
05-12 01:07:10.145  1000  1406  1473 W ActivityManager: Slow operation: 199ms so far, now at startProcess: done updating pids map
05-12 01:07:10.145  1000  1406  1473 W ActivityManager: Slow operation: 199ms so far, now at startProcess: asking zygote to start proc
05-12 01:07:10.149  1000  1406  1539 D CompatibilityChangeReporter: Compat change id reported: 218533173; UID 10053; state: ENABLED
05-12 01:07:10.149  1000  1406  1539 D CompatibilityChangeReporter: Compat change id reported: 218533173; UID 10024; state: ENABLED
05-12 01:07:10.149  1000  1406  1539 D CompatibilityChangeReporter: Compat change id reported: 218533173; UID 10071; state: ENABLED
05-12 01:07:10.149  1000  1406  1539 D CompatibilityChangeReporter: Compat change id reported: 218533173; UID 10096; state: ENABLED
05-12 01:07:10.149  1000  1406  1539 D CompatibilityChangeReporter: Compat change id reported: 218533173; UID 10088; state: ENABLED
05-12 01:07:10.149  1000  1406  1539 D CompatibilityChangeReporter: Compat change id reported: 218533173; UID 10047; state: ENABLED
05-12 01:07:10.149  1000  1406  1539 D CompatibilityChangeReporter: Compat change id reported: 171306433; UID 10119; state: ENABLED
05-12 01:07:10.150  1000  1406  1539 D CompatibilityChangeReporter: Compat change id reported: 226439802; UID 10119; state: DISABLED
05-12 01:07:10.150  1000  1406  1539 D CompatibilityChangeReporter: Compat change id reported: 218533173; UID 10188; state: ENABLED
05-12 01:07:10.150  1000  1406  1539 D CompatibilityChangeReporter: Compat change id reported: 218533173; UID 10009; state: ENABLED
05-12 01:07:10.150  1000  1406  1539 D CompatibilityChangeReporter: Compat change id reported: 218533173; UID 10177; state: ENABLED
05-12 01:07:10.152  1000  1406  1539 D CompatibilityChangeReporter: Compat change id reported: 218533173; UID 10034; state: ENABLED
05-12 01:07:10.153  1000  1406  1539 D CompatibilityChangeReporter: Compat change id reported: 218533173; UID 10123; state: ENABLED
05-12 01:07:10.156  1000  1406  1642 D CompatibilityChangeReporter: Compat change id reported: 168419799; UID 1001; state: DISABLED
05-12 01:07:10.156  1000  1406  1642 D CompatibilityChangeReporter: Compat change id reported: 273564678; UID 1001; state: DISABLED
05-12 01:07:10.159  1000  1406  1473 W ActivityManager: Slow operation: 213ms so far, now at startProcess: returned from zygote!
05-12 01:07:10.159  1000  1406  1473 W ActivityManager: Slow operation: 213ms so far, now at startProcess: done updating battery stats
05-12 01:07:10.159  1000  1406  1473 W ActivityManager: Slow operation: 213ms so far, now at startProcess: building log message
05-12 01:07:10.159  1000  1406  1473 I ActivityManager: Start proc 2040:com.android.se/1068 for added application com.android.se
05-12 01:07:10.159  1000  1406  1473 W ActivityManager: Slow operation: 213ms so far, now at startProcess: starting to update pids map
05-12 01:07:10.159  1000  1406  1473 W ActivityManager: Slow operation: 214ms so far, now at startProcess: done updating pids map
05-12 01:07:10.159  1000  1406  1473 W ActivityManager: Slow operation: 213ms so far, now at startProcess: asking zygote to start proc
05-12 01:07:10.160  1000  1406  1473 D CompatibilityChangeReporter: Compat change id reported: 143937733; UID 10204; state: ENABLED
05-12 01:07:10.160  1000  1406  1539 D CompatibilityChangeReporter: Compat change id reported: 218533173; UID 10231; state: ENABLED
05-12 01:07:10.160  1000  1406  1539 D CompatibilityChangeReporter: Compat change id reported: 218533173; UID 10031; state: ENABLED
05-12 01:07:10.160  1000  1406  1539 D CompatibilityChangeReporter: Compat change id reported: 218533173; UID 10051; state: ENABLED
05-12 01:07:10.161  1000  1406  1539 D CompatibilityChangeReporter: Compat change id reported: 218533173; UID 10026; state: ENABLED
05-12 01:07:10.161  1000  1406  1539 D CompatibilityChangeReporter: Compat change id reported: 171306433; UID 10135; state: ENABLED
05-12 01:07:10.161  1000  1406  1539 D CompatibilityChangeReporter: Compat change id reported: 226439802; UID 10135; state: DISABLED
05-12 01:07:10.162  1000  1406  1539 D CompatibilityChangeReporter: Compat change id reported: 218533173; UID 10200; state: ENABLED
05-12 01:07:10.162  1000  1406  1539 D CompatibilityChangeReporter: Compat change id reported: 218533173; UID 10224; state: ENABLED
05-12 01:07:10.162  1000  1406  1539 D CompatibilityChangeReporter: Compat change id reported: 218533173; UID 10164; state: ENABLED
05-12 01:07:10.162  1000  1406  1539 D CompatibilityChangeReporter: Compat change id reported: 218533173; UID 10194; state: ENABLED
05-12 01:07:10.162  1000  1406  1539 D CompatibilityChangeReporter: Compat change id reported: 218533173; UID 10243; state: ENABLED
05-12 01:07:10.163  1000  1406  1539 D CompatibilityChangeReporter: Compat change id reported: 218533173; UID 10117; state: DISABLED
05-12 01:07:10.163  1000  1406  1539 D CompatibilityChangeReporter: Compat change id reported: 218533173; UID 10101; state: ENABLED
05-12 01:07:10.163  1000  1406  1539 D CompatibilityChangeReporter: Compat change id reported: 218533173; UID 10102; state: ENABLED
05-12 01:07:10.163  1000  1406  1539 D CompatibilityChangeReporter: Compat change id reported: 218533173; UID 10037; state: ENABLED
05-12 01:07:10.163  1000  1406  1539 D CompatibilityChangeReporter: Compat change id reported: 218533173; UID 10237; state: ENABLED
05-12 01:07:10.164  1000  1406  1539 D CompatibilityChangeReporter: Compat change id reported: 218533173; UID 10001; state: ENABLED
05-12 01:07:10.164  1000  1406  1539 D CompatibilityChangeReporter: Compat change id reported: 218533173; UID 10003; state: ENABLED
05-12 01:07:10.164  1000  1406  1539 D CompatibilityChangeReporter: Compat change id reported: 218533173; UID 10052; state: ENABLED
05-12 01:07:10.164  1000  1406  1539 D CompatibilityChangeReporter: Compat change id reported: 218533173; UID 10010; state: ENABLED
05-12 01:07:10.164  1000  1406  1539 D CompatibilityChangeReporter: Compat change id reported: 218533173; UID 10089; state: ENABLED
05-12 01:07:10.164  1000  1406  1539 D CompatibilityChangeReporter: Compat change id reported: 218533173; UID 10180; state: ENABLED
05-12 01:07:10.164  1000  1406  1473 W ActivityManager: Slow operation: 217ms so far, now at startProcess: returned from zygote!
05-12 01:07:10.164  1000  1406  1539 D CompatibilityChangeReporter: Compat change id reported: 218533173; UID 10181; state: ENABLED
05-12 01:07:10.165  1000  1406  1473 W ActivityManager: Slow operation: 218ms so far, now at startProcess: done updating battery stats
05-12 01:07:10.165  1000  1406  1473 W ActivityManager: Slow operation: 218ms so far, now at startProcess: building log message
05-12 01:07:10.165  1000  1406  1473 I ActivityManager: Start proc 2041:com.shannon.rcsservice/u0a204 for added application com.shannon.rcsservice
05-12 01:07:10.165  1000  1406  1473 W ActivityManager: Slow operation: 218ms so far, now at startProcess: starting to update pids map
05-12 01:07:10.165  1000  1406  1473 W ActivityManager: Slow operation: 218ms so far, now at startProcess: done updating pids map
05-12 01:07:10.165  1000  1406  1473 W ActivityManager: Slow operation: 218ms so far, now at startProcess: asking zygote to start proc
05-12 01:07:10.165  1000  1406  1539 D CompatibilityChangeReporter: Compat change id reported: 218533173; UID 10027; state: ENABLED
05-12 01:07:10.165  1000  1406  1473 D CompatibilityChangeReporter: Compat change id reported: 143937733; UID 10223; state: ENABLED
05-12 01:07:10.165  1000  1406  1539 D CompatibilityChangeReporter: Compat change id reported: 218533173; UID 10043; state: ENABLED
05-12 01:07:10.166  1000  1406  1539 D CompatibilityChangeReporter: Compat change id reported: 218533173; UID 10153; state: ENABLED
05-12 01:07:10.166  1000  1406  1539 D CompatibilityChangeReporter: Compat change id reported: 171306433; UID 10219; state: ENABLED
05-12 01:07:10.166  1000  1406  1539 D CompatibilityChangeReporter: Compat change id reported: 226439802; UID 10219; state: DISABLED
05-12 01:07:10.167  1000  1406  1539 D CompatibilityChangeReporter: Compat change id reported: 218533173; UID 10206; state: ENABLED
05-12 01:07:10.167  1000  1406  1539 D CompatibilityChangeReporter: Compat change id reported: 218533173; UID 10238; state: ENABLED
05-12 01:07:10.167  1000  1406  1539 D CompatibilityChangeReporter: Compat change id reported: 218533173; UID 10103; state: ENABLED
05-12 01:07:10.167  1000  1406  1539 D CompatibilityChangeReporter: Compat change id reported: 218533173; UID 10085; state: ENABLED
05-12 01:07:10.167  1000  1406  1539 D CompatibilityChangeReporter: Compat change id reported: 218533173; UID 10069; state: ENABLED
05-12 01:07:10.167  1000  1406  1539 D CompatibilityChangeReporter: Compat change id reported: 218533173; UID 10068; state: ENABLED
05-12 01:07:10.168  1000  1406  1539 D CompatibilityChangeReporter: Compat change id reported: 218533173; UID 10198; state: ENABLED
05-12 01:07:10.168  1000  1406  1539 D CompatibilityChangeReporter: Compat change id reported: 218533173; UID 10162; state: ENABLED
05-12 01:07:10.168  1000  1406  1539 D CompatibilityChangeReporter: Compat change id reported: 218533173; UID 10190; state: DISABLED
05-12 01:07:10.168  1000  1406  1539 D CompatibilityChangeReporter: Compat change id reported: 218533173; UID 10154; state: ENABLED
05-12 01:07:10.168  1000  1406  1539 D CompatibilityChangeReporter: Compat change id reported: 218533173; UID 10142; state: ENABLED
05-12 01:07:10.168  1000  1406  1539 D CompatibilityChangeReporter: Compat change id reported: 218533173; UID 10203; state: ENABLED
05-12 01:07:10.169  1000  1406  1539 D CompatibilityChangeReporter: Compat change id reported: 218533173; UID 10022; state: ENABLED
05-12 01:07:10.169  1000  1406  1539 D CompatibilityChangeReporter: Compat change id reported: 218533173; UID 10014; state: ENABLED
05-12 01:07:10.169  1000  1406  1553 W CameraService_proxy: Could not notify cameraserver, camera service not available.
05-12 01:07:10.169  1000  1406  1553 I CameraService_proxy: Could not notify camera service of user switch, retrying...
05-12 01:07:10.169  1000  1406  1539 D CompatibilityChangeReporter: Compat change id reported: 218533173; UID 10233; state: ENABLED
05-12 01:07:10.170  1000  1406  1473 W ActivityManager: Slow operation: 223ms so far, now at startProcess: returned from zygote!
05-12 01:07:10.177  1000  1406  1473 W ActivityManager: Slow operation: 231ms so far, now at startProcess: done updating battery stats
05-12 01:07:10.178  1000  1406  1473 W ActivityManager: Slow operation: 231ms so far, now at startProcess: building log message
05-12 01:07:10.178  1000  1406  1473 I ActivityManager: Start proc 2053:com.shannon.imsservice/u0a223 for added application com.shannon.imsservice
05-12 01:07:10.178  1000  1406  1473 W ActivityManager: Slow operation: 231ms so far, now at startProcess: starting to update pids map
05-12 01:07:10.178  1000  1406  1473 W ActivityManager: Slow operation: 231ms so far, now at startProcess: done updating pids map
05-12 01:07:10.178  1000  1406  1473 W ActivityManager: Slow operation: 231ms so far, now at startProcess: asking zygote to start proc
05-12 01:07:10.178  1000  1406  1473 D CompatibilityChangeReporter: Compat change id reported: 143937733; UID 10128; state: ENABLED
05-12 01:07:10.178  1000  1406  1539 D CompatibilityChangeReporter: Compat change id reported: 218533173; UID 10158; state: ENABLED
05-12 01:07:10.179  1000  1406  1429 D CompatibilityChangeReporter: Compat change id reported: 168419799; UID 1068; state: DISABLED
05-12 01:07:10.179  1000  1406  1429 D CompatibilityChangeReporter: Compat change id reported: 273564678; UID 1068; state: DISABLED
05-12 01:07:10.181  1000  1406  1539 D CompatibilityChangeReporter: Compat change id reported: 218533173; UID 10213; state: ENABLED
05-12 01:07:10.183  1000  1406  1642 D CompatibilityChangeReporter: Compat change id reported: 168419799; UID 10204; state: DISABLED
05-12 01:07:10.183  1000  1406  1642 D CompatibilityChangeReporter: Compat change id reported: 273564678; UID 10204; state: DISABLED
05-12 01:07:10.183  1000  1406  1539 D CompatibilityChangeReporter: Compat change id reported: 218533173; UID 10023; state: ENABLED
05-12 01:07:10.183  1000  1406  1539 D CompatibilityChangeReporter: Compat change id reported: 218533173; UID 10086; state: ENABLED
05-12 01:07:10.183  1000  1406  1539 D CompatibilityChangeReporter: Compat change id reported: 218533173; UID 10115; state: ENABLED
05-12 01:07:10.183  1000  1406  1539 D CompatibilityChangeReporter: Compat change id reported: 218533173; UID 10021; state: ENABLED
05-12 01:07:10.183  1000  1406  1539 D CompatibilityChangeReporter: Compat change id reported: 218533173; UID 10146; state: ENABLED
05-12 01:07:10.183  1000  1406  1539 D CompatibilityChangeReporter: Compat change id reported: 218533173; UID 10099; state: ENABLED
05-12 01:07:10.184  1000  1406  1539 D CompatibilityChangeReporter: Compat change id reported: 218533173; UID 10159; state: ENABLED
05-12 01:07:10.184  1000  1406  1539 D CompatibilityChangeReporter: Compat change id reported: 218533173; UID 10155; state: ENABLED
05-12 01:07:10.184  1000  1406  1539 D CompatibilityChangeReporter: Compat change id reported: 218533173; UID 10097; state: ENABLED
05-12 01:07:10.184  1000  1406  1539 D CompatibilityChangeReporter: Compat change id reported: 218533173; UID 10007; state: ENABLED
05-12 01:07:10.184  1000  1406  1539 D CompatibilityChangeReporter: Compat change id reported: 218533173; UID 10006; state: ENABLED
05-12 01:07:10.184  1000  1406  1539 D CompatibilityChangeReporter: Compat change id reported: 218533173; UID 10108; state: DISABLED
05-12 01:07:10.184  1000  1406  1539 D CompatibilityChangeReporter: Compat change id reported: 218533173; UID 10059; state: ENABLED
05-12 01:07:10.184  1000  1406  1539 D CompatibilityChangeReporter: Compat change id reported: 171306433; UID 10156; state: ENABLED
05-12 01:07:10.184  1000  1406  1539 D CompatibilityChangeReporter: Compat change id reported: 226439802; UID 10156; state: DISABLED
05-12 01:07:10.184  1000  1406  1539 D CompatibilityChangeReporter: Compat change id reported: 218533173; UID 10160; state: ENABLED
05-12 01:07:10.190  1000  1406  1473 W ActivityManager: Slow operation: 243ms so far, now at startProcess: returned from zygote!
05-12 01:07:10.190  1000  1406  1473 W ActivityManager: Slow operation: 243ms so far, now at startProcess: done updating battery stats
05-12 01:07:10.190  1000  1406  1473 W ActivityManager: Slow operation: 243ms so far, now at startProcess: building log message
05-12 01:07:10.190  1000  1406  1473 I ActivityManager: Start proc 2094:com.google.android.apps.cbrsnetworkmonitor/u0a128 for added application com.google.android.apps.cbrsnetworkmonitor
05-12 01:07:10.190  1000  1406  1473 W ActivityManager: Slow operation: 243ms so far, now at startProcess: starting to update pids map
05-12 01:07:10.191  1000  1406  1473 W ActivityManager: Slow operation: 244ms so far, now at startProcess: done updating pids map
05-12 01:07:10.191  1000  1406  1473 W ActivityManager: Slow operation: 244ms so far, now at startProcess: asking zygote to start proc
05-12 01:07:10.191  1000  1406  1473 D CompatibilityChangeReporter: Compat change id reported: 143937733; UID 10199; state: ENABLED
05-12 01:07:10.192  1000  1406  1468 D CompatibilityChangeReporter: Compat change id reported: 168419799; UID 10213; state: DISABLED
05-12 01:07:10.192  1000  1406  1468 D CompatibilityChangeReporter: Compat change id reported: 273564678; UID 10213; state: DISABLED
05-12 01:07:10.192  1000  1406  1553 W CameraService_proxy: Could not notify cameraserver, camera service not available.
05-12 01:07:10.192  1000  1406  1553 I CameraService_proxy: Could not notify camera service of user switch, retrying...
05-12 01:07:10.197  1000  1406  1429 D CompatibilityChangeReporter: Compat change id reported: 168419799; UID 10223; state: DISABLED
05-12 01:07:10.197  1000  1406  1429 D CompatibilityChangeReporter: Compat change id reported: 273564678; UID 10223; state: DISABLED
05-12 01:07:10.200  1000  1406  1406 D CompatibilityChangeReporter: Compat change id reported: 168419799; UID 1000; state: DISABLED
05-12 01:07:10.200  1000  1406  1406 D CompatibilityChangeReporter: Compat change id reported: 273564678; UID 1000; state: DISABLED
05-12 01:07:10.200  1000  1406  1473 W ActivityManager: Slow operation: 253ms so far, now at startProcess: returned from zygote!
05-12 01:07:10.204  1000  1406  1473 W ActivityManager: Slow operation: 256ms so far, now at startProcess: done updating battery stats
05-12 01:07:10.204  1000  1406  1473 W ActivityManager: Slow operation: 258ms so far, now at startProcess: building log message
05-12 01:07:10.204  1000  1406  1473 I ActivityManager: Start proc 2100:com.samsung.slsi.telephony.oemril/u0a199 for added application com.samsung.slsi.telephony.oemril
05-12 01:07:10.205  1000  1406  1473 W ActivityManager: Slow operation: 258ms so far, now at startProcess: starting to update pids map
05-12 01:07:10.205  1000  1406  1473 W ActivityManager: Slow operation: 258ms so far, now at startProcess: done updating pids map
05-12 01:07:10.205  1000  1406  1473 W ActivityManager: Slow operation: 257ms so far, now at startProcess: asking zygote to start proc
05-12 01:07:10.205  1000  1406  1539 D CompatibilityChangeReporter: Compat change id reported: 218533173; UID 10084; state: ENABLED
05-12 01:07:10.206  1000  1406  1539 D CompatibilityChangeReporter: Compat change id reported: 171306433; UID 10136; state: ENABLED
05-12 01:07:10.206  1000  1406  1539 D CompatibilityChangeReporter: Compat change id reported: 226439802; UID 10136; state: DISABLED
05-12 01:07:10.206  1000  1406  1539 D CompatibilityChangeReporter: Compat change id reported: 218533173; UID 10125; state: ENABLED
05-12 01:07:10.206  1000  1406  1539 D CompatibilityChangeReporter: Compat change id reported: 218533173; UID 10093; state: ENABLED
05-12 01:07:10.206  1000  1406  1539 D CompatibilityChangeReporter: Compat change id reported: 218533173; UID 10057; state: ENABLED
05-12 01:07:10.207  1000  1406  1406 I ConnectivityModuleConnector: Networking module service connected
05-12 01:07:10.208  1000  1406  1429 D CompatibilityChangeReporter: Compat change id reported: 168419799; UID 1068; state: DISABLED
05-12 01:07:10.208  1000  1406  1429 D CompatibilityChangeReporter: Compat change id reported: 273564678; UID 1068; state: DISABLED
05-12 01:07:10.210  1000  1406  1406 I ConnectivityModuleConnector: Networking module service connected
05-12 01:07:10.212  1000  1406  1406 I MR2ServiceImpl: addProviderRoutes | provider: com.android.server.media/.SystemMediaRoute2Provider, routes: [DEVICE_ROUTE | Phone]
05-12 01:07:10.213  1000  1406  1539 D CompatibilityChangeReporter: Compat change id reported: 218533173; UID 10170; state: ENABLED
05-12 01:07:10.213  1000  1406  1539 D CompatibilityChangeReporter: Compat change id reported: 171306433; UID 10204; state: ENABLED
05-12 01:07:10.213  1000  1406  1539 D CompatibilityChangeReporter: Compat change id reported: 226439802; UID 10204; state: DISABLED
05-12 01:07:10.214  1000  1406  1406 W ActivityManager: Unbind failed: could not find connection for android.app.LoadedApk$ServiceDispatcher$InnerConnection@5f045d3
05-12 01:07:10.214  1000  1406  1406 W ActivityManager: Unbind failed: could not find connection for android.app.LoadedApk$ServiceDispatcher$InnerConnection@2efa809
05-12 01:07:10.214  1000  1406  1406 W ActivityManager: Unbind failed: could not find connection for android.app.LoadedApk$ServiceDispatcher$InnerConnection@5337a0e
05-12 01:07:10.214  1000  1406  1406 W ActivityManager: Unbind failed: could not find connection for android.app.LoadedApk$ServiceDispatcher$InnerConnection@aef6c2f
05-12 01:07:10.214  1000  1406  1406 D WallpaperManagerService: WPMS.onServiceConnected-ComponentInfo{com.android.systemui/com.android.systemui.wallpapers.ImageWallpaper}
05-12 01:07:10.214  1000  1406  1406 D WallpaperManagerService: WPMS.attachServiceLocked
05-12 01:07:10.214  1000  1406  1406 D WallpaperManagerService: WPMS.connectLocked-ComponentInfo{com.android.systemui/com.android.systemui.wallpapers.ImageWallpaper}
05-12 01:07:10.214  1000  1406  1406 D WallpaperManagerService: WPMS.saveSettingsLocked-0
05-12 01:07:10.215  1000  1406  1553 W CameraService_proxy: Could not notify cameraserver, camera service not available.
05-12 01:07:10.215  1000  1406  1553 I CameraService_proxy: Could not notify camera service of user switch, retrying...
05-12 01:07:10.217  1000  1406  2096 D CompatibilityChangeReporter: Compat change id reported: 161145287; UID 1068; state: DISABLED
05-12 01:07:10.217  1000  1406  1406 D WallpaperManagerService: WPMS.onServiceConnected-ComponentInfo{com.android.systemui/com.android.systemui.wallpapers.ImageWallpaper}
05-12 01:07:10.217  1000  1406  1406 D WallpaperManagerService: WPMS.attachServiceLocked
05-12 01:07:10.219  1000  1406  2096 D CompatibilityChangeReporter: Compat change id reported: 168419799; UID 10128; state: DISABLED
05-12 01:07:10.219  1000  1406  2096 D CompatibilityChangeReporter: Compat change id reported: 273564678; UID 10128; state: DISABLED
05-12 01:07:10.224  1000  1406  1473 W ActivityManager: Slow operation: 276ms so far, now at startProcess: returned from zygote!
05-12 01:07:10.224  1000  1406  1473 W ActivityManager: Slow operation: 276ms so far, now at startProcess: done updating battery stats
05-12 01:07:10.224  1000  1406  1473 I Watchdog: Interesting Java process com.android.phone started. Pid 2131
05-12 01:07:10.224  1000  1406  1473 W ActivityManager: Slow operation: 276ms so far, now at startProcess: building log message
05-12 01:07:10.224  1000  1406  1473 I ActivityManager: Start proc 2131:com.android.phone/1001 for added application com.android.phone
05-12 01:07:10.224  1000  1406  1473 W ActivityManager: Slow operation: 276ms so far, now at startProcess: starting to update pids map
05-12 01:07:10.224  1000  1406  1473 W ActivityManager: Slow operation: 276ms so far, now at startProcess: done updating pids map
05-12 01:07:10.224  1000  1406  1473 W ActivityManager: Slow operation: 125ms so far, now at startProcess: asking zygote to start proc
05-12 01:07:10.225  1000  1406  1468 D CompatibilityChangeReporter: Compat change id reported: 168419799; UID 10199; state: DISABLED
05-12 01:07:10.225  1000  1406  1468 D CompatibilityChangeReporter: Compat change id reported: 273564678; UID 10199; state: DISABLED
05-12 01:07:10.226  1000  1406  1539 D CompatibilityChangeReporter: Compat change id reported: 218533173; UID 10144; state: ENABLED
05-12 01:07:10.227  1000  1406  1539 D CompatibilityChangeReporter: Compat change id reported: 218533173; UID 10076; state: ENABLED
05-12 01:07:10.228  1000  1406  1539 D CompatibilityChangeReporter: Compat change id reported: 218533173; UID 10064; state: ENABLED
05-12 01:07:10.228  1000  1406  1539 D CompatibilityChangeReporter: Compat change id reported: 218533173; UID 10187; state: ENABLED
05-12 01:07:10.228  1000  1406  1539 D CompatibilityChangeReporter: Compat change id reported: 171306433; UID 10174; state: ENABLED
05-12 01:07:10.228  1000  1406  1539 D CompatibilityChangeReporter: Compat change id reported: 226439802; UID 10174; state: DISABLED
05-12 01:07:10.229  1000  1406  1539 D CompatibilityChangeReporter: Compat change id reported: 218533173; UID 10118; state: ENABLED
05-12 01:07:10.229  1000  1406  1539 D CompatibilityChangeReporter: Compat change id reported: 218533173; UID 10036; state: ENABLED
05-12 01:07:10.230  1000  1406  1539 D CompatibilityChangeReporter: Compat change id reported: 218533173; UID 10183; state: ENABLED
05-12 01:07:10.231  1000  1406  1539 D CompatibilityChangeReporter: Compat change id reported: 218533173; UID 10179; state: ENABLED
05-12 01:07:10.232  1000  1406  1429 D CompatibilityChangeReporter: Compat change id reported: 168419799; UID 10213; state: DISABLED
05-12 01:07:10.232  1000  1406  1539 D CompatibilityChangeReporter: Compat change id reported: 218533173; UID 10079; state: ENABLED
05-12 01:07:10.232  1000  1406  1429 D CompatibilityChangeReporter: Compat change id reported: 273564678; UID 10213; state: DISABLED
05-12 01:07:10.234  1000  1406  1539 D CompatibilityChangeReporter: Compat change id reported: 218533173; UID 10185; state: ENABLED
05-12 01:07:10.235  1000  1406  1553 W CameraService_proxy: Could not notify cameraserver, camera service not available.
05-12 01:07:10.235  1000  1406  1553 I CameraService_proxy: Could not notify camera service of user switch, retrying...
05-12 01:07:10.239  1000  1406  1539 D CompatibilityChangeReporter: Compat change id reported: 218533173; UID 10132; state: ENABLED
05-12 01:07:10.240  1000  1406  1473 W ActivityManager: Slow operation: 141ms so far, now at startProcess: returned from zygote!
05-12 01:07:10.240  1000  1406  1473 W ActivityManager: Slow operation: 141ms so far, now at startProcess: done updating battery stats
05-12 01:07:10.240  1000  1406  1473 W ActivityManager: Slow operation: 141ms so far, now at startProcess: building log message
05-12 01:07:10.240  1000  1406  1473 I ActivityManager: Start proc 2147:com.android.settings/1000 for top-activity {com.android.settings/com.android.settings.FallbackHome}
05-12 01:07:10.240  1000  1406  1473 W ActivityManager: Slow operation: 141ms so far, now at startProcess: starting to update pids map
05-12 01:07:10.241  1000  1406  1473 W ActivityManager: Slow operation: 142ms so far, now at startProcess: done updating pids map
05-12 01:07:10.241  1000  1406  1473 W ActivityManager: Slow operation: 136ms so far, now at startProcess: asking zygote to start proc
05-12 01:07:10.241  1000  1406  1473 D CompatibilityChangeReporter: Compat change id reported: 143937733; UID 10222; state: ENABLED
05-12 01:07:10.242  1000  1406  1429 D CompatibilityChangeReporter: Compat change id reported: 168419799; UID 1001; state: DISABLED
05-12 01:07:10.242  1000  1406  1429 D CompatibilityChangeReporter: Compat change id reported: 273564678; UID 1001; state: DISABLED
05-12 01:07:10.243  1000  1406  1539 D CompatibilityChangeReporter: Compat change id reported: 218533173; UID 10192; state: ENABLED
05-12 01:07:10.245  1000  1406  1539 D CompatibilityChangeReporter: Compat change id reported: 218533173; UID 10042; state: ENABLED
05-12 01:07:10.247  1000  1406  1539 D CompatibilityChangeReporter: Compat change id reported: 218533173; UID 10011; state: ENABLED
05-12 01:07:10.248  1000  1406  1473 W ActivityManager: Slow operation: 143ms so far, now at startProcess: returned from zygote!
05-12 01:07:10.248  1000  1406  1473 W ActivityManager: Slow operation: 143ms so far, now at startProcess: done updating battery stats
05-12 01:07:10.248  1000  1406  1473 W ActivityManager: Slow operation: 143ms so far, now at startProcess: building log message
05-12 01:07:10.248  1000  1406  1473 I ActivityManager: Start proc 2157:com.google.android.apps.nexuslauncher/u0a222 for service {com.google.android.apps.nexuslauncher/com.android.quickstep.TouchInteractionService}
05-12 01:07:10.248  1000  1406  1473 W ActivityManager: Slow operation: 143ms so far, now at startProcess: starting to update pids map
05-12 01:07:10.248  1000  1406  1473 W ActivityManager: Slow operation: 143ms so far, now at startProcess: done updating pids map
05-12 01:07:10.248  1000  1406  1473 W ActivityManager: Slow operation: 137ms so far, now at startProcess: asking zygote to start proc
05-12 01:07:10.248  1000  1406  1473 D CompatibilityChangeReporter: Compat change id reported: 143937733; UID 10229; state: ENABLED
05-12 01:07:10.254  1000  1406  1473 W ActivityManager: Slow operation: 143ms so far, now at startProcess: returned from zygote!
05-12 01:07:10.254  1000  1406  1473 W ActivityManager: Slow operation: 143ms so far, now at startProcess: done updating battery stats
05-12 01:07:10.254  1000  1406  1473 W ActivityManager: Slow operation: 143ms so far, now at startProcess: building log message
05-12 01:07:10.254  1000  1406  1473 I ActivityManager: Start proc 2168:com.google.android.ext.services/u0a229 for service {com.google.android.ext.services/android.ext.services.autofill.InlineSuggestionRenderServiceImpl}
05-12 01:07:10.255  1000  1406  1473 W ActivityManager: Slow operation: 143ms so far, now at startProcess: starting to update pids map
05-12 01:07:10.255  1000  1406  1473 W ActivityManager: Slow operation: 144ms so far, now at startProcess: done updating pids map
05-12 01:07:10.257  1000  1406  1553 W CameraService_proxy: Could not notify cameraserver, camera service not available.
05-12 01:07:10.257  1000  1406  1553 I CameraService_proxy: Could not notify camera service of user switch, retrying...
05-12 01:07:10.267  1000  1406  1539 D CompatibilityChangeReporter: Compat change id reported: 218533173; UID 10169; state: ENABLED
05-12 01:07:10.268  1000  1406  1539 D CompatibilityChangeReporter: Compat change id reported: 218533173; UID 10195; state: ENABLED
05-12 01:07:10.268  1000  1406  1539 D CompatibilityChangeReporter: Compat change id reported: 218533173; UID 10054; state: ENABLED
05-12 01:07:10.269  1000  1406  1539 D CompatibilityChangeReporter: Compat change id reported: 218533173; UID 10077; state: ENABLED
05-12 01:07:10.269  1000  1406  1539 D CompatibilityChangeReporter: Compat change id reported: 218533173; UID 10193; state: DISABLED
05-12 01:07:10.269  1000  1406  1539 D CompatibilityChangeReporter: Compat change id reported: 218533173; UID 10137; state: ENABLED
05-12 01:07:10.269  1000  1406  1468 D CompatibilityChangeReporter: Compat change id reported: 168419799; UID 10199; state: DISABLED
05-12 01:07:10.270  1000  1406  1468 D CompatibilityChangeReporter: Compat change id reported: 273564678; UID 10199; state: DISABLED
05-12 01:07:10.270  1000  1406  1539 D CompatibilityChangeReporter: Compat change id reported: 218533173; UID 10127; state: ENABLED
05-12 01:07:10.273  1000  1406  1468 D CompatibilityChangeReporter: Compat change id reported: 161145287; UID 10199; state: DISABLED
05-12 01:07:10.274  1000  1406  1539 D CompatibilityChangeReporter: Compat change id reported: 218533173; UID 10072; state: ENABLED
05-12 01:07:10.275  1000  1406  1642 D CompatibilityChangeReporter: Compat change id reported: 182478738; UID 10199; state: ENABLED
05-12 01:07:10.276  1000  1406  1911 D CompatibilityChangeReporter: Compat change id reported: 168419799; UID 10222; state: DISABLED
05-12 01:07:10.276  1000  1406  1911 D CompatibilityChangeReporter: Compat change id reported: 273564678; UID 10222; state: DISABLED
05-12 01:07:10.276  1000  1406  1539 D CompatibilityChangeReporter: Compat change id reported: 218533173; UID 10197; state: ENABLED
05-12 01:07:10.276  1000  1406  1539 D CompatibilityChangeReporter: Compat change id reported: 218533173; UID 10012; state: ENABLED
05-12 01:07:10.276  1000  1406  1539 D CompatibilityChangeReporter: Compat change id reported: 218533173; UID 10074; state: ENABLED
05-12 01:07:10.276  1000  1406  1539 D CompatibilityChangeReporter: Compat change id reported: 218533173; UID 10157; state: ENABLED
05-12 01:07:10.277  1000  1406  1539 D CompatibilityChangeReporter: Compat change id reported: 218533173; UID 10163; state: ENABLED
05-12 01:07:10.277  1000  1406  1911 D CompatibilityChangeReporter: Compat change id reported: 181136395; UID 1000; state: DISABLED
05-12 01:07:10.277  1000  1406  1911 D CompatibilityChangeReporter: Compat change id reported: 174042936; UID 1000; state: DISABLED
05-12 01:07:10.277  1000  1406  1539 D CompatibilityChangeReporter: Compat change id reported: 218533173; UID 10087; state: ENABLED
05-12 01:07:10.277  1000  1406  1911 D CompatibilityChangeReporter: Compat change id reported: 174042980; UID 1000; state: DISABLED
05-12 01:07:10.277  1000  1406  1539 D CompatibilityChangeReporter: Compat change id reported: 218533173; UID 10035; state: ENABLED
05-12 01:07:10.277  1000  1406  1539 D CompatibilityChangeReporter: Compat change id reported: 218533173; UID 10167; state: ENABLED
05-12 01:07:10.278  1000  1406  1539 D CompatibilityChangeReporter: Compat change id reported: 218533173; UID 10191; state: DISABLED
05-12 01:07:10.278  1000  1406  1539 D CompatibilityChangeReporter: Compat change id reported: 218533173; UID 10032; state: ENABLED
05-12 01:07:10.278  1000  1406  1642 D CompatibilityChangeReporter: Compat change id reported: 168419799; UID 10229; state: DISABLED
05-12 01:07:10.278  1000  1406  1642 D CompatibilityChangeReporter: Compat change id reported: 273564678; UID 10229; state: DISABLED
05-12 01:07:10.279  1000  1406  1539 D CompatibilityChangeReporter: Compat change id reported: 218533173; UID 10129; state: ENABLED
05-12 01:07:10.279  1000  1406  1539 D CompatibilityChangeReporter: Compat change id reported: 218533173; UID 10222; state: ENABLED
05-12 01:07:10.280  1000  1406  1553 W CameraService_proxy: Could not notify cameraserver, camera service not available.
05-12 01:07:10.280  1000  1406  1553 I CameraService_proxy: Could not notify camera service of user switch, retrying...
